fsl_clock.c:202:6:CLOCK_FllStableDelay	8	static
fsl_clock.c:1065:10:CLOCK_SetFeiMode.constprop	24	static
fsl_clock.c:335:10:CLOCK_GetOsc0ErClkFreq	8	static
fsl_clock.c:349:10:CLOCK_GetEr32kClkFreq	8	static
fsl_clock.c:373:10:CLOCK_GetPllFllSelClkFreq	16	static
fsl_clock.c:471:6:CLOCK_SetSimConfig	12	static
fsl_clock.c:478:6:CLOCK_EnableUsbfs0Clock	12	static
fsl_clock.c:529:10:CLOCK_GetFllFreq	8	static
fsl_clock.c:503:10:CLOCK_GetOutClkFreq	16	static
fsl_clock.c:394:10:CLOCK_GetPlatClkFreq	16	static
fsl_clock.c:399:10:CLOCK_GetFlashClkFreq	16	static
fsl_clock.c:419:10:CLOCK_GetCoreSysClkFreq	16	static
fsl_clock.c:409:10:CLOCK_GetBusClkFreq	16	static
fsl_clock.c:555:10:CLOCK_GetInternalRefClkFreq	0	static
fsl_clock.c:566:10:CLOCK_GetFixedFreqClkFreq	16	static
fsl_clock.c:424:10:CLOCK_GetFreq	16	static
fsl_clock.c:581:10:CLOCK_GetPll0Freq	16	static
fsl_clock.c:605:10:CLOCK_SetExternalRefClkConfig	0	static
fsl_clock.c:613:10:CLOCK_SetInternalRefClkConfig	16	static
fsl_clock.c:661:10:CLOCK_CalcPllDiv	56	static
fsl_clock.c:758:6:CLOCK_EnablePll0	8	static
fsl_clock.c:778:6:CLOCK_SetOsc0MonitorMode	0	static
fsl_clock.c:801:6:CLOCK_SetPll0MonitorMode	0	static
fsl_clock.c:829:10:CLOCK_GetStatusFlags	0	static
fsl_clock.c:853:6:CLOCK_ClearStatusFlags	0	static
fsl_clock.c:865:6:CLOCK_InitOsc0	12	static
fsl_clock.c:883:6:CLOCK_DeinitOsc0	0	static
fsl_clock.c:889:10:CLOCK_TrimInternalRefClk	24	static
fsl_clock.c:965:12:CLOCK_GetMode	12	static
fsl_clock.c:1065:10:CLOCK_SetFeiMode	24	static
fsl_clock.c:1125:10:CLOCK_SetFeeMode	24	static
fsl_clock.c:1202:10:CLOCK_SetFbiMode	24	static
fsl_clock.c:1266:10:CLOCK_SetFbeMode	24	static
fsl_clock.c:1348:10:CLOCK_SetBlpiMode	0	static
fsl_clock.c:1363:10:CLOCK_SetBlpeMode	0	static
fsl_clock.c:1378:10:CLOCK_SetPbeMode	8	static
fsl_clock.c:1419:10:CLOCK_SetPeeMode	0	static
fsl_clock.c:1440:10:CLOCK_ExternalModeToFbeModeQuick	0	static
fsl_clock.c:1466:10:CLOCK_InternalModeToFbiModeQuick	0	static
fsl_clock.c:1486:10:CLOCK_BootToFeiMode	8	static
fsl_clock.c:1491:10:CLOCK_BootToFeeMode	8	static
fsl_clock.c:1499:10:CLOCK_BootToBlpiMode	8	static
fsl_clock.c:1516:10:CLOCK_BootToBlpeMode	0	static
fsl_clock.c:1547:10:CLOCK_BootToPeeMode	8	static
fsl_clock.c:1593:10:CLOCK_SetMcgConfig	56	static
