fsl_i2c.c:1490:6:I2C_SlaveTransferHandleIRQ	32	static
fsl_i2c.c:1159:6:I2C_MasterTransferHandleIRQ	24	static
fsl_i2c.c:168:10:I2C_GetInstance	8	static
fsl_i2c.c:472:6:I2C_MasterInit	48	static
fsl_i2c.c:534:6:I2C_MasterDeinit	8	static
fsl_i2c.c:545:6:I2C_MasterGetDefaultConfig	8	static
fsl_i2c.c:569:6:I2C_EnableInterrupts	0	static
fsl_i2c.c:609:6:I2C_DisableInterrupts	0	static
fsl_i2c.c:631:6:I2C_MasterSetBaudRate	48	static
fsl_i2c.c:673:10:I2C_MasterStart	8	static
fsl_i2c.c:700:10:I2C_MasterRepeatedStart	12	static
fsl_i2c.c:741:10:I2C_MasterStop	0	static
fsl_i2c.c:762:10:I2C_MasterGetStatusFlags	0	static
fsl_i2c.c:785:10:I2C_MasterWriteBlocking	20	static
fsl_i2c.c:848:10:I2C_MasterReadBlocking	24	static
fsl_i2c.c:915:10:I2C_MasterTransferBlocking	32	static
fsl_i2c.c:1055:6:I2C_MasterTransferCreateHandle	24	static
fsl_i2c.c:1081:10:I2C_MasterTransferNonBlocking	24	static
fsl_i2c.c:1108:6:I2C_MasterTransferAbort	24	static
fsl_i2c.c:1145:10:I2C_MasterTransferGetCount	8	static
fsl_i2c.c:1203:6:I2C_SlaveInit	48	static
fsl_i2c.c:1265:6:I2C_SlaveDeinit	8	static
fsl_i2c.c:1276:6:I2C_SlaveGetDefaultConfig	8	static
fsl_i2c.c:1304:10:I2C_SlaveWriteBlocking	24	static
fsl_i2c.c:1342:6:I2C_SlaveReadBlocking	24	static
fsl_i2c.c:1392:6:I2C_SlaveTransferCreateHandle	24	static
fsl_i2c.c:1418:10:I2C_SlaveTransferNonBlocking	24	static
fsl_i2c.c:1451:6:I2C_SlaveTransferAbort	8	static
fsl_i2c.c:1468:10:I2C_SlaveTransferGetCount	8	static
fsl_i2c.c:1732:6:I2C0_DriverIRQHandler	8	static
fsl_i2c.c:1739:6:I2C1_DriverIRQHandler	8	static
