core_cm0plus.h:745:22:NVIC_EnableIRQ	16	static
fsl_clock.h:584:20:CLOCK_EnableClock	24	static
fsl_clock.h:595:20:CLOCK_DisableClock	24	static
fsl_common.h:212:20:EnableIRQ	16	static
fsl_dma.h:361:20:DMA_EnableInterrupts	16	static
fsl_dma.h:471:20:DMA_ClearChannelStatusFlags	24	static
fsl_dma.c:69:17:DMA_GetInstance	24	static
fsl_dma.c:87:6:DMA_Init	16	static
fsl_dma.c:94:6:DMA_Deinit	16	static
fsl_dma.c:101:6:DMA_ResetChannel	16	static
fsl_dma.c:115:6:DMA_SetTransferConfig	32	static
fsl_dma.c:136:6:DMA_SetChannelLinkConfig	32	static
fsl_dma.c:149:6:DMA_SetModulo	32	static
fsl_dma.c:161:6:DMA_CreateHandle	32	static
fsl_dma.c:183:6:DMA_PrepareTransfer	24	static
fsl_dma.c:247:6:DMA_SetCallback	24	static
fsl_dma.c:255:10:DMA_SubmitTransfer	24	static
fsl_dma.c:274:6:DMA_AbortTransfer	16	static
fsl_dma.c:283:6:DMA_HandleIRQ	16	static
fsl_dma.c:296:6:DMA0_DriverIRQHandler	8	static
fsl_dma.c:301:6:DMA1_DriverIRQHandler	8	static
fsl_dma.c:306:6:DMA2_DriverIRQHandler	8	static
fsl_dma.c:311:6:DMA3_DriverIRQHandler	8	static
