fsl_dma.c:87:6:DMA_Init	8	static
fsl_dma.c:94:6:DMA_Deinit	8	static
fsl_dma.c:101:6:DMA_ResetChannel	8	static
fsl_dma.c:115:6:DMA_SetTransferConfig	8	static
fsl_dma.c:136:6:DMA_SetChannelLinkConfig	8	static
fsl_dma.c:149:6:DMA_SetModulo	8	static
fsl_dma.c:161:6:DMA_CreateHandle	16	static
fsl_dma.c:183:6:DMA_PrepareTransfer	16	static
fsl_dma.c:247:6:DMA_SetCallback	8	static
fsl_dma.c:255:10:DMA_SubmitTransfer	24	static
fsl_dma.c:274:6:DMA_AbortTransfer	8	static
fsl_dma.c:283:6:DMA_HandleIRQ	8	static
fsl_dma.c:296:6:DMA0_DriverIRQHandler	8	static
fsl_dma.c:301:6:DMA1_DriverIRQHandler	8	static
fsl_dma.c:306:6:DMA2_DriverIRQHandler	8	static
fsl_dma.c:311:6:DMA3_DriverIRQHandler	8	static
