Archive member included to satisfy reference by file (symbol)

/usr/local/mcuxpressoide-11.2.0_4120/ide/plugins/com.nxp.mcuxpresso.tools.linux_11.2.0.202001021529/tools/bin/../lib/gcc/arm-none-eabi/9.2.1/../../../../arm-none-eabi/lib/thumb/v6-m/nofp/libcr_nohost_nf.a(_cr__main.o)
                              ./startup/startup_mkl25z4.o (__main)
/usr/local/mcuxpressoide-11.2.0_4120/ide/plugins/com.nxp.mcuxpresso.tools.linux_11.2.0.202001021529/tools/bin/../lib/gcc/arm-none-eabi/9.2.1/../../../../arm-none-eabi/lib/thumb/v6-m/nofp/libcr_c.a(memcpy.o)
                              ./drivers/fsl_flash.o (memcpy)
/usr/local/mcuxpressoide-11.2.0_4120/ide/plugins/com.nxp.mcuxpresso.tools.linux_11.2.0.202001021529/tools/bin/../lib/gcc/arm-none-eabi/9.2.1/../../../../arm-none-eabi/lib/thumb/v6-m/nofp/libcr_c.a(memset.o)
                              ./drivers/fsl_dma.o (memset)
/usr/local/mcuxpressoide-11.2.0_4120/ide/plugins/com.nxp.mcuxpresso.tools.linux_11.2.0.202001021529/tools/bin/../lib/gcc/arm-none-eabi/9.2.1/../../../../arm-none-eabi/lib/thumb/v6-m/nofp/libcr_c.a(atan2.o)
                              ./source/mma8451q.o (atan2)
/usr/local/mcuxpressoide-11.2.0_4120/ide/plugins/com.nxp.mcuxpresso.tools.linux_11.2.0.202001021529/tools/bin/../lib/gcc/arm-none-eabi/9.2.1/../../../../arm-none-eabi/lib/thumb/v6-m/nofp/libcr_c.a(errno.o)
                              /usr/local/mcuxpressoide-11.2.0_4120/ide/plugins/com.nxp.mcuxpresso.tools.linux_11.2.0.202001021529/tools/bin/../lib/gcc/arm-none-eabi/9.2.1/../../../../arm-none-eabi/lib/thumb/v6-m/nofp/libcr_c.a(atan2.o) (errno)
/usr/local/mcuxpressoide-11.2.0_4120/ide/plugins/com.nxp.mcuxpresso.tools.linux_11.2.0.202001021529/tools/bin/../lib/gcc/arm-none-eabi/9.2.1/../../../../arm-none-eabi/lib/thumb/v6-m/nofp/libcr_c.a(fabs.o)
                              /usr/local/mcuxpressoide-11.2.0_4120/ide/plugins/com.nxp.mcuxpresso.tools.linux_11.2.0.202001021529/tools/bin/../lib/gcc/arm-none-eabi/9.2.1/../../../../arm-none-eabi/lib/thumb/v6-m/nofp/libcr_c.a(atan2.o) (fabs)
/usr/local/mcuxpressoide-11.2.0_4120/ide/plugins/com.nxp.mcuxpresso.tools.linux_11.2.0.202001021529/tools/bin/../lib/gcc/arm-none-eabi/9.2.1/../../../../arm-none-eabi/lib/thumb/v6-m/nofp/libcr_c.a(initio.o)
                              /usr/local/mcuxpressoide-11.2.0_4120/ide/plugins/com.nxp.mcuxpresso.tools.linux_11.2.0.202001021529/tools/bin/../lib/gcc/arm-none-eabi/9.2.1/../../../../arm-none-eabi/lib/thumb/v6-m/nofp/libcr_nohost_nf.a(_cr__main.o) (_initio)
/usr/local/mcuxpressoide-11.2.0_4120/ide/plugins/com.nxp.mcuxpresso.tools.linux_11.2.0.202001021529/tools/bin/../lib/gcc/arm-none-eabi/9.2.1/../../../../arm-none-eabi/lib/thumb/v6-m/nofp/libcr_c.a(setvbuf.o)
                              /usr/local/mcuxpressoide-11.2.0_4120/ide/plugins/com.nxp.mcuxpresso.tools.linux_11.2.0.202001021529/tools/bin/../lib/gcc/arm-none-eabi/9.2.1/../../../../arm-none-eabi/lib/thumb/v6-m/nofp/libcr_c.a(initio.o) (setvbuf)
/usr/local/mcuxpressoide-11.2.0_4120/ide/plugins/com.nxp.mcuxpresso.tools.linux_11.2.0.202001021529/tools/bin/../lib/gcc/arm-none-eabi/9.2.1/../../../../arm-none-eabi/lib/thumb/v6-m/nofp/libcr_c.a(sqrt.o)
                              ./source/mma8451q.o (sqrt)
/usr/local/mcuxpressoide-11.2.0_4120/ide/plugins/com.nxp.mcuxpresso.tools.linux_11.2.0.202001021529/tools/bin/../lib/gcc/arm-none-eabi/9.2.1/../../../../arm-none-eabi/lib/thumb/v6-m/nofp/libcr_c.a(strlen.o)
                              ./utilities/fsl_debug_console.o (strlen)
/usr/local/mcuxpressoide-11.2.0_4120/ide/plugins/com.nxp.mcuxpresso.tools.linux_11.2.0.202001021529/tools/bin/../lib/gcc/arm-none-eabi/9.2.1/../../../../arm-none-eabi/lib/thumb/v6-m/nofp/libcr_c.a(_fdopen.o)
                              /usr/local/mcuxpressoide-11.2.0_4120/ide/plugins/com.nxp.mcuxpresso.tools.linux_11.2.0.202001021529/tools/bin/../lib/gcc/arm-none-eabi/9.2.1/../../../../arm-none-eabi/lib/thumb/v6-m/nofp/libcr_c.a(initio.o) (_fdopen)
/usr/local/mcuxpressoide-11.2.0_4120/ide/plugins/com.nxp.mcuxpresso.tools.linux_11.2.0.202001021529/tools/bin/../lib/gcc/arm-none-eabi/9.2.1/../../../../arm-none-eabi/lib/thumb/v6-m/nofp/libcr_c.a(atan.o)
                              /usr/local/mcuxpressoide-11.2.0_4120/ide/plugins/com.nxp.mcuxpresso.tools.linux_11.2.0.202001021529/tools/bin/../lib/gcc/arm-none-eabi/9.2.1/../../../../arm-none-eabi/lib/thumb/v6-m/nofp/libcr_c.a(atan2.o) (atan)
/usr/local/mcuxpressoide-11.2.0_4120/ide/plugins/com.nxp.mcuxpresso.tools.linux_11.2.0.202001021529/tools/bin/../lib/gcc/arm-none-eabi/9.2.1/../../../../arm-none-eabi/lib/thumb/v6-m/nofp/libcr_c.a(fclose.o)
                              /usr/local/mcuxpressoide-11.2.0_4120/ide/plugins/com.nxp.mcuxpresso.tools.linux_11.2.0.202001021529/tools/bin/../lib/gcc/arm-none-eabi/9.2.1/../../../../arm-none-eabi/lib/thumb/v6-m/nofp/libcr_c.a(initio.o) (fclose)
[...]
Memory Configuration

Name             Origin             Length             Attributes
PROGRAM_FLASH    0x0000000000000000 0x0000000000020000 xr
SRAM             0x000000001ffff000 0x0000000000004000 xrw
*default*        0x0000000000000000 0xffffffffffffffff

Linker script and memory map

LOAD ./utilities/fsl_debug_console.o
LOAD ./startup/startup_mkl25z4.o
LOAD ./source/buffer.o
LOAD ./source/clock.o
LOAD ./source/i2c.o
LOAD ./source/i2carbiter.o
LOAD ./source/init_sensors.o
LOAD ./source/led.o
LOAD ./source/main.o
LOAD ./source/mma8451q.o
LOAD ./source/mtb.o
LOAD ./source/semihost_hardfault.o
LOAD ./source/statemachine.o
LOAD ./source/sysclock.o
LOAD ./source/systick.o
LOAD ./drivers/fsl_clock.o
LOAD ./drivers/fsl_common.o
LOAD ./drivers/fsl_dma.o
LOAD ./drivers/fsl_dmamux.o
LOAD ./drivers/fsl_flash.o
LOAD ./drivers/fsl_gpio.o
LOAD ./drivers/fsl_i2c.o
LOAD ./drivers/fsl_i2c_dma.o
LOAD ./drivers/fsl_lpsci.o
LOAD ./drivers/fsl_lpsci_dma.o
LOAD ./drivers/fsl_smc.o
LOAD ./drivers/fsl_tpm.o
LOAD ./drivers/fsl_uart.o
LOAD ./drivers/fsl_uart_dma.o
LOAD ./board/board.o
LOAD ./board/clock_config.o
LOAD ./board/peripherals.o
LOAD ./board/pin_mux.o
LOAD ./CMSIS/system_MKL25Z4.o
START GROUP
LOAD /usr/local/mcuxpressoide-11.2.0_4120/ide/plugins/com.nxp.mcuxpresso.tools.linux_11.2.0.202001021529/tools/bin/../lib/gcc/arm-none-eabi/9.2.1/../../../../arm-none-eabi/lib/thumb/v6-m/nofp/libcr_nohost_nf.a
LOAD /usr/local/mcuxpressoide-11.2.0_4120/ide/plugins/com.nxp.mcuxpresso.tools.linux_11.2.0.202001021529/tools/bin/../lib/gcc/arm-none-eabi/9.2.1/../../../../arm-none-eabi/lib/thumb/v6-m/nofp/libcr_c.a
LOAD /usr/local/mcuxpressoide-11.2.0_4120/ide/plugins/com.nxp.mcuxpresso.tools.linux_11.2.0.202001021529/tools/bin/../lib/gcc/arm-none-eabi/9.2.1/thumb/v6-m/nofp/libcr_eabihelpers.a
LOAD /usr/local/mcuxpressoide-11.2.0_4120/ide/plugins/com.nxp.mcuxpresso.tools.linux_11.2.0.202001021529/tools/bin/../lib/gcc/arm-none-eabi/9.2.1/thumb/v6-m/nofp/libgcc.a
END GROUP
                0x0000000000000000                __base_PROGRAM_FLASH = 0x0
                0x0000000000000000                __base_Flash = 0x0
                0x0000000000020000                __top_PROGRAM_FLASH = 0x20000
                0x0000000000020000                __top_Flash = 0x20000
                0x000000001ffff000                __base_SRAM = 0x1ffff000
                0x000000001ffff000                __base_RAM = 0x1ffff000
                0x0000000020003000                __top_SRAM = 0x20003000
                0x0000000020003000                __top_RAM = 0x20003000

.text           0x0000000000000000     0x57d4
 FILL mask 0xff
                0x0000000000000000                __vectors_start__ = ABSOLUTE (.)
 *(SORT_BY_ALIGNMENT(.isr_vector))
 .isr_vector    0x0000000000000000       0xc0 ./startup/startup_mkl25z4.o
                0x0000000000000000                __Vectors
                0x0000000000000000                g_pfnVectors
                0x00000000000000c0                . = ALIGN (0x4)
                0x00000000000000c0                __section_table_start = .
                0x00000000000000c0                __data_section_table = .
                0x00000000000000c0        0x4 LONG 0x57d4 LOADADDR (.data)
                0x00000000000000c4        0x4 LONG 0x1ffff080 ADDR (.data)
                0x00000000000000c8        0x4 LONG 0x8 SIZEOF (.data)
                0x00000000000000cc                __data_section_table_end = .
                0x00000000000000cc                __bss_section_table = .
                0x00000000000000cc        0x4 LONG 0x1ffff088 ADDR (.bss)
                0x00000000000000d0        0x4 LONG 0x174 SIZEOF (.bss)
                0x00000000000000d4                __bss_section_table_end = .
                0x00000000000000d4                __section_table_end = .
 *(SORT_BY_ALIGNMENT(.after_vectors*))
 .after_vectors.reset
                0x00000000000000d4       0x4c ./startup/startup_mkl25z4.o
                0x00000000000000d4                ResetISR
 .after_vectors.init_data
                0x0000000000000120       0x12 ./startup/startup_mkl25z4.o
                0x0000000000000120                data_init
 .after_vectors.init_bss
                0x0000000000000132       0x10 ./startup/startup_mkl25z4.o
                0x0000000000000132                bss_init
 .after_vectors
                0x0000000000000142      0x10c ./startup/startup_mkl25z4.o
                0x0000000000000142                NMI_Handler
                0x0000000000000146                SVC_Handler
                0x0000000000000148                PendSV_Handler
                0x000000000000014c                PIT_DriverIRQHandler
                0x000000000000014c                Reserved39_DriverIRQHandler
                0x000000000000014c                SPI1_DriverIRQHandler
                0x000000000000014c                LPTMR0_DriverIRQHandler
                0x000000000000014c                TPM2_DriverIRQHandler
                0x000000000000014c                TSI0_DriverIRQHandler
                0x000000000000014c                RTC_Seconds_DriverIRQHandler
                0x000000000000014c                LLWU_DriverIRQHandler
                0x000000000000014c                MCG_DriverIRQHandler
                0x000000000000014c                FTFA_DriverIRQHandler
                0x000000000000014c                IntDefaultHandler
                0x000000000000014c                USB0_DriverIRQHandler
                0x000000000000014c                DAC0_DriverIRQHandler
                0x000000000000014c                LVD_LVW_DriverIRQHandler
                0x000000000000014c                TPM0_DriverIRQHandler
                0x000000000000014c                Reserved20_DriverIRQHandler
                0x000000000000014c                Reserved45_DriverIRQHandler
                0x000000000000014c                PORTA_DriverIRQHandler
                0x000000000000014c                TPM1_DriverIRQHandler
                0x000000000000014c                RTC_DriverIRQHandler
                0x000000000000014c                SPI0_DriverIRQHandler
                0x000000000000014c                ADC0_DriverIRQHandler
                0x000000000000014c                CMP0_DriverIRQHandler
                0x000000000000014c                PORTD_DriverIRQHandler
                0x000000000000014e                DMA0_IRQHandler
                0x0000000000000156                DMA1_IRQHandler
                0x000000000000015e                DMA2_IRQHandler
                0x0000000000000166                DMA3_IRQHandler
                0x000000000000016e                Reserved20_IRQHandler
                0x0000000000000176                FTFA_IRQHandler
                0x000000000000017e                LVD_LVW_IRQHandler
                0x0000000000000186                LLWU_IRQHandler
                0x000000000000018e                I2C0_IRQHandler
                0x0000000000000196                I2C1_IRQHandler
                0x000000000000019e                SPI0_IRQHandler
                0x00000000000001a6                SPI1_IRQHandler
                0x00000000000001ae                UART0_IRQHandler
                0x00000000000001b6                UART1_IRQHandler
                0x00000000000001be                UART2_IRQHandler
                0x00000000000001c6                ADC0_IRQHandler
                0x00000000000001ce                CMP0_IRQHandler
                0x00000000000001d6                TPM0_IRQHandler
                0x00000000000001de                TPM1_IRQHandler
                0x00000000000001e6                TPM2_IRQHandler
                0x00000000000001ee                RTC_IRQHandler
                0x00000000000001f6                RTC_Seconds_IRQHandler
                0x00000000000001fe                PIT_IRQHandler
                0x0000000000000206                Reserved39_IRQHandler
                0x000000000000020e                USB0_IRQHandler
                0x0000000000000216                DAC0_IRQHandler
                0x000000000000021e                TSI0_IRQHandler
                0x0000000000000226                MCG_IRQHandler
                0x000000000000022e                LPTMR0_IRQHandler
                0x0000000000000236                Reserved45_IRQHandler
                0x0000000000000246                PORTD_IRQHandler
                0x0000000000000400                . = 0x400
 *fill*         0x000000000000024e      0x1b2 ff
                0x0000000000000400                PROVIDE (__FLASH_CONFIG_START__ = .)
 *(SORT_BY_ALIGNMENT(.FlashConfig))
 .FlashConfig   0x0000000000000400       0x10 ./startup/startup_mkl25z4.o
                0x0000000000000400                Flash_Config
                0x0000000000000410                PROVIDE (__FLASH_CONFIG_END__ = .)
                0x0000000000000001                ASSERT (! ((__FLASH_CONFIG_START__ == __FLASH_CONFIG_END__)), Linker Flash Config Support Enabled, but no .FlashConfig section provided within application)
 *(SORT_BY_ALIGNMENT(.text*))
 .text.DbgConsole_Init
                0x0000000000000410       0xf4 ./utilities/fsl_debug_console.o
                0x0000000000000410                DbgConsole_Init
 .text.DbgConsole_Printf
                0x0000000000000504       0x44 ./utilities/fsl_debug_console.o
                0x0000000000000504                DbgConsole_Printf
 .text.DbgConsole_Putchar
                0x0000000000000548       0x34 ./utilities/fsl_debug_console.o
                0x0000000000000548                DbgConsole_Putchar
 .text.InitTPM  0x000000000000057c       0xa8 ./source/clock.o
                0x000000000000057c                InitTPM
 .text.I2C_Wait
                0x0000000000000624       0x44 ./source/i2c.o
 .text.I2C_WaitWhileBusy
                0x0000000000000668       0x20 ./source/i2c.o
 .text.I2C_SendStart
                0x0000000000000688       0x30 ./source/i2c.o
 .text.I2C_EnterReceiveModeWithoutAck
                0x00000000000006b8       0x50 ./source/i2c.o
 .text.I2C_SendRepeatedStart
                0x0000000000000708       0x48 ./source/i2c.o
 .text.I2C_SendStop
                0x0000000000000750       0x30 ./source/i2c.o
 .text.I2C_SendBlocking
                0x0000000000000780       0x24 ./source/i2c.o
 .text.I2C_ReceiverModeDriveClock
                0x00000000000007a4       0x20 ./source/i2c.o
 .text.I2C_Init
                0x00000000000007c4       0x84 ./source/i2c.o
                0x00000000000007c4                I2C_Init
 .text.I2C_ReadRegister
                0x0000000000000848       0x58 ./source/i2c.o
                0x0000000000000848                I2C_ReadRegister
 .text.I2C_ModifyRegister
                0x00000000000008a0       0x98 ./source/i2c.o
                0x00000000000008a0                I2C_ModifyRegister
 .text.i2c_busy
                0x0000000000000938      0x174 ./source/i2c.o
                0x0000000000000938                i2c_busy
 .text.i2c_wait
                0x0000000000000aac       0x6c ./source/i2c.o
                0x0000000000000aac                i2c_wait
 .text.i2c_start
                0x0000000000000b18       0x30 ./source/i2c.o
                0x0000000000000b18                i2c_start
 .text.i2c_read_setup
                0x0000000000000b48       0x68 ./source/i2c.o
                0x0000000000000b48                i2c_read_setup
 .text.i2c_repeated_read
                0x0000000000000bb0       0x80 ./source/i2c.o
                0x0000000000000bb0                i2c_repeated_read
 .text.I2CArbiter_PrepareEntry
                0x0000000000000c30       0x8c ./source/i2carbiter.o
                0x0000000000000c30                I2CArbiter_PrepareEntry
 .text.I2CArbiter_Configure
                0x0000000000000cbc       0x44 ./source/i2carbiter.o
                0x0000000000000cbc                I2CArbiter_Configure
 .text.I2CArbiter_Select
                0x0000000000000d00      0x154 ./source/i2carbiter.o
                0x0000000000000d00                I2CArbiter_Select
 .text.NVIC_EnableIRQ
                0x0000000000000e54       0x2c ./source/init_sensors.o
 .text.NVIC_ClearPendingIRQ
                0x0000000000000e80       0x30 ./source/init_sensors.o
 .text.NVIC_SetPriority
                0x0000000000000eb0       0xdc ./source/init_sensors.o
 .text.delay_ms
                0x0000000000000f8c       0x3c ./source/init_sensors.o
 .text.InitMMA8451Q
                0x0000000000000fc8      0x130 ./source/init_sensors.o
                0x0000000000000fc8                InitMMA8451Q
 .text.delay_ms
                0x00000000000010f8       0x3c ./source/led.o
 .text.LED_Init
                0x0000000000001134       0xc8 ./source/led.o
                0x0000000000001134                LED_Init
 .text.LED_White
                0x00000000000011fc       0x28 ./source/led.o
                0x00000000000011fc                LED_White
 .text.LED_Off  0x0000000000001224       0x28 ./source/led.o
                0x0000000000001224                LED_Off
 .text.Control_RGB_LEDs
                0x000000000000124c       0xa8 ./source/led.o
                0x000000000000124c                Control_RGB_LEDs
 .text.InitI2CArbiter
                0x00000000000012f4       0x48 ./source/main.o
                0x00000000000012f4                InitI2CArbiter
 .text.I2C_Wait
                0x000000000000133c       0x44 ./source/mma8451q.o
 .text.I2C_WaitWhileBusy
                0x0000000000001380       0x20 ./source/mma8451q.o
 .text.I2C_SendStart
                0x00000000000013a0       0x30 ./source/mma8451q.o
 .text.I2C_EnterReceiveModeWithAck
                0x00000000000013d0       0x30 ./source/mma8451q.o
 .text.I2C_SendRepeatedStart
                0x0000000000001400       0x48 ./source/mma8451q.o
 .text.I2C_SendStop
                0x0000000000001448       0x30 ./source/mma8451q.o
 .text.I2C_DisableAck
                0x0000000000001478       0x30 ./source/mma8451q.o
 .text.I2C_SendBlocking
                0x00000000000014a8       0x24 ./source/mma8451q.o
 .text.I2C_ReceiveDriving
                0x00000000000014cc       0x1c ./source/mma8451q.o
 .text.I2C_ReceiveAndStop
                0x00000000000014e8       0x18 ./source/mma8451q.o
 .text.I2C_ReceiveAndRestart
                0x0000000000001500       0x18 ./source/mma8451q.o
 .text.I2C_ReceiverModeDriveClock
                0x0000000000001518       0x20 ./source/mma8451q.o
 .text.MMA8451Q_FetchConfiguration
                0x0000000000001538      0x204 ./source/mma8451q.o
                0x0000000000001538                MMA8451Q_FetchConfiguration
 .text.MMA8451Q_StoreConfiguration
                0x000000000000173c      0x208 ./source/mma8451q.o
                0x000000000000173c                MMA8451Q_StoreConfiguration
 .text.convert_xyz_to_roll_pitch
                0x0000000000001944      0x168 ./source/mma8451q.o
                0x0000000000001944                convert_xyz_to_roll_pitch
 .text.HardFault_Handler
                0x0000000000001aac       0x30 ./source/semihost_hardfault.o
                0x0000000000001aac                HardFault_Handler
 .text.delay_ms
                0x0000000000001adc       0x3c ./source/statemachine.o
 .text.PORTA_IRQHandler
                0x0000000000001b18       0x68 ./source/statemachine.o
                0x0000000000001b18                PORTA_IRQHandler
 .text.state_machine
                0x0000000000001b80       0xe8 ./source/statemachine.o
                0x0000000000001b80                state_machine
 .text.NVIC_EnableIRQ
                0x0000000000001c68       0x2c ./source/systick.o
 .text.NVIC_ClearPendingIRQ
                0x0000000000001c94       0x30 ./source/systick.o
 .text.NVIC_SetPriority
                0x0000000000001cc4       0xdc ./source/systick.o
 .text.InitSysTick
                0x0000000000001da0       0x6c ./source/systick.o
                0x0000000000001da0                InitSysTick
 .text.reset_timer
                0x0000000000001e0c       0x1c ./source/systick.o
                0x0000000000001e0c                reset_timer
 .text.get_timer
                0x0000000000001e28       0x1c ./source/systick.o
                0x0000000000001e28                get_timer
 .text.SysTick_Handler
                0x0000000000001e44       0x4c ./source/systick.o
                0x0000000000001e44                SysTick_Handler
 .text.CLOCK_SetEr32kClock
                0x0000000000001e90       0x34 ./drivers/fsl_clock.o
 .text.CLOCK_SetPllFllSelClock
                0x0000000000001ec4       0x38 ./drivers/fsl_clock.o
 .text.CLOCK_GetMcgExtClkFreq
                0x0000000000001efc       0x28 ./drivers/fsl_clock.o
 .text.CLOCK_GetFllExtRefClkFreq
                0x0000000000001f24       0xa8 ./drivers/fsl_clock.o
 .text.CLOCK_GetFllRefClkFreq
                0x0000000000001fcc       0x2c ./drivers/fsl_clock.o
 .text.CLOCK_GetOscRangeFromFreq
                0x0000000000001ff8       0x4c ./drivers/fsl_clock.o
 .text.CLOCK_GetPllFllSelClkFreq
                0x0000000000002044       0x4c ./drivers/fsl_clock.o
                0x0000000000002044                CLOCK_GetPllFllSelClkFreq
 .text.CLOCK_SetSimConfig
                0x0000000000002090       0x38 ./drivers/fsl_clock.o
                0x0000000000002090                CLOCK_SetSimConfig
 .text.CLOCK_GetFllFreq
                0x00000000000020c8       0x84 ./drivers/fsl_clock.o
                0x00000000000020c8                CLOCK_GetFllFreq
 .text.CLOCK_GetPll0Freq
                0x000000000000214c       0x70 ./drivers/fsl_clock.o
                0x000000000000214c                CLOCK_GetPll0Freq
 .text.CLOCK_SetInternalRefClkConfig
                0x00000000000021bc      0x124 ./drivers/fsl_clock.o
                0x00000000000021bc                CLOCK_SetInternalRefClkConfig
 .text.CLOCK_EnablePll0
                0x00000000000022e0       0x94 ./drivers/fsl_clock.o
                0x00000000000022e0                CLOCK_EnablePll0
 .text.CLOCK_InitOsc0
                0x0000000000002374       0x94 ./drivers/fsl_clock.o
                0x0000000000002374                CLOCK_InitOsc0
 .text.CLOCK_SetPbeMode
                0x0000000000002408       0xb0 ./drivers/fsl_clock.o
                0x0000000000002408                CLOCK_SetPbeMode
 .text.CLOCK_BootToPeeMode
                0x00000000000024b8       0x70 ./drivers/fsl_clock.o
                0x00000000000024b8                CLOCK_BootToPeeMode
 .text.__assertion_failed
                0x0000000000002528       0x1c ./drivers/fsl_common.o
                0x0000000000002528                __assertion_failed
 .text.DMA_ClearChannelStatusFlags
                0x0000000000002544       0x54 ./drivers/fsl_dma.o
 .text.DMA_HandleIRQ
                0x0000000000002598       0x4c ./drivers/fsl_dma.o
                0x0000000000002598                DMA_HandleIRQ
 .text.DMA0_DriverIRQHandler
                0x00000000000025e4       0x18 ./drivers/fsl_dma.o
                0x00000000000025e4                DMA0_DriverIRQHandler
 .text.DMA1_DriverIRQHandler
                0x00000000000025fc       0x18 ./drivers/fsl_dma.o
                0x00000000000025fc                DMA1_DriverIRQHandler
 .text.DMA2_DriverIRQHandler
                0x0000000000002614       0x18 ./drivers/fsl_dma.o
                0x0000000000002614                DMA2_DriverIRQHandler
 .text.DMA3_DriverIRQHandler
                0x000000000000262c       0x18 ./drivers/fsl_dma.o
                0x000000000000262c                DMA3_DriverIRQHandler
 .text.I2C_TransferCommonIRQHandler
                0x0000000000002644       0x58 ./drivers/fsl_i2c.o
 .text.I2C0_DriverIRQHandler
                0x000000000000269c       0x20 ./drivers/fsl_i2c.o
                0x000000000000269c                I2C0_DriverIRQHandler
 .text.I2C1_DriverIRQHandler
                0x00000000000026bc       0x20 ./drivers/fsl_i2c.o
                0x00000000000026bc                I2C1_DriverIRQHandler
 .text.CLOCK_EnableClock
                0x00000000000026dc       0x34 ./drivers/fsl_lpsci.o
 .text.LPSCI_GetInstance
                0x0000000000002710       0x48 ./drivers/fsl_lpsci.o
                0x0000000000002710                LPSCI_GetInstance
 .text.LPSCI_Init
                0x0000000000002758      0x258 ./drivers/fsl_lpsci.o
                0x0000000000002758                LPSCI_Init
 .text.LPSCI_GetDefaultConfig
                0x00000000000029b0       0x44 ./drivers/fsl_lpsci.o
                0x00000000000029b0                LPSCI_GetDefaultConfig
 .text.LPSCI_ClearStatusFlags
                0x00000000000029f4       0x94 ./drivers/fsl_lpsci.o
                0x00000000000029f4                LPSCI_ClearStatusFlags
 .text.LPSCI_WriteBlocking
                0x0000000000002a88       0x4c ./drivers/fsl_lpsci.o
                0x0000000000002a88                LPSCI_WriteBlocking
 .text.LPSCI_ReadBlocking
                0x0000000000002ad4       0xc0 ./drivers/fsl_lpsci.o
                0x0000000000002ad4                LPSCI_ReadBlocking
 .text.UART0_DriverIRQHandler
                0x0000000000002b94       0x24 ./drivers/fsl_lpsci.o
                0x0000000000002b94                UART0_DriverIRQHandler
 .text.CLOCK_EnableClock
                0x0000000000002bb8       0x34 ./drivers/fsl_uart.o
 .text.UART_GetInstance
                0x0000000000002bec       0x54 ./drivers/fsl_uart.o
                0x0000000000002bec                UART_GetInstance
 .text.UART_Init
                0x0000000000002c40      0x1e0 ./drivers/fsl_uart.o
                0x0000000000002c40                UART_Init
 .text.UART_GetDefaultConfig
                0x0000000000002e20       0x44 ./drivers/fsl_uart.o
                0x0000000000002e20                UART_GetDefaultConfig
 .text.UART_ReadBlocking
                0x0000000000002e64       0x98 ./drivers/fsl_uart.o
                0x0000000000002e64                UART_ReadBlocking
 .text.UART1_DriverIRQHandler
                0x0000000000002efc       0x24 ./drivers/fsl_uart.o
                0x0000000000002efc                UART1_DriverIRQHandler
 .text.UART2_DriverIRQHandler
                0x0000000000002f20       0x24 ./drivers/fsl_uart.o
                0x0000000000002f20                UART2_DriverIRQHandler
 .text.CLOCK_SetLpsci0Clock
                0x0000000000002f44       0x38 ./board/board.o
 .text.BOARD_InitDebugConsole
                0x0000000000002f7c       0x30 ./board/board.o
                0x0000000000002f7c                BOARD_InitDebugConsole
 .text.CLOCK_SetSimSafeDivs
                0x0000000000002fac       0x20 ./board/clock_config.o
 .text.CLOCK_SetXtal0Freq
                0x0000000000002fcc       0x1c ./board/clock_config.o
 .text.CLOCK_CONFIG_SetFllExtRefDiv
                0x0000000000002fe8       0x3c ./board/clock_config.o
 .text.BOARD_BootClockRUN
                0x0000000000003024       0x64 ./board/clock_config.o
                0x0000000000003024                BOARD_BootClockRUN
 .text.CLOCK_EnableClock
                0x0000000000003088       0x34 ./board/pin_mux.o
 .text.PORT_SetPinMux
                0x00000000000030bc       0x40 ./board/pin_mux.o
 .text.BOARD_InitPins
                0x00000000000030fc       0x4c ./board/pin_mux.o
                0x00000000000030fc                BOARD_InitPins
 .text.SystemInit
                0x0000000000003148       0x18 ./CMSIS/system_MKL25Z4.o
                0x0000000000003148                SystemInit
 .text.atan2    0x0000000000003160      0x108 /usr/local/mcuxpressoide-11.2.0_4120/ide/plugins/com.nxp.mcuxpresso.tools.linux_11.2.0.202001021529/tools/bin/../lib/gcc/arm-none-eabi/9.2.1/../../../../arm-none-eabi/lib/thumb/v6-m/nofp/libcr_c.a(atan2.o)
                0x0000000000003160                atan2
 .text._initio  0x0000000000003268       0x7c /usr/local/mcuxpressoide-11.2.0_4120/ide/plugins/com.nxp.mcuxpresso.tools.linux_11.2.0.202001021529/tools/bin/../lib/gcc/arm-none-eabi/9.2.1/../../../../arm-none-eabi/lib/thumb/v6-m/nofp/libcr_c.a(initio.o)
                0x0000000000003268                _initio
 .text.setvbuf  0x00000000000032e4       0x4c /usr/local/mcuxpressoide-11.2.0_4120/ide/plugins/com.nxp.mcuxpresso.tools.linux_11.2.0.202001021529/tools/bin/../lib/gcc/arm-none-eabi/9.2.1/../../../../arm-none-eabi/lib/thumb/v6-m/nofp/libcr_c.a(setvbuf.o)
                0x00000000000032e4                setvbuf
 .text.sqrt     0x0000000000003330      0x130 /usr/local/mcuxpressoide-11.2.0_4120/ide/plugins/com.nxp.mcuxpresso.tools.linux_11.2.0.202001021529/tools/bin/../lib/gcc/arm-none-eabi/9.2.1/../../../../arm-none-eabi/lib/thumb/v6-m/nofp/libcr_c.a(sqrt.o)
                0x0000000000003330                sqrt
 .text.strlen   0x0000000000003460       0x58 /usr/local/mcuxpressoide-11.2.0_4120/ide/plugins/com.nxp.mcuxpresso.tools.linux_11.2.0.202001021529/tools/bin/../lib/gcc/arm-none-eabi/9.2.1/../../../../arm-none-eabi/lib/thumb/v6-m/nofp/libcr_c.a(strlen.o)
                0x0000000000003460                strlen
 .text._fdopen  0x00000000000034b8       0x74 /usr/local/mcuxpressoide-11.2.0_4120/ide/plugins/com.nxp.mcuxpresso.tools.linux_11.2.0.202001021529/tools/bin/../lib/gcc/arm-none-eabi/9.2.1/../../../../arm-none-eabi/lib/thumb/v6-m/nofp/libcr_c.a(_fdopen.o)
                0x00000000000034b8                _fdopen
 .text.atan     0x000000000000352c      0x204 /usr/local/mcuxpressoide-11.2.0_4120/ide/plugins/com.nxp.mcuxpresso.tools.linux_11.2.0.202001021529/tools/bin/../lib/gcc/arm-none-eabi/9.2.1/../../../../arm-none-eabi/lib/thumb/v6-m/nofp/libcr_c.a(atan.o)
                0x000000000000352c                atan
 .text.fclose   0x0000000000003730       0x5c /usr/local/mcuxpressoide-11.2.0_4120/ide/plugins/com.nxp.mcuxpresso.tools.linux_11.2.0.202001021529/tools/bin/../lib/gcc/arm-none-eabi/9.2.1/../../../../arm-none-eabi/lib/thumb/v6-m/nofp/libcr_c.a(fclose.o)
                0x0000000000003730                fclose
 .text.fflush   0x000000000000378c       0x44 /usr/local/mcuxpressoide-11.2.0_4120/ide/plugins/com.nxp.mcuxpresso.tools.linux_11.2.0.202001021529/tools/bin/../lib/gcc/arm-none-eabi/9.2.1/../../../../arm-none-eabi/lib/thumb/v6-m/nofp/libcr_c.a(fflush.o)
                0x000000000000378c                fflush
 .text.fseek    0x00000000000037d0       0xf4 /usr/local/mcuxpressoide-11.2.0_4120/ide/plugins/com.nxp.mcuxpresso.tools.linux_11.2.0.202001021529/tools/bin/../lib/gcc/arm-none-eabi/9.2.1/../../../../arm-none-eabi/lib/thumb/v6-m/nofp/libcr_c.a(fseek.o)
                0x00000000000037d0                fseek
 .text.ftell    0x00000000000038c4       0x48 /usr/local/mcuxpressoide-11.2.0_4120/ide/plugins/com.nxp.mcuxpresso.tools.linux_11.2.0.202001021529/tools/bin/../lib/gcc/arm-none-eabi/9.2.1/../../../../arm-none-eabi/lib/thumb/v6-m/nofp/libcr_c.a(ftell.o)
                0x00000000000038c4                ftell
 .text._do_fflush
                0x000000000000390c       0x48 /usr/local/mcuxpressoide-11.2.0_4120/ide/plugins/com.nxp.mcuxpresso.tools.linux_11.2.0.202001021529/tools/bin/../lib/gcc/arm-none-eabi/9.2.1/../../../../arm-none-eabi/lib/thumb/v6-m/nofp/libcr_c.a(_do_fflush.o)
                0x000000000000390c                _do_fflush
 .text._fflush  0x0000000000003954       0x60 /usr/local/mcuxpressoide-11.2.0_4120/ide/plugins/com.nxp.mcuxpresso.tools.linux_11.2.0.202001021529/tools/bin/../lib/gcc/arm-none-eabi/9.2.1/../../../../arm-none-eabi/lib/thumb/v6-m/nofp/libcr_c.a(_fflush.o)
                0x0000000000003954                _fflush
 .text._Cwritebuf
                0x00000000000039b4       0x68 /usr/local/mcuxpressoide-11.2.0_4120/ide/plugins/com.nxp.mcuxpresso.tools.linux_11.2.0.202001021529/tools/bin/../lib/gcc/arm-none-eabi/9.2.1/../../../../arm-none-eabi/lib/thumb/v6-m/nofp/libcr_c.a(_writebuf.o)
                0x00000000000039b4                _Cwritebuf
 .text._deferredlazyseek
                0x0000000000003a1c       0x40 /usr/local/mcuxpressoide-11.2.0_4120/ide/plugins/com.nxp.mcuxpresso.tools.linux_11.2.0.202001021529/tools/bin/../lib/gcc/arm-none-eabi/9.2.1/../../../../arm-none-eabi/lib/thumb/v6-m/nofp/libcr_c.a(_deferredlazyseek.o)
                0x0000000000003a1c                _deferredlazyseek
 .text.__aeabi_dmul
                0x0000000000003a5c      0x184 /usr/local/mcuxpressoide-11.2.0_4120/ide/plugins/com.nxp.mcuxpresso.tools.linux_11.2.0.202001021529/tools/bin/../lib/gcc/arm-none-eabi/9.2.1/thumb/v6-m/nofp/libcr_eabihelpers.a(double.o)
                0x0000000000003a5c                __aeabi_dmul
 .text.__aeabi_ddiv
                0x0000000000003be0      0x150 /usr/local/mcuxpressoide-11.2.0_4120/ide/plugins/com.nxp.mcuxpresso.tools.linux_11.2.0.202001021529/tools/bin/../lib/gcc/arm-none-eabi/9.2.1/thumb/v6-m/nofp/libcr_eabihelpers.a(double.o)
                0x0000000000003be0                __aeabi_ddiv
 .text.__aeabi_dsub
                0x0000000000003d30      0x1e4 /usr/local/mcuxpressoide-11.2.0_4120/ide/plugins/com.nxp.mcuxpresso.tools.linux_11.2.0.202001021529/tools/bin/../lib/gcc/arm-none-eabi/9.2.1/thumb/v6-m/nofp/libcr_eabihelpers.a(double.o)
                0x0000000000003d30                __aeabi_dsub
 .text.__aeabi_dadd
                0x0000000000003f14      0x134 /usr/local/mcuxpressoide-11.2.0_4120/ide/plugins/com.nxp.mcuxpresso.tools.linux_11.2.0.202001021529/tools/bin/../lib/gcc/arm-none-eabi/9.2.1/thumb/v6-m/nofp/libcr_eabihelpers.a(double.o)
                0x0000000000003f14                __aeabi_dadd
 .text.__aeabi_d2f
                0x0000000000004048       0x60 /usr/local/mcuxpressoide-11.2.0_4120/ide/plugins/com.nxp.mcuxpresso.tools.linux_11.2.0.202001021529/tools/bin/../lib/gcc/arm-none-eabi/9.2.1/thumb/v6-m/nofp/libcr_eabihelpers.a(double.o)
                0x0000000000004048                __aeabi_d2f
 .text.__aeabi_dcmpeq
                0x00000000000040a8       0x30 /usr/local/mcuxpressoide-11.2.0_4120/ide/plugins/com.nxp.mcuxpresso.tools.linux_11.2.0.202001021529/tools/bin/../lib/gcc/arm-none-eabi/9.2.1/thumb/v6-m/nofp/libcr_eabihelpers.a(double.o)
                0x00000000000040a8                __aeabi_dcmpeq
 .text.__aeabi_dcmplt
                0x00000000000040d8       0x60 /usr/local/mcuxpressoide-11.2.0_4120/ide/plugins/com.nxp.mcuxpresso.tools.linux_11.2.0.202001021529/tools/bin/../lib/gcc/arm-none-eabi/9.2.1/thumb/v6-m/nofp/libcr_eabihelpers.a(double.o)
                0x00000000000040d8                __aeabi_dcmplt
 .text.__aeabi_dcmpgt
                0x0000000000004138       0x5c /usr/local/mcuxpressoide-11.2.0_4120/ide/plugins/com.nxp.mcuxpresso.tools.linux_11.2.0.202001021529/tools/bin/../lib/gcc/arm-none-eabi/9.2.1/thumb/v6-m/nofp/libcr_eabihelpers.a(double.o)
                0x0000000000004138                __aeabi_dcmpgt
 .text.__aeabi_dcmple
                0x0000000000004194       0x60 /usr/local/mcuxpressoide-11.2.0_4120/ide/plugins/com.nxp.mcuxpresso.tools.linux_11.2.0.202001021529/tools/bin/../lib/gcc/arm-none-eabi/9.2.1/thumb/v6-m/nofp/libcr_eabihelpers.a(double.o)
                0x0000000000004194                __aeabi_dcmple
 .text.__aeabi_fmul
                0x00000000000041f4       0xc0 /usr/local/mcuxpressoide-11.2.0_4120/ide/plugins/com.nxp.mcuxpresso.tools.linux_11.2.0.202001021529/tools/bin/../lib/gcc/arm-none-eabi/9.2.1/thumb/v6-m/nofp/libcr_eabihelpers.a(float.o)
                0x00000000000041f4                __aeabi_fmul
 .text.__aeabi_fsub
                0x00000000000042b4      0x124 /usr/local/mcuxpressoide-11.2.0_4120/ide/plugins/com.nxp.mcuxpresso.tools.linux_11.2.0.202001021529/tools/bin/../lib/gcc/arm-none-eabi/9.2.1/thumb/v6-m/nofp/libcr_eabihelpers.a(float.o)
                0x00000000000042b4                __aeabi_fsub
 .text.__aeabi_fadd
                0x00000000000043d8       0xac /usr/local/mcuxpressoide-11.2.0_4120/ide/plugins/com.nxp.mcuxpresso.tools.linux_11.2.0.202001021529/tools/bin/../lib/gcc/arm-none-eabi/9.2.1/thumb/v6-m/nofp/libcr_eabihelpers.a(float.o)
                0x00000000000043d8                __aeabi_fadd
 .text.__aeabi_f2iz
                0x0000000000004484       0x3c /usr/local/mcuxpressoide-11.2.0_4120/ide/plugins/com.nxp.mcuxpresso.tools.linux_11.2.0.202001021529/tools/bin/../lib/gcc/arm-none-eabi/9.2.1/thumb/v6-m/nofp/libcr_eabihelpers.a(float.o)
                0x0000000000004484                __aeabi_f2iz
 .text.__aeabi_f2d
                0x00000000000044c0       0x40 /usr/local/mcuxpressoide-11.2.0_4120/ide/plugins/com.nxp.mcuxpresso.tools.linux_11.2.0.202001021529/tools/bin/../lib/gcc/arm-none-eabi/9.2.1/thumb/v6-m/nofp/libcr_eabihelpers.a(float.o)
                0x00000000000044c0                __aeabi_f2d
 .text.UART_EnableTx
                0x0000000000004500       0x40 ./utilities/fsl_debug_console.o
 .text.UART_EnableRx
                0x0000000000004540       0x40 ./utilities/fsl_debug_console.o
 .text.LPSCI_EnableTx
                0x0000000000004580       0x40 ./utilities/fsl_debug_console.o
 .text.LPSCI_EnableRx
                0x00000000000045c0       0x40 ./utilities/fsl_debug_console.o
 .text.DbgConsole_PrintfPaddingCharacter
                0x0000000000004600       0x48 ./utilities/fsl_debug_console.o
 .text.DbgConsole_ConvertRadixNumToString
                0x0000000000004648      0x114 ./utilities/fsl_debug_console.o
 .text.DbgConsole_PrintfFormattedData
                0x000000000000475c      0x33a ./utilities/fsl_debug_console.o
 .text.I2C_WriteRegister
                0x0000000000004a96       0x34 ./source/i2c.o
                0x0000000000004a96                I2C_WriteRegister
 .text.MMA8451Q_EnterPassiveMode
                0x0000000000004aca       0x16 ./source/init_sensors.o
 .text.MMA8451Q_Reset
                0x0000000000004ae0       0x14 ./source/init_sensors.o
 .text.MMA8451Q_EnterActiveMode
                0x0000000000004af4       0x16 ./source/init_sensors.o
 .text.MMA8451Q_WhoAmI
                0x0000000000004b0a       0x14 ./source/init_sensors.o
 .text.Led_Down
                0x0000000000004b1e       0x1a ./source/led.o
                0x0000000000004b1e                Led_Down
 .text.DoubleFlash
                0x0000000000004b38       0x4c ./source/led.o
                0x0000000000004b38                DoubleFlash
 .text.main     0x0000000000004b84       0x40 ./source/main.o
                0x0000000000004b84                main
 .text.I2C_ReceiveDrivingWithNack
                0x0000000000004bc4       0x14 ./source/mma8451q.o
 .text.MMA8451Q_SetDataRate
                0x0000000000004bd8       0x90 ./source/mma8451q.o
                0x0000000000004bd8                MMA8451Q_SetDataRate
 .text.MMA8451Q_SetMotion
                0x0000000000004c68       0x3c ./source/mma8451q.o
                0x0000000000004c68                MMA8451Q_SetMotion
 .text.MMA8451Q_SetInterruptMode
                0x0000000000004ca4       0x98 ./source/mma8451q.o
                0x0000000000004ca4                MMA8451Q_SetInterruptMode
 .text.MMA8451Q_ConfigureInterrupt
                0x0000000000004d3c       0xca ./source/mma8451q.o
                0x0000000000004d3c                MMA8451Q_ConfigureInterrupt
 .text.MMA8451Q_ClearInterruptConfiguration
                0x0000000000004e06       0x38 ./source/mma8451q.o
                0x0000000000004e06                MMA8451Q_ClearInterruptConfiguration
 .text.read_full_xyz
                0x0000000000004e3e      0x14e ./source/mma8451q.o
                0x0000000000004e3e                read_full_xyz
 .text.MMA8451Q_InitializeData
                0x0000000000004f8c       0x4c ./source/statemachine.o
 .text.OSC_SetExtRefClkConfig
                0x0000000000004fd8       0x3e ./drivers/fsl_clock.o
 .text.OSC_SetCapLoad
                0x0000000000005016       0x42 ./drivers/fsl_clock.o
 .text.CLOCK_GetPll0RefFreq
                0x0000000000005058       0x10 ./drivers/fsl_clock.o
 .text.CLOCK_SetExternalRefClkConfig
                0x0000000000005068       0x16 ./drivers/fsl_clock.o
                0x0000000000005068                CLOCK_SetExternalRefClkConfig
 .text.LPSCI_GetStatusFlags
                0x000000000000507e       0x26 ./drivers/fsl_lpsci.o
                0x000000000000507e                LPSCI_GetStatusFlags
 .text.UART_GetStatusFlags
                0x00000000000050a4       0x26 ./drivers/fsl_uart.o
                0x00000000000050a4                UART_GetStatusFlags
 .text.UART_WriteBlocking
                0x00000000000050ca       0x3c ./drivers/fsl_uart.o
                0x00000000000050ca                UART_WriteBlocking
 .text.BOARD_InitBootClocks
                0x0000000000005106        0xe ./board/clock_config.o
                0x0000000000005106                BOARD_InitBootClocks
 .text.BOARD_InitBootPeripherals
                0x0000000000005114        0xa ./board/peripherals.o
                0x0000000000005114                BOARD_InitBootPeripherals
 .text.BOARD_InitBootPins
                0x000000000000511e        0xe ./board/pin_mux.o
                0x000000000000511e                BOARD_InitBootPins
 .text.__main   0x000000000000512c        0xc /usr/local/mcuxpressoide-11.2.0_4120/ide/plugins/com.nxp.mcuxpresso.tools.linux_11.2.0.202001021529/tools/bin/../lib/gcc/arm-none-eabi/9.2.1/../../../../arm-none-eabi/lib/thumb/v6-m/nofp/libcr_nohost_nf.a(_cr__main.o)
                0x000000000000512c                __main
 .text.memset   0x0000000000005138        0x8 /usr/local/mcuxpressoide-11.2.0_4120/ide/plugins/com.nxp.mcuxpresso.tools.linux_11.2.0.202001021529/tools/bin/../lib/gcc/arm-none-eabi/9.2.1/../../../../arm-none-eabi/lib/thumb/v6-m/nofp/libcr_c.a(memset.o)
                0x0000000000005138                memset
 .text.fabs     0x0000000000005140       0x22 /usr/local/mcuxpressoide-11.2.0_4120/ide/plugins/com.nxp.mcuxpresso.tools.linux_11.2.0.202001021529/tools/bin/../lib/gcc/arm-none-eabi/9.2.1/../../../../arm-none-eabi/lib/thumb/v6-m/nofp/libcr_c.a(fabs.o)
                0x0000000000005140                fabs
 .text.remove   0x0000000000005162       0x12 /usr/local/mcuxpressoide-11.2.0_4120/ide/plugins/com.nxp.mcuxpresso.tools.linux_11.2.0.202001021529/tools/bin/../lib/gcc/arm-none-eabi/9.2.1/../../../../arm-none-eabi/lib/thumb/v6-m/nofp/libcr_c.a(remove.o)
                0x0000000000005162                remove
 .text.free     0x0000000000005174       0x2c /usr/local/mcuxpressoide-11.2.0_4120/ide/plugins/com.nxp.mcuxpresso.tools.linux_11.2.0.202001021529/tools/bin/../lib/gcc/arm-none-eabi/9.2.1/../../../../arm-none-eabi/lib/thumb/v6-m/nofp/libcr_c.a(alloc.o)
                0x0000000000005174                free
 .text.__aeabi_division_idivmod
                0x00000000000051a0       0x78 /usr/local/mcuxpressoide-11.2.0_4120/ide/plugins/com.nxp.mcuxpresso.tools.linux_11.2.0.202001021529/tools/bin/../lib/gcc/arm-none-eabi/9.2.1/thumb/v6-m/nofp/libcr_eabihelpers.a(division_32.o)
                0x00000000000051a0                __aeabi_idiv
                0x00000000000051a0                __aeabi_idivmod
                0x00000000000051a6                __aeabi_uidiv
                0x00000000000051a6                __aeabi_uidivmod
 .text.__aeabi_division_idiv0
                0x0000000000005218        0x2 /usr/local/mcuxpressoide-11.2.0_4120/ide/plugins/com.nxp.mcuxpresso.tools.linux_11.2.0.202001021529/tools/bin/../lib/gcc/arm-none-eabi/9.2.1/thumb/v6-m/nofp/libcr_eabihelpers.a(division_idiv0.o)
                0x0000000000005218                __aeabi_idiv0
 .text.__bhs_ui2d
                0x000000000000521a       0x5e /usr/local/mcuxpressoide-11.2.0_4120/ide/plugins/com.nxp.mcuxpresso.tools.linux_11.2.0.202001021529/tools/bin/../lib/gcc/arm-none-eabi/9.2.1/thumb/v6-m/nofp/libcr_eabihelpers.a(double.o)
                0x000000000000521a                __bhs_ui2d
 .text.__aeabi_i2d
                0x0000000000005278       0x18 /usr/local/mcuxpressoide-11.2.0_4120/ide/plugins/com.nxp.mcuxpresso.tools.linux_11.2.0.202001021529/tools/bin/../lib/gcc/arm-none-eabi/9.2.1/thumb/v6-m/nofp/libcr_eabihelpers.a(double.o)
                0x0000000000005278                __aeabi_i2d
 .text.__aeabi_llong_lmul
                0x0000000000005290       0x2e /usr/local/mcuxpressoide-11.2.0_4120/ide/plugins/com.nxp.mcuxpresso.tools.linux_11.2.0.202001021529/tools/bin/../lib/gcc/arm-none-eabi/9.2.1/thumb/v6-m/nofp/libcr_eabihelpers.a(llong.o)
                0x0000000000005290                __aeabi_lmul
 .text.__aeabi_memset_lowlevel
                0x00000000000052be       0x2a /usr/local/mcuxpressoide-11.2.0_4120/ide/plugins/com.nxp.mcuxpresso.tools.linux_11.2.0.202001021529/tools/bin/../lib/gcc/arm-none-eabi/9.2.1/thumb/v6-m/nofp/libcr_eabihelpers.a(memcpy.o)
                0x00000000000052be                __aeabi_lowlevel_memset
 .text.__sys_close
                0x00000000000052e8        0x6 /usr/local/mcuxpressoide-11.2.0_4120/ide/plugins/com.nxp.mcuxpresso.tools.linux_11.2.0.202001021529/tools/bin/../lib/gcc/arm-none-eabi/9.2.1/../../../../arm-none-eabi/lib/thumb/v6-m/nofp/libcr_nohost_nf.a(__sys_close.o)
                0x00000000000052e8                __sys_close
 .text.__sys_flen
                0x00000000000052ee        0x6 /usr/local/mcuxpressoide-11.2.0_4120/ide/plugins/com.nxp.mcuxpresso.tools.linux_11.2.0.202001021529/tools/bin/../lib/gcc/arm-none-eabi/9.2.1/../../../../arm-none-eabi/lib/thumb/v6-m/nofp/libcr_nohost_nf.a(__sys_flen.o)
                0x00000000000052ee                __sys_flen
 .text.__sys_istty
                0x00000000000052f4        0x6 /usr/local/mcuxpressoide-11.2.0_4120/ide/plugins/com.nxp.mcuxpresso.tools.linux_11.2.0.202001021529/tools/bin/../lib/gcc/arm-none-eabi/9.2.1/../../../../arm-none-eabi/lib/thumb/v6-m/nofp/libcr_nohost_nf.a(__sys_istty.o)
                0x00000000000052f4                __sys_istty
 .text.__sys_remove
                0x00000000000052fa        0x6 /usr/local/mcuxpressoide-11.2.0_4120/ide/plugins/com.nxp.mcuxpresso.tools.linux_11.2.0.202001021529/tools/bin/../lib/gcc/arm-none-eabi/9.2.1/../../../../arm-none-eabi/lib/thumb/v6-m/nofp/libcr_nohost_nf.a(__sys_remove.o)
                0x00000000000052fa                __sys_remove
 .text.__sys_seek
                0x0000000000005300        0x6 /usr/local/mcuxpressoide-11.2.0_4120/ide/plugins/com.nxp.mcuxpresso.tools.linux_11.2.0.202001021529/tools/bin/../lib/gcc/arm-none-eabi/9.2.1/../../../../arm-none-eabi/lib/thumb/v6-m/nofp/libcr_nohost_nf.a(__sys_seek.o)
                0x0000000000005300                __sys_seek
 .text.__sys_tmpnam
                0x0000000000005306        0x6 /usr/local/mcuxpressoide-11.2.0_4120/ide/plugins/com.nxp.mcuxpresso.tools.linux_11.2.0.202001021529/tools/bin/../lib/gcc/arm-none-eabi/9.2.1/../../../../arm-none-eabi/lib/thumb/v6-m/nofp/libcr_nohost_nf.a(__sys_tmpnam.o)
                0x0000000000005306                __sys_tmpnam
 .text.__sys_write
                0x000000000000530c        0x4 /usr/local/mcuxpressoide-11.2.0_4120/ide/plugins/com.nxp.mcuxpresso.tools.linux_11.2.0.202001021529/tools/bin/../lib/gcc/arm-none-eabi/9.2.1/../../../../arm-none-eabi/lib/thumb/v6-m/nofp/libcr_nohost_nf.a(__sys_write.o)
                0x000000000000530c                __sys_write
 *(SORT_BY_ALIGNMENT(.rodata) SORT_BY_ALIGNMENT(.rodata.*) SORT_BY_ALIGNMENT(.constdata) SORT_BY_ALIGNMENT(.constdata.*))
 .rodata.a.3949
                0x0000000000005310       0x20 /usr/local/mcuxpressoide-11.2.0_4120/ide/plugins/com.nxp.mcuxpresso.tools.linux_11.2.0.202001021529/tools/bin/../lib/gcc/arm-none-eabi/9.2.1/../../../../arm-none-eabi/lib/thumb/v6-m/nofp/libcr_c.a(atan.o)
 .rodata.I2C_Init.str1.4
                0x0000000000005330       0x34 ./source/i2c.o
 .rodata.InitMMA8451Q.str1.4
                0x0000000000005364       0x75 ./source/init_sensors.o
 *fill*         0x00000000000053d9        0x3 ff
 .rodata.LED_Init.str1.4
                0x00000000000053dc       0x33 ./source/led.o
 *fill*         0x000000000000540f        0x1 ff
 .rodata.MMA8451Q_FetchConfiguration.str1.4
                0x0000000000005410       0x27 ./source/mma8451q.o
 *fill*         0x0000000000005437        0x1 ff
 .rodata.MMA8451Q_StoreConfiguration.str1.4
                0x0000000000005438       0x27 ./source/mma8451q.o
 *fill*         0x000000000000545f        0x1 ff
 .rodata.state_machine.str1.4
                0x0000000000005460       0x8a ./source/statemachine.o
 *fill*         0x00000000000054ea        0x2 ff
 .rodata.InitSysTick.str1.4
                0x00000000000054ec       0x38 ./source/systick.o
 .rodata.CLOCK_GetMcgExtClkFreq.str1.4
                0x0000000000005524       0x1f ./drivers/fsl_clock.o
 *fill*         0x0000000000005543        0x1 ff
 .rodata.CLOCK_GetPll0Freq.str1.4
                0x0000000000005544       0x1e ./drivers/fsl_clock.o
 *fill*         0x0000000000005562        0x2 ff
 .rodata.CLOCK_EnablePll0.str1.4
                0x0000000000005564       0x1a ./drivers/fsl_clock.o
 *fill*         0x000000000000557e        0x2 ff
 .rodata.CLOCK_SetPbeMode.str1.4
                0x0000000000005580       0x1b ./drivers/fsl_clock.o
 *fill*         0x000000000000559b        0x1 ff
 .rodata.CLOCK_BootToPeeMode.str1.4
                0x000000000000559c       0x1b ./drivers/fsl_clock.o
 *fill*         0x00000000000055b7        0x1 ff
 .rodata.fllFactorTable.5210
                0x00000000000055b8       0x10 ./drivers/fsl_clock.o
 .rodata.__assertion_failed.str1.4
                0x00000000000055c8        0x4 ./drivers/fsl_common.o
 .rodata.DMA_ClearChannelStatusFlags.str1.4
                0x00000000000055cc       0x3d ./drivers/fsl_dma.o
 *fill*         0x0000000000005609        0x3 ff
 .rodata.DMA_HandleIRQ.str1.4
                0x000000000000560c       0x20 ./drivers/fsl_dma.o
 .rodata.LPSCI_GetInstance.str1.4
                0x000000000000562c       0x37 ./drivers/fsl_lpsci.o
 *fill*         0x0000000000005663        0x1 ff
 .rodata.LPSCI_Init.str1.4
                0x0000000000005664       0x44 ./drivers/fsl_lpsci.o
 .rodata.LPSCI_GetDefaultConfig.str1.4
                0x00000000000056a8       0x1a ./drivers/fsl_lpsci.o
 *fill*         0x00000000000056c2        0x2 ff
 .rodata.LPSCI_WriteBlocking.str1.4
                0x00000000000056c4       0x18 ./drivers/fsl_lpsci.o
 .rodata.LPSCI_ReadBlocking.str1.4
                0x00000000000056dc       0x18 ./drivers/fsl_lpsci.o
 .rodata.s_uartBases
                0x00000000000056f4        0xc ./drivers/fsl_uart.o
 .rodata.s_uartClock
                0x0000000000005700        0xc ./drivers/fsl_uart.o
 .rodata.UART_GetInstance.str1.4
                0x000000000000570c       0x2c ./drivers/fsl_uart.o
 .rodata.UART_Init.str1.4
                0x0000000000005738       0x43 ./drivers/fsl_uart.o
 *fill*         0x000000000000577b        0x1 ff
 .rodata.UART_GetDefaultConfig.str1.4
                0x000000000000577c       0x19 ./drivers/fsl_uart.o
 *fill*         0x0000000000005795        0x3 ff
 .rodata.UART_ReadBlocking.str1.4
                0x0000000000005798       0x17 ./drivers/fsl_uart.o
 *fill*         0x00000000000057af        0x1 ff
 .rodata.mcgConfig_BOARD_BootClockRUN
                0x00000000000057b0        0xa ./board/clock_config.o
                0x00000000000057b0                mcgConfig_BOARD_BootClockRUN
 *fill*         0x00000000000057ba        0x2 ff
 .rodata.simConfig_BOARD_BootClockRUN
                0x00000000000057bc        0x8 ./board/clock_config.o
                0x00000000000057bc                simConfig_BOARD_BootClockRUN
 .rodata.oscConfig_BOARD_BootClockRUN
                0x00000000000057c4        0x8 ./board/clock_config.o
                0x00000000000057c4                oscConfig_BOARD_BootClockRUN
 .rodata.__num_Ciob_streams
                0x00000000000057cc        0x4 /usr/local/mcuxpressoide-11.2.0_4120/ide/plugins/com.nxp.mcuxpresso.tools.linux_11.2.0.202001021529/tools/bin/../lib/gcc/arm-none-eabi/9.2.1/../../../../arm-none-eabi/lib/thumb/v6-m/nofp/libcr_nohost_nf.a(__ciob.o)
                0x00000000000057cc                __num_Ciob_streams
 .rodata._initio.str1.1
                0x00000000000057d0        0x4 /usr/local/mcuxpressoide-11.2.0_4120/ide/plugins/com.nxp.mcuxpresso.tools.linux_11.2.0.202001021529/tools/bin/../lib/gcc/arm-none-eabi/9.2.1/../../../../arm-none-eabi/lib/thumb/v6-m/nofp/libcr_c.a(initio.o)
                0x00000000000057d4                . = ALIGN (0x4)

.glue_7         0x00000000000057d4        0x0
 .glue_7        0x00000000000057d4        0x0 linker stubs

.glue_7t        0x00000000000057d4        0x0
 .glue_7t       0x00000000000057d4        0x0 linker stubs

.vfp11_veneer   0x00000000000057d4        0x0
 .vfp11_veneer  0x00000000000057d4        0x0 linker stubs

.v4_bx          0x00000000000057d4        0x0
 .v4_bx         0x00000000000057d4        0x0 linker stubs

.iplt           0x00000000000057d4        0x0
 .iplt          0x00000000000057d4        0x0 ./utilities/fsl_debug_console.o

.rel.dyn        0x00000000000057d4        0x0
 .rel.iplt      0x00000000000057d4        0x0 ./utilities/fsl_debug_console.o

.ARM.extab
 *(SORT_BY_ALIGNMENT(.ARM.extab*) SORT_BY_ALIGNMENT(.gnu.linkonce.armextab.*))

.ARM.exidx      0x00000000000057d4        0x0
                0x00000000000057d4                __exidx_start = .
 *(SORT_BY_ALIGNMENT(.ARM.exidx*) SORT_BY_ALIGNMENT(.gnu.linkonce.armexidx.*))
                0x00000000000057d4                __exidx_end = .
                0x00000000000057d4                _etext = .

.m_usb_data
 *(SORT_BY_ALIGNMENT(m_usb_bdt))

.mtb_buffer_default
                0x000000001ffff000       0x80
 *(SORT_BY_ALIGNMENT(.mtb*))
 .mtb.$RAM1     0x000000001ffff000       0x80 ./source/mtb.o
                0x000000001ffff000                __mtb_buffer__

.uninit_RESERVED
                0x000000001ffff080        0x0
                0x000000001ffff080                _start_uninit_RESERVED = .
 *(SORT_BY_ALIGNMENT(.bss.$RESERVED*))
                0x000000001ffff080                . = ALIGN (0x4)
                0x000000001ffff080                _end_uninit_RESERVED = .

.data           0x000000001ffff080        0x8 load address 0x00000000000057d4
 FILL mask 0xff
                0x000000001ffff080                _data = .
                [!provide]                        PROVIDE (__start_data_RAM = .)
                [!provide]                        PROVIDE (__start_data_SRAM = .)
 *(SORT_BY_ALIGNMENT(vtable))
 *(SORT_BY_ALIGNMENT(.ramfunc*))
 *(SORT_BY_ALIGNMENT(CodeQuickAccess))
 *(SORT_BY_ALIGNMENT(DataQuickAccess))
 *(SORT_BY_ALIGNMENT(RamFunction))
 *(SORT_BY_ALIGNMENT(.data*))
 .data.s_slowIrcFreq
                0x000000001ffff080        0x4 ./drivers/fsl_clock.o
 .data.SystemCoreClock
                0x000000001ffff084        0x4 ./CMSIS/system_MKL25Z4.o
                0x000000001ffff084                SystemCoreClock
                0x000000001ffff088                . = ALIGN (0x4)
                0x000000001ffff088                _edata = .
                [!provide]                        PROVIDE (__end_data_RAM = .)
                [!provide]                        PROVIDE (__end_data_SRAM = .)

.igot.plt       0x000000001ffff088        0x0 load address 0x00000000000057dc
 .igot.plt      0x000000001ffff088        0x0 ./utilities/fsl_debug_console.o

.bss            0x000000001ffff088      0x174
                0x000000001ffff088                _bss = .
                [!provide]                        PROVIDE (__start_bss_RAM = .)
                [!provide]                        PROVIDE (__start_bss_SRAM = .)
 *(SORT_BY_ALIGNMENT(.bss*))
 .bss.s_debugConsole
                0x000000001ffff088       0x10 ./utilities/fsl_debug_console.o
 .bss.lock_detect
                0x000000001ffff098        0x4 ./source/i2c.o
                0x000000001ffff098                lock_detect
 .bss.i2c_lock  0x000000001ffff09c        0x4 ./source/i2c.o
                0x000000001ffff09c                i2c_lock
 .bss.configuration
                0x000000001ffff0a0       0x10 ./source/i2carbiter.o
 .bss.config_buffer
                0x000000001ffff0b0       0x21 ./source/init_sensors.o
 *fill*         0x000000001ffff0d1        0x3 
 .bss.i2carbiter_entries
                0x000000001ffff0d4       0x18 ./source/main.o
                0x000000001ffff0d4                i2carbiter_entries
 .bss.mma_t     0x000000001ffff0ec        0x1 ./source/statemachine.o
                0x000000001ffff0ec                mma_t
 *fill*         0x000000001ffff0ed        0x3 
 .bss.SystemMilliseconds
                0x000000001ffff0f0        0x4 ./source/systick.o
                0x000000001ffff0f0                SystemMilliseconds
 .bss.Timer_U32
                0x000000001ffff0f4        0x4 ./source/systick.o
                0x000000001ffff0f4                Timer_U32
 .bss.g_program_start
                0x000000001ffff0f8        0x4 ./source/systick.o
                0x000000001ffff0f8                g_program_start
 .bss.g_timer_start
                0x000000001ffff0fc        0x4 ./source/systick.o
                0x000000001ffff0fc                g_timer_start
 .bss.freeRunner
                0x000000001ffff100        0x4 ./source/systick.o
 .bss.g_xtal0Freq
                0x000000001ffff104        0x4 ./drivers/fsl_clock.o
                0x000000001ffff104                g_xtal0Freq
 .bss.s_DMAHandle
                0x000000001ffff108       0x10 ./drivers/fsl_dma.o
 .bss.s_i2cHandle
                0x000000001ffff118        0x8 ./drivers/fsl_i2c.o
 .bss.s_i2cMasterIsr
                0x000000001ffff120        0x4 ./drivers/fsl_i2c.o
 .bss.s_i2cSlaveIsr
                0x000000001ffff124        0x4 ./drivers/fsl_i2c.o
 .bss.s_lpsciHandle
                0x000000001ffff128        0x4 ./drivers/fsl_lpsci.o
 .bss.s_lpsciIsr
                0x000000001ffff12c        0x4 ./drivers/fsl_lpsci.o
 .bss.s_uartHandle
                0x000000001ffff130        0xc ./drivers/fsl_uart.o
 .bss.s_uartIsr
                0x000000001ffff13c        0x4 ./drivers/fsl_uart.o
 .bss.errno     0x000000001ffff140        0x4 /usr/local/mcuxpressoide-11.2.0_4120/ide/plugins/com.nxp.mcuxpresso.tools.linux_11.2.0.202001021529/tools/bin/../lib/gcc/arm-none-eabi/9.2.1/../../../../arm-none-eabi/lib/thumb/v6-m/nofp/libcr_c.a(errno.o)
                0x000000001ffff140                errno
 .bss.__Ciob    0x000000001ffff144       0xb4 /usr/local/mcuxpressoide-11.2.0_4120/ide/plugins/com.nxp.mcuxpresso.tools.linux_11.2.0.202001021529/tools/bin/../lib/gcc/arm-none-eabi/9.2.1/../../../../arm-none-eabi/lib/thumb/v6-m/nofp/libcr_nohost_nf.a(__ciob.o)
                0x000000001ffff144                __Ciob
 .bss.flag      0x000000001ffff1f8        0x1 ./source/statemachine.o
                0x000000001ffff1f8                flag
 *(SORT_BY_ALIGNMENT(COMMON))
                0x000000001ffff1fc                . = ALIGN (0x4)
 *fill*         0x000000001ffff1f9        0x3 
                0x000000001ffff1fc                _ebss = .
                [!provide]                        PROVIDE (__end_bss_RAM = .)
                [!provide]                        PROVIDE (__end_bss_SRAM = .)
                [!provide]                        PROVIDE (end = .)

.noinit         0x000000001ffff1fc        0x0
                0x000000001ffff1fc                _noinit = .
                [!provide]                        PROVIDE (__start_noinit_RAM = .)
                [!provide]                        PROVIDE (__start_noinit_SRAM = .)
 *(SORT_BY_ALIGNMENT(.noinit*))
                0x000000001ffff1fc                . = ALIGN (0x4)
                0x000000001ffff1fc                _end_noinit = .
                [!provide]                        PROVIDE (__end_noinit_RAM = .)
                [!provide]                        PROVIDE (__end_noinit_SRAM = .)
                0x0000000000000400                _HeapSize = 0x400

.heap           0x000000001ffff1fc      0x400
                0x000000001ffff1fc                _pvHeapStart = .
                0x000000001ffff5fc                . = (. + _HeapSize)
 *fill*         0x000000001ffff1fc      0x400 
                0x000000001ffff5fc                . = ALIGN (0x4)
                0x000000001ffff5fc                _pvHeapLimit = .
                0x0000000000000400                _StackSize = 0x400

.heap2stackfill
                0x000000001ffff5fc      0x400
                0x000000001ffff9fc                . = (. + _StackSize)
 *fill*         0x000000001ffff5fc      0x400 

.stack          0x0000000020002c00        0x0
                0x0000000020002c00                _vStackBase = .
                0x0000000020002c00                . = ALIGN (0x4)
                0x0000000020003000                _vStackTop = (. + _StackSize)
                0x0000000000000000                _image_start = LOADADDR (.text)
                0x00000000000057dc                _image_end = (LOADADDR (.data) + SIZEOF (.data))
                0x00000000000057dc                _image_size = (_image_end - _image_start)
OUTPUT(Final_Project.axf elf32-littlearm)

.debug_info     0x0000000000000000     0xf2d2
 .debug_info    0x0000000000000000      0xe72 ./utilities/fsl_debug_console.o
 .debug_info    0x0000000000000e72      0x4df ./startup/startup_mkl25z4.o
 .debug_info    0x0000000000001351      0x4e5 ./source/clock.o
 .debug_info    0x0000000000001836      0xdc1 ./source/i2c.o
 .debug_info    0x00000000000025f7      0x391 ./source/i2carbiter.o
 .debug_info    0x0000000000002988      0xd78 ./source/init_sensors.o
 .debug_info    0x0000000000003700      0x804 ./source/led.o
 .debug_info    0x0000000000003f04      0x9e6 ./source/main.o
 .debug_info    0x00000000000048ea      0xd28 ./source/mma8451q.o
 .debug_info    0x0000000000005612       0x53 ./source/mtb.o
 .debug_info    0x0000000000005665       0x3c ./source/semihost_hardfault.o
 .debug_info    0x00000000000056a1      0x731 ./source/statemachine.o
 .debug_info    0x0000000000005dd2      0x7b8 ./source/systick.o
 .debug_info    0x000000000000658a     0x1a97 ./drivers/fsl_clock.o
 .debug_info    0x0000000000008021      0x444 ./drivers/fsl_common.o
 .debug_info    0x0000000000008465      0xf4e ./drivers/fsl_dma.o
 .debug_info    0x00000000000093b3     0x1a9a ./drivers/fsl_i2c.o
 .debug_info    0x000000000000ae4d     0x1469 ./drivers/fsl_lpsci.o
 .debug_info    0x000000000000c2b6     0x140a ./drivers/fsl_uart.o
 .debug_info    0x000000000000d6c0      0x6fa ./board/board.o
 .debug_info    0x000000000000ddba      0xb00 ./board/clock_config.o
 .debug_info    0x000000000000e8ba       0x3c ./board/peripherals.o
 .debug_info    0x000000000000e8f6      0x5a3 ./board/pin_mux.o
 .debug_info    0x000000000000ee99      0x439 ./CMSIS/system_MKL25Z4.o

.debug_abbrev   0x0000000000000000     0x3333
 .debug_abbrev  0x0000000000000000      0x2d7 ./utilities/fsl_debug_console.o
 .debug_abbrev  0x00000000000002d7      0x18d ./startup/startup_mkl25z4.o
 .debug_abbrev  0x0000000000000464      0x152 ./source/clock.o
 .debug_abbrev  0x00000000000005b6      0x3dd ./source/i2c.o
 .debug_abbrev  0x0000000000000993      0x187 ./source/i2carbiter.o
 .debug_abbrev  0x0000000000000b1a      0x27c ./source/init_sensors.o
 .debug_abbrev  0x0000000000000d96      0x24e ./source/led.o
 .debug_abbrev  0x0000000000000fe4      0x1bc ./source/main.o
 .debug_abbrev  0x00000000000011a0      0x356 ./source/mma8451q.o
 .debug_abbrev  0x00000000000014f6       0x46 ./source/mtb.o
 .debug_abbrev  0x000000000000153c       0x31 ./source/semihost_hardfault.o
 .debug_abbrev  0x000000000000156d      0x259 ./source/statemachine.o
 .debug_abbrev  0x00000000000017c6      0x21c ./source/systick.o
 .debug_abbrev  0x00000000000019e2      0x36f ./drivers/fsl_clock.o
 .debug_abbrev  0x0000000000001d51      0x275 ./drivers/fsl_common.o
 .debug_abbrev  0x0000000000001fc6      0x2ec ./drivers/fsl_dma.o
 .debug_abbrev  0x00000000000022b2      0x36e ./drivers/fsl_i2c.o
 .debug_abbrev  0x0000000000002620      0x309 ./drivers/fsl_lpsci.o
 .debug_abbrev  0x0000000000002929      0x323 ./drivers/fsl_uart.o
 .debug_abbrev  0x0000000000002c4c      0x185 ./board/board.o
 .debug_abbrev  0x0000000000002dd1      0x220 ./board/clock_config.o
 .debug_abbrev  0x0000000000002ff1       0x31 ./board/peripherals.o
 .debug_abbrev  0x0000000000003022      0x1bb ./board/pin_mux.o
 .debug_abbrev  0x00000000000031dd      0x156 ./CMSIS/system_MKL25Z4.o

.debug_aranges  0x0000000000000000      0xd98
 .debug_aranges
                0x0000000000000000       0x90 ./utilities/fsl_debug_console.o
 .debug_aranges
                0x0000000000000090      0x160 ./startup/startup_mkl25z4.o
 .debug_aranges
                0x00000000000001f0       0x28 ./source/clock.o
 .debug_aranges
                0x0000000000000218       0xe8 ./source/i2c.o
 .debug_aranges
                0x0000000000000300       0x30 ./source/i2carbiter.o
 .debug_aranges
                0x0000000000000330       0x60 ./source/init_sensors.o
 .debug_aranges
                0x0000000000000390       0x68 ./source/led.o
 .debug_aranges
                0x00000000000003f8       0x28 ./source/main.o
 .debug_aranges
                0x0000000000000420      0x110 ./source/mma8451q.o
 .debug_aranges
                0x0000000000000530       0x18 ./source/mtb.o
 .debug_aranges
                0x0000000000000548       0x20 ./source/semihost_hardfault.o
 .debug_aranges
                0x0000000000000568       0x38 ./source/statemachine.o
 .debug_aranges
                0x00000000000005a0       0x58 ./source/systick.o
 .debug_aranges
                0x00000000000005f8      0x1d8 ./drivers/fsl_clock.o
 .debug_aranges
                0x00000000000007d0       0x38 ./drivers/fsl_common.o
 .debug_aranges
                0x0000000000000808       0xd0 ./drivers/fsl_dma.o
 .debug_aranges
                0x00000000000008d8      0x178 ./drivers/fsl_i2c.o
 .debug_aranges
                0x0000000000000a50      0x118 ./drivers/fsl_lpsci.o
 .debug_aranges
                0x0000000000000b68      0x130 ./drivers/fsl_uart.o
 .debug_aranges
                0x0000000000000c98       0x28 ./board/board.o
 .debug_aranges
                0x0000000000000cc0       0x58 ./board/clock_config.o
 .debug_aranges
                0x0000000000000d18       0x20 ./board/peripherals.o
 .debug_aranges
                0x0000000000000d38       0x38 ./board/pin_mux.o
 .debug_aranges
                0x0000000000000d70       0x28 ./CMSIS/system_MKL25Z4.o

.debug_ranges   0x0000000000000000      0xc10
 .debug_ranges  0x0000000000000000       0x80 ./utilities/fsl_debug_console.o
 .debug_ranges  0x0000000000000080      0x150 ./startup/startup_mkl25z4.o
 .debug_ranges  0x00000000000001d0       0x18 ./source/clock.o
 .debug_ranges  0x00000000000001e8       0xd8 ./source/i2c.o
 .debug_ranges  0x00000000000002c0       0x20 ./source/i2carbiter.o
 .debug_ranges  0x00000000000002e0       0x50 ./source/init_sensors.o
 .debug_ranges  0x0000000000000330       0x58 ./source/led.o
 .debug_ranges  0x0000000000000388       0x18 ./source/main.o
 .debug_ranges  0x00000000000003a0      0x100 ./source/mma8451q.o
 .debug_ranges  0x00000000000004a0       0x10 ./source/semihost_hardfault.o
 .debug_ranges  0x00000000000004b0       0x28 ./source/statemachine.o
 .debug_ranges  0x00000000000004d8       0x48 ./source/systick.o
 .debug_ranges  0x0000000000000520      0x1c8 ./drivers/fsl_clock.o
 .debug_ranges  0x00000000000006e8       0x28 ./drivers/fsl_common.o
 .debug_ranges  0x0000000000000710       0xc0 ./drivers/fsl_dma.o
 .debug_ranges  0x00000000000007d0      0x168 ./drivers/fsl_i2c.o
 .debug_ranges  0x0000000000000938      0x108 ./drivers/fsl_lpsci.o
 .debug_ranges  0x0000000000000a40      0x120 ./drivers/fsl_uart.o
 .debug_ranges  0x0000000000000b60       0x18 ./board/board.o
 .debug_ranges  0x0000000000000b78       0x48 ./board/clock_config.o
 .debug_ranges  0x0000000000000bc0       0x10 ./board/peripherals.o
 .debug_ranges  0x0000000000000bd0       0x28 ./board/pin_mux.o
 .debug_ranges  0x0000000000000bf8       0x18 ./CMSIS/system_MKL25Z4.o

.debug_macro    0x0000000000000000     0x9da1
 .debug_macro   0x0000000000000000      0x127 ./utilities/fsl_debug_console.o
 .debug_macro   0x0000000000000127      0xab4 ./utilities/fsl_debug_console.o
 .debug_macro   0x0000000000000bdb       0x10 ./utilities/fsl_debug_console.o
 .debug_macro   0x0000000000000beb       0x16 ./utilities/fsl_debug_console.o
 .debug_macro   0x0000000000000c01       0x10 ./utilities/fsl_debug_console.o
 .debug_macro   0x0000000000000c11      0x12e ./utilities/fsl_debug_console.o
 .debug_macro   0x0000000000000d3f       0x28 ./utilities/fsl_debug_console.o
 .debug_macro   0x0000000000000d67       0xc4 ./utilities/fsl_debug_console.o
 .debug_macro   0x0000000000000e2b       0x16 ./utilities/fsl_debug_console.o
 .debug_macro   0x0000000000000e41       0x22 ./utilities/fsl_debug_console.o
 .debug_macro   0x0000000000000e63      0x5b3 ./utilities/fsl_debug_console.o
 .debug_macro   0x0000000000001416       0x10 ./utilities/fsl_debug_console.o
 .debug_macro   0x0000000000001426       0x3f ./utilities/fsl_debug_console.o
 .debug_macro   0x0000000000001465       0x3a ./utilities/fsl_debug_console.o
 .debug_macro   0x000000000000149f       0x26 ./utilities/fsl_debug_console.o
 .debug_macro   0x00000000000014c5      0x329 ./utilities/fsl_debug_console.o
 .debug_macro   0x00000000000017ee       0x30 ./utilities/fsl_debug_console.o
 .debug_macro   0x000000000000181e     0x51e2 ./utilities/fsl_debug_console.o
 .debug_macro   0x0000000000006a00     0x1352 ./utilities/fsl_debug_console.o
 .debug_macro   0x0000000000007d52       0x3a ./utilities/fsl_debug_console.o
 .debug_macro   0x0000000000007d8c       0xf4 ./utilities/fsl_debug_console.o
 .debug_macro   0x0000000000007e80       0x35 ./utilities/fsl_debug_console.o
 .debug_macro   0x0000000000007eb5       0x2e ./utilities/fsl_debug_console.o
 .debug_macro   0x0000000000007ee3       0x10 ./utilities/fsl_debug_console.o
 .debug_macro   0x0000000000007ef3       0x10 ./utilities/fsl_debug_console.o
 .debug_macro   0x0000000000007f03       0x29 ./startup/startup_mkl25z4.o
 .debug_macro   0x0000000000007f2c       0xb0 ./source/clock.o
 .debug_macro   0x0000000000007fdc       0x34 ./source/clock.o
 .debug_macro   0x0000000000008010       0x10 ./source/clock.o
 .debug_macro   0x0000000000008020       0xd8 ./source/clock.o
 .debug_macro   0x00000000000080f8      0x15c ./source/i2c.o
 .debug_macro   0x0000000000008254       0x16 ./source/i2c.o
 .debug_macro   0x000000000000826a       0x34 ./source/i2c.o
 .debug_macro   0x000000000000829e       0x76 ./source/i2c.o
 .debug_macro   0x0000000000008314       0xd2 ./source/i2c.o
 .debug_macro   0x00000000000083e6       0xb4 ./source/i2carbiter.o
 .debug_macro   0x000000000000849a      0x19c ./source/init_sensors.o
 .debug_macro   0x0000000000008636       0xb9 ./source/init_sensors.o
 .debug_macro   0x00000000000086ef       0x2e ./source/init_sensors.o
 .debug_macro   0x000000000000871d       0x76 ./source/init_sensors.o
 .debug_macro   0x0000000000008793      0x17a ./source/led.o
 .debug_macro   0x000000000000890d       0xb3 ./source/led.o
 .debug_macro   0x00000000000089c0      0x1ee ./source/main.o
 .debug_macro   0x0000000000008bae       0x16 ./source/main.o
 .debug_macro   0x0000000000008bc4       0x10 ./source/main.o
 .debug_macro   0x0000000000008bd4      0x112 ./source/main.o
 .debug_macro   0x0000000000008ce6       0x10 ./source/main.o
 .debug_macro   0x0000000000008cf6       0x22 ./source/main.o
 .debug_macro   0x0000000000008d18       0x7c ./source/main.o
 .debug_macro   0x0000000000008d94       0x34 ./source/main.o
 .debug_macro   0x0000000000008dc8      0x19b ./source/mma8451q.o
 .debug_macro   0x0000000000008f63       0x10 ./source/mma8451q.o
 .debug_macro   0x0000000000008f73       0x2f ./source/mtb.o
 .debug_macro   0x0000000000008fa2       0x82 ./source/mtb.o
 .debug_macro   0x0000000000009024       0x10 ./source/mtb.o
 .debug_macro   0x0000000000009034       0x11 ./source/semihost_hardfault.o
 .debug_macro   0x0000000000009045      0x1cb ./source/statemachine.o
 .debug_macro   0x0000000000009210      0x130 ./source/systick.o
 .debug_macro   0x0000000000009340      0x196 ./drivers/fsl_clock.o
 .debug_macro   0x00000000000094d6       0x1c ./drivers/fsl_clock.o
 .debug_macro   0x00000000000094f2       0xef ./drivers/fsl_common.o
 .debug_macro   0x00000000000095e1       0xec ./drivers/fsl_dma.o
 .debug_macro   0x00000000000096cd       0xeb ./drivers/fsl_i2c.o
 .debug_macro   0x00000000000097b8       0x10 ./drivers/fsl_i2c.o
 .debug_macro   0x00000000000097c8       0xec ./drivers/fsl_lpsci.o
 .debug_macro   0x00000000000098b4       0xf2 ./drivers/fsl_uart.o
 .debug_macro   0x00000000000099a6      0x112 ./board/board.o
 .debug_macro   0x0000000000009ab8      0x123 ./board/clock_config.o
 .debug_macro   0x0000000000009bdb       0x1b ./board/peripherals.o
 .debug_macro   0x0000000000009bf6      0x107 ./board/pin_mux.o
 .debug_macro   0x0000000000009cfd       0x10 ./board/pin_mux.o
 .debug_macro   0x0000000000009d0d       0x94 ./CMSIS/system_MKL25Z4.o

.debug_line     0x0000000000000000     0x9a1b
 .debug_line    0x0000000000000000      0xc64 ./utilities/fsl_debug_console.o
 .debug_line    0x0000000000000c64      0x1e7 ./startup/startup_mkl25z4.o
 .debug_line    0x0000000000000e4b      0x29b ./source/clock.o
 .debug_line    0x00000000000010e6      0x8d5 ./source/i2c.o
 .debug_line    0x00000000000019bb      0x37a ./source/i2carbiter.o
 .debug_line    0x0000000000001d35      0x55f ./source/init_sensors.o
 .debug_line    0x0000000000002294      0x544 ./source/led.o
 .debug_line    0x00000000000027d8      0x46c ./source/main.o
 .debug_line    0x0000000000002c44      0x978 ./source/mma8451q.o
 .debug_line    0x00000000000035bc       0xd5 ./source/mtb.o
 .debug_line    0x0000000000003691       0x59 ./source/semihost_hardfault.o
 .debug_line    0x00000000000036ea      0x4db ./source/statemachine.o
 .debug_line    0x0000000000003bc5      0x49f ./source/systick.o
 .debug_line    0x0000000000004064     0x12ec ./drivers/fsl_clock.o
 .debug_line    0x0000000000005350      0x3f8 ./drivers/fsl_common.o
 .debug_line    0x0000000000005748      0x74b ./drivers/fsl_dma.o
 .debug_line    0x0000000000005e93     0x12a3 ./drivers/fsl_i2c.o
 .debug_line    0x0000000000007136      0xd65 ./drivers/fsl_lpsci.o
 .debug_line    0x0000000000007e9b      0xd54 ./drivers/fsl_uart.o
 .debug_line    0x0000000000008bef      0x36c ./board/board.o
 .debug_line    0x0000000000008f5b      0x3d1 ./board/clock_config.o
 .debug_line    0x000000000000932c       0x5c ./board/peripherals.o
 .debug_line    0x0000000000009388      0x358 ./board/pin_mux.o
 .debug_line    0x00000000000096e0      0x33b ./CMSIS/system_MKL25Z4.o

.debug_str      0x0000000000000000    0x39159
 .debug_str     0x0000000000000000    0x314f4 ./utilities/fsl_debug_console.o
                                      0x317a4 (size before relaxing)
 .debug_str     0x00000000000314f4      0x3e1 ./startup/startup_mkl25z4.o
                                       0x31f7 (size before relaxing)
 .debug_str     0x00000000000318d5      0x541 ./source/clock.o
                                      0x29314 (size before relaxing)
 .debug_str     0x0000000000031e16      0x711 ./source/i2c.o
                                      0x315ce (size before relaxing)
 .debug_str     0x0000000000032527      0x104 ./source/i2carbiter.o
                                      0x2908a (size before relaxing)
 .debug_str     0x000000000003262b      0xd64 ./source/init_sensors.o
                                      0x3219f (size before relaxing)
 .debug_str     0x000000000003338f       0x93 ./source/led.o
                                      0x316a1 (size before relaxing)
 .debug_str     0x0000000000033422      0xe78 ./source/main.o
                                      0x32e6a (size before relaxing)
 .debug_str     0x000000000003429a      0x7a5 ./source/mma8451q.o
                                      0x2a81c (size before relaxing)
 .debug_str     0x0000000000034a3f      0x532 ./source/mtb.o
                                       0x3303 (size before relaxing)
 .debug_str     0x0000000000034f71       0x1f ./source/semihost_hardfault.o
                                       0x2df0 (size before relaxing)
 .debug_str     0x0000000000034f90       0xdd ./source/statemachine.o
                                      0x32144 (size before relaxing)
 .debug_str     0x000000000003506d       0x97 ./source/systick.o
                                      0x311d6 (size before relaxing)
 .debug_str     0x0000000000035104     0x14d2 ./drivers/fsl_clock.o
                                      0x322fe (size before relaxing)
 .debug_str     0x00000000000365d6      0x113 ./drivers/fsl_common.o
                                      0x308e5 (size before relaxing)
 .debug_str     0x00000000000366e9      0x787 ./drivers/fsl_dma.o
                                      0x315cc (size before relaxing)
 .debug_str     0x0000000000036e70      0xbe9 ./drivers/fsl_i2c.o
                                      0x31ad8 (size before relaxing)
 .debug_str     0x0000000000037a59      0x921 ./drivers/fsl_lpsci.o
                                      0x31906 (size before relaxing)
 .debug_str     0x000000000003837a      0x832 ./drivers/fsl_uart.o
                                      0x31929 (size before relaxing)
 .debug_str     0x0000000000038bac       0x4c ./board/board.o
                                      0x31443 (size before relaxing)
 .debug_str     0x0000000000038bf8      0x300 ./board/clock_config.o
                                      0x3122c (size before relaxing)
 .debug_str     0x0000000000038ef8       0x31 ./board/peripherals.o
                                       0x2e01 (size before relaxing)
 .debug_str     0x0000000000038f29      0x1e1 ./board/pin_mux.o
                                      0x3098f (size before relaxing)
 .debug_str     0x000000000003910a       0x4f ./CMSIS/system_MKL25Z4.o
                                      0x2fc68 (size before relaxing)

.comment        0x0000000000000000       0x79
 .comment       0x0000000000000000       0x79 ./utilities/fsl_debug_console.o
                                         0x7a (size before relaxing)
 .comment       0x0000000000000079       0x7a ./startup/startup_mkl25z4.o
 .comment       0x0000000000000079       0x7a ./source/clock.o
 .comment       0x0000000000000079       0x7a ./source/i2c.o
 .comment       0x0000000000000079       0x7a ./source/i2carbiter.o
 .comment       0x0000000000000079       0x7a ./source/init_sensors.o
 .comment       0x0000000000000079       0x7a ./source/led.o
 .comment       0x0000000000000079       0x7a ./source/main.o
 .comment       0x0000000000000079       0x7a ./source/mma8451q.o
 .comment       0x0000000000000079       0x7a ./source/mtb.o
 .comment       0x0000000000000079       0x7a ./source/semihost_hardfault.o
 .comment       0x0000000000000079       0x7a ./source/statemachine.o
 .comment       0x0000000000000079       0x7a ./source/systick.o
 .comment       0x0000000000000079       0x7a ./drivers/fsl_clock.o
 .comment       0x0000000000000079       0x7a ./drivers/fsl_common.o
 .comment       0x0000000000000079       0x7a ./drivers/fsl_dma.o
 .comment       0x0000000000000079       0x7a ./drivers/fsl_i2c.o
 .comment       0x0000000000000079       0x7a ./drivers/fsl_lpsci.o
 .comment       0x0000000000000079       0x7a ./drivers/fsl_uart.o
 .comment       0x0000000000000079       0x7a ./board/board.o
 .comment       0x0000000000000079       0x7a ./board/clock_config.o
 .comment       0x0000000000000079       0x7a ./board/peripherals.o
 .comment       0x0000000000000079       0x7a ./board/pin_mux.o
 .comment       0x0000000000000079       0x7a ./CMSIS/system_MKL25Z4.o
 .comment       0x0000000000000079       0x7a /usr/local/mcuxpressoide-11.2.0_4120/ide/plugins/com.nxp.mcuxpresso.tools.linux_11.2.0.202001021529/tools/bin/../lib/gcc/arm-none-eabi/9.2.1/../../../../arm-none-eabi/lib/thumb/v6-m/nofp/libcr_nohost_nf.a(_cr__main.o)
 .comment       0x0000000000000079       0x7a /usr/local/mcuxpressoide-11.2.0_4120/ide/plugins/com.nxp.mcuxpresso.tools.linux_11.2.0.202001021529/tools/bin/../lib/gcc/arm-none-eabi/9.2.1/../../../../arm-none-eabi/lib/thumb/v6-m/nofp/libcr_c.a(memset.o)
 .comment       0x0000000000000079       0x7a /usr/local/mcuxpressoide-11.2.0_4120/ide/plugins/com.nxp.mcuxpresso.tools.linux_11.2.0.202001021529/tools/bin/../lib/gcc/arm-none-eabi/9.2.1/../../../../arm-none-eabi/lib/thumb/v6-m/nofp/libcr_c.a(atan2.o)
 .comment       0x0000000000000079       0x7a /usr/local/mcuxpressoide-11.2.0_4120/ide/plugins/com.nxp.mcuxpresso.tools.linux_11.2.0.202001021529/tools/bin/../lib/gcc/arm-none-eabi/9.2.1/../../../../arm-none-eabi/lib/thumb/v6-m/nofp/libcr_c.a(errno.o)
 .comment       0x0000000000000079       0x7a /usr/local/mcuxpressoide-11.2.0_4120/ide/plugins/com.nxp.mcuxpresso.tools.linux_11.2.0.202001021529/tools/bin/../lib/gcc/arm-none-eabi/9.2.1/../../../../arm-none-eabi/lib/thumb/v6-m/nofp/libcr_c.a(fabs.o)
 .comment       0x0000000000000079       0x7a /usr/local/mcuxpressoide-11.2.0_4120/ide/plugins/com.nxp.mcuxpresso.tools.linux_11.2.0.202001021529/tools/bin/../lib/gcc/arm-none-eabi/9.2.1/../../../../arm-none-eabi/lib/thumb/v6-m/nofp/libcr_c.a(initio.o)
 .comment       0x0000000000000079       0x7a /usr/local/mcuxpressoide-11.2.0_4120/ide/plugins/com.nxp.mcuxpresso.tools.linux_11.2.0.202001021529/tools/bin/../lib/gcc/arm-none-eabi/9.2.1/../../../../arm-none-eabi/lib/thumb/v6-m/nofp/libcr_c.a(setvbuf.o)
 .comment       0x0000000000000079       0x7a /usr/local/mcuxpressoide-11.2.0_4120/ide/plugins/com.nxp.mcuxpresso.tools.linux_11.2.0.202001021529/tools/bin/../lib/gcc/arm-none-eabi/9.2.1/../../../../arm-none-eabi/lib/thumb/v6-m/nofp/libcr_c.a(sqrt.o)
 .comment       0x0000000000000079       0x7a /usr/local/mcuxpressoide-11.2.0_4120/ide/plugins/com.nxp.mcuxpresso.tools.linux_11.2.0.202001021529/tools/bin/../lib/gcc/arm-none-eabi/9.2.1/../../../../arm-none-eabi/lib/thumb/v6-m/nofp/libcr_c.a(strlen.o)
 .comment       0x0000000000000079       0x7a /usr/local/mcuxpressoide-11.2.0_4120/ide/plugins/com.nxp.mcuxpresso.tools.linux_11.2.0.202001021529/tools/bin/../lib/gcc/arm-none-eabi/9.2.1/../../../../arm-none-eabi/lib/thumb/v6-m/nofp/libcr_c.a(_fdopen.o)
 .comment       0x0000000000000079       0x7a /usr/local/mcuxpressoide-11.2.0_4120/ide/plugins/com.nxp.mcuxpresso.tools.linux_11.2.0.202001021529/tools/bin/../lib/gcc/arm-none-eabi/9.2.1/../../../../arm-none-eabi/lib/thumb/v6-m/nofp/libcr_c.a(atan.o)
 .comment       0x0000000000000079       0x7a /usr/local/mcuxpressoide-11.2.0_4120/ide/plugins/com.nxp.mcuxpresso.tools.linux_11.2.0.202001021529/tools/bin/../lib/gcc/arm-none-eabi/9.2.1/../../../../arm-none-eabi/lib/thumb/v6-m/nofp/libcr_c.a(fclose.o)
 .comment       0x0000000000000079       0x7a /usr/local/mcuxpressoide-11.2.0_4120/ide/plugins/com.nxp.mcuxpresso.tools.linux_11.2.0.202001021529/tools/bin/../lib/gcc/arm-none-eabi/9.2.1/../../../../arm-none-eabi/lib/thumb/v6-m/nofp/libcr_c.a(fflush.o)
 .comment       0x0000000000000079       0x7a /usr/local/mcuxpressoide-11.2.0_4120/ide/plugins/com.nxp.mcuxpresso.tools.linux_11.2.0.202001021529/tools/bin/../lib/gcc/arm-none-eabi/9.2.1/../../../../arm-none-eabi/lib/thumb/v6-m/nofp/libcr_c.a(fseek.o)
 .comment       0x0000000000000079       0x7a /usr/local/mcuxpressoide-11.2.0_4120/ide/plugins/com.nxp.mcuxpresso.tools.linux_11.2.0.202001021529/tools/bin/../lib/gcc/arm-none-eabi/9.2.1/../../../../arm-none-eabi/lib/thumb/v6-m/nofp/libcr_c.a(ftell.o)
 .comment       0x0000000000000079       0x7a /usr/local/mcuxpressoide-11.2.0_4120/ide/plugins/com.nxp.mcuxpresso.tools.linux_11.2.0.202001021529/tools/bin/../lib/gcc/arm-none-eabi/9.2.1/../../../../arm-none-eabi/lib/thumb/v6-m/nofp/libcr_c.a(remove.o)
 .comment       0x0000000000000079       0x7a /usr/local/mcuxpressoide-11.2.0_4120/ide/plugins/com.nxp.mcuxpresso.tools.linux_11.2.0.202001021529/tools/bin/../lib/gcc/arm-none-eabi/9.2.1/../../../../arm-none-eabi/lib/thumb/v6-m/nofp/libcr_c.a(_do_fflush.o)
 .comment       0x0000000000000079       0x7a /usr/local/mcuxpressoide-11.2.0_4120/ide/plugins/com.nxp.mcuxpresso.tools.linux_11.2.0.202001021529/tools/bin/../lib/gcc/arm-none-eabi/9.2.1/../../../../arm-none-eabi/lib/thumb/v6-m/nofp/libcr_c.a(_fflush.o)
 .comment       0x0000000000000079       0x7a /usr/local/mcuxpressoide-11.2.0_4120/ide/plugins/com.nxp.mcuxpresso.tools.linux_11.2.0.202001021529/tools/bin/../lib/gcc/arm-none-eabi/9.2.1/../../../../arm-none-eabi/lib/thumb/v6-m/nofp/libcr_c.a(_writebuf.o)
 .comment       0x0000000000000079       0x7a /usr/local/mcuxpressoide-11.2.0_4120/ide/plugins/com.nxp.mcuxpresso.tools.linux_11.2.0.202001021529/tools/bin/../lib/gcc/arm-none-eabi/9.2.1/../../../../arm-none-eabi/lib/thumb/v6-m/nofp/libcr_c.a(alloc.o)
 .comment       0x0000000000000079       0x7a /usr/local/mcuxpressoide-11.2.0_4120/ide/plugins/com.nxp.mcuxpresso.tools.linux_11.2.0.202001021529/tools/bin/../lib/gcc/arm-none-eabi/9.2.1/../../../../arm-none-eabi/lib/thumb/v6-m/nofp/libcr_c.a(_deferredlazyseek.o)
 .comment       0x0000000000000079       0x7a /usr/local/mcuxpressoide-11.2.0_4120/ide/plugins/com.nxp.mcuxpresso.tools.linux_11.2.0.202001021529/tools/bin/../lib/gcc/arm-none-eabi/9.2.1/thumb/v6-m/nofp/libcr_eabihelpers.a(double.o)
 .comment       0x0000000000000079       0x7a /usr/local/mcuxpressoide-11.2.0_4120/ide/plugins/com.nxp.mcuxpresso.tools.linux_11.2.0.202001021529/tools/bin/../lib/gcc/arm-none-eabi/9.2.1/thumb/v6-m/nofp/libcr_eabihelpers.a(float.o)
 .comment       0x0000000000000079       0x7a /usr/local/mcuxpressoide-11.2.0_4120/ide/plugins/com.nxp.mcuxpresso.tools.linux_11.2.0.202001021529/tools/bin/../lib/gcc/arm-none-eabi/9.2.1/../../../../arm-none-eabi/lib/thumb/v6-m/nofp/libcr_nohost_nf.a(__ciob.o)
 .comment       0x0000000000000079       0x7a /usr/local/mcuxpressoide-11.2.0_4120/ide/plugins/com.nxp.mcuxpresso.tools.linux_11.2.0.202001021529/tools/bin/../lib/gcc/arm-none-eabi/9.2.1/../../../../arm-none-eabi/lib/thumb/v6-m/nofp/libcr_nohost_nf.a(__sys_close.o)
 .comment       0x0000000000000079       0x7a /usr/local/mcuxpressoide-11.2.0_4120/ide/plugins/com.nxp.mcuxpresso.tools.linux_11.2.0.202001021529/tools/bin/../lib/gcc/arm-none-eabi/9.2.1/../../../../arm-none-eabi/lib/thumb/v6-m/nofp/libcr_nohost_nf.a(__sys_flen.o)
 .comment       0x0000000000000079       0x7a /usr/local/mcuxpressoide-11.2.0_4120/ide/plugins/com.nxp.mcuxpresso.tools.linux_11.2.0.202001021529/tools/bin/../lib/gcc/arm-none-eabi/9.2.1/../../../../arm-none-eabi/lib/thumb/v6-m/nofp/libcr_nohost_nf.a(__sys_istty.o)
 .comment       0x0000000000000079       0x7a /usr/local/mcuxpressoide-11.2.0_4120/ide/plugins/com.nxp.mcuxpresso.tools.linux_11.2.0.202001021529/tools/bin/../lib/gcc/arm-none-eabi/9.2.1/../../../../arm-none-eabi/lib/thumb/v6-m/nofp/libcr_nohost_nf.a(__sys_remove.o)
 .comment       0x0000000000000079       0x7a /usr/local/mcuxpressoide-11.2.0_4120/ide/plugins/com.nxp.mcuxpresso.tools.linux_11.2.0.202001021529/tools/bin/../lib/gcc/arm-none-eabi/9.2.1/../../../../arm-none-eabi/lib/thumb/v6-m/nofp/libcr_nohost_nf.a(__sys_seek.o)
 .comment       0x0000000000000079       0x7a /usr/local/mcuxpressoide-11.2.0_4120/ide/plugins/com.nxp.mcuxpresso.tools.linux_11.2.0.202001021529/tools/bin/../lib/gcc/arm-none-eabi/9.2.1/../../../../arm-none-eabi/lib/thumb/v6-m/nofp/libcr_nohost_nf.a(__sys_tmpnam.o)
 .comment       0x0000000000000079       0x7a /usr/local/mcuxpressoide-11.2.0_4120/ide/plugins/com.nxp.mcuxpresso.tools.linux_11.2.0.202001021529/tools/bin/../lib/gcc/arm-none-eabi/9.2.1/../../../../arm-none-eabi/lib/thumb/v6-m/nofp/libcr_nohost_nf.a(__sys_write.o)

.ARM.attributes
                0x0000000000000000       0x2a
 .ARM.attributes
                0x0000000000000000       0x2c ./utilities/fsl_debug_console.o
 .ARM.attributes
                0x000000000000002c       0x2c ./startup/startup_mkl25z4.o
 .ARM.attributes
                0x0000000000000058       0x2c ./source/clock.o
 .ARM.attributes
                0x0000000000000084       0x2c ./source/i2c.o
 .ARM.attributes
                0x00000000000000b0       0x2c ./source/i2carbiter.o
 .ARM.attributes
                0x00000000000000dc       0x2c ./source/init_sensors.o
 .ARM.attributes
                0x0000000000000108       0x2c ./source/led.o
 .ARM.attributes
                0x0000000000000134       0x2c ./source/main.o
 .ARM.attributes
                0x0000000000000160       0x2c ./source/mma8451q.o
 .ARM.attributes
                0x000000000000018c       0x32 ./source/mtb.o
 .ARM.attributes
                0x00000000000001be       0x2c ./source/semihost_hardfault.o
 .ARM.attributes
                0x00000000000001ea       0x2c ./source/statemachine.o
 .ARM.attributes
                0x0000000000000216       0x2c ./source/systick.o
 .ARM.attributes
                0x0000000000000242       0x2c ./drivers/fsl_clock.o
 .ARM.attributes
                0x000000000000026e       0x2c ./drivers/fsl_common.o
 .ARM.attributes
                0x000000000000029a       0x2c ./drivers/fsl_dma.o
 .ARM.attributes
                0x00000000000002c6       0x2c ./drivers/fsl_i2c.o
 .ARM.attributes
                0x00000000000002f2       0x2c ./drivers/fsl_lpsci.o
 .ARM.attributes
                0x000000000000031e       0x2c ./drivers/fsl_uart.o
 .ARM.attributes
                0x000000000000034a       0x2c ./board/board.o
 .ARM.attributes
                0x0000000000000376       0x2c ./board/clock_config.o
 .ARM.attributes
                0x00000000000003a2       0x2c ./board/peripherals.o
 .ARM.attributes
                0x00000000000003ce       0x2c ./board/pin_mux.o
 .ARM.attributes
                0x00000000000003fa       0x2c ./CMSIS/system_MKL25Z4.o
 .ARM.attributes
                0x0000000000000426       0x2c /usr/local/mcuxpressoide-11.2.0_4120/ide/plugins/com.nxp.mcuxpresso.tools.linux_11.2.0.202001021529/tools/bin/../lib/gcc/arm-none-eabi/9.2.1/../../../../arm-none-eabi/lib/thumb/v6-m/nofp/libcr_nohost_nf.a(_cr__main.o)
 .ARM.attributes
                0x0000000000000452       0x2c /usr/local/mcuxpressoide-11.2.0_4120/ide/plugins/com.nxp.mcuxpresso.tools.linux_11.2.0.202001021529/tools/bin/../lib/gcc/arm-none-eabi/9.2.1/../../../../arm-none-eabi/lib/thumb/v6-m/nofp/libcr_c.a(memset.o)
 .ARM.attributes
                0x000000000000047e       0x2c /usr/local/mcuxpressoide-11.2.0_4120/ide/plugins/com.nxp.mcuxpresso.tools.linux_11.2.0.202001021529/tools/bin/../lib/gcc/arm-none-eabi/9.2.1/../../../../arm-none-eabi/lib/thumb/v6-m/nofp/libcr_c.a(atan2.o)
 .ARM.attributes
                0x00000000000004aa       0x31 /usr/local/mcuxpressoide-11.2.0_4120/ide/plugins/com.nxp.mcuxpresso.tools.linux_11.2.0.202001021529/tools/bin/../lib/gcc/arm-none-eabi/9.2.1/../../../../arm-none-eabi/lib/thumb/v6-m/nofp/libcr_c.a(errno.o)
 .ARM.attributes
                0x00000000000004db       0x2c /usr/local/mcuxpressoide-11.2.0_4120/ide/plugins/com.nxp.mcuxpresso.tools.linux_11.2.0.202001021529/tools/bin/../lib/gcc/arm-none-eabi/9.2.1/../../../../arm-none-eabi/lib/thumb/v6-m/nofp/libcr_c.a(fabs.o)
 .ARM.attributes
                0x0000000000000507       0x2c /usr/local/mcuxpressoide-11.2.0_4120/ide/plugins/com.nxp.mcuxpresso.tools.linux_11.2.0.202001021529/tools/bin/../lib/gcc/arm-none-eabi/9.2.1/../../../../arm-none-eabi/lib/thumb/v6-m/nofp/libcr_c.a(initio.o)
 .ARM.attributes
                0x0000000000000533       0x2c /usr/local/mcuxpressoide-11.2.0_4120/ide/plugins/com.nxp.mcuxpresso.tools.linux_11.2.0.202001021529/tools/bin/../lib/gcc/arm-none-eabi/9.2.1/../../../../arm-none-eabi/lib/thumb/v6-m/nofp/libcr_c.a(setvbuf.o)
 .ARM.attributes
                0x000000000000055f       0x2c /usr/local/mcuxpressoide-11.2.0_4120/ide/plugins/com.nxp.mcuxpresso.tools.linux_11.2.0.202001021529/tools/bin/../lib/gcc/arm-none-eabi/9.2.1/../../../../arm-none-eabi/lib/thumb/v6-m/nofp/libcr_c.a(sqrt.o)
 .ARM.attributes
                0x000000000000058b       0x2c /usr/local/mcuxpressoide-11.2.0_4120/ide/plugins/com.nxp.mcuxpresso.tools.linux_11.2.0.202001021529/tools/bin/../lib/gcc/arm-none-eabi/9.2.1/../../../../arm-none-eabi/lib/thumb/v6-m/nofp/libcr_c.a(strlen.o)
 .ARM.attributes
                0x00000000000005b7       0x2c /usr/local/mcuxpressoide-11.2.0_4120/ide/plugins/com.nxp.mcuxpresso.tools.linux_11.2.0.202001021529/tools/bin/../lib/gcc/arm-none-eabi/9.2.1/../../../../arm-none-eabi/lib/thumb/v6-m/nofp/libcr_c.a(_fdopen.o)
 .ARM.attributes
                0x00000000000005e3       0x2c /usr/local/mcuxpressoide-11.2.0_4120/ide/plugins/com.nxp.mcuxpresso.tools.linux_11.2.0.202001021529/tools/bin/../lib/gcc/arm-none-eabi/9.2.1/../../../../arm-none-eabi/lib/thumb/v6-m/nofp/libcr_c.a(atan.o)
 .ARM.attributes
                0x000000000000060f       0x2c /usr/local/mcuxpressoide-11.2.0_4120/ide/plugins/com.nxp.mcuxpresso.tools.linux_11.2.0.202001021529/tools/bin/../lib/gcc/arm-none-eabi/9.2.1/../../../../arm-none-eabi/lib/thumb/v6-m/nofp/libcr_c.a(fclose.o)
 .ARM.attributes
                0x000000000000063b       0x2c /usr/local/mcuxpressoide-11.2.0_4120/ide/plugins/com.nxp.mcuxpresso.tools.linux_11.2.0.202001021529/tools/bin/../lib/gcc/arm-none-eabi/9.2.1/../../../../arm-none-eabi/lib/thumb/v6-m/nofp/libcr_c.a(fflush.o)
 .ARM.attributes
                0x0000000000000667       0x2c /usr/local/mcuxpressoide-11.2.0_4120/ide/plugins/com.nxp.mcuxpresso.tools.linux_11.2.0.202001021529/tools/bin/../lib/gcc/arm-none-eabi/9.2.1/../../../../arm-none-eabi/lib/thumb/v6-m/nofp/libcr_c.a(fseek.o)
 .ARM.attributes
                0x0000000000000693       0x2c /usr/local/mcuxpressoide-11.2.0_4120/ide/plugins/com.nxp.mcuxpresso.tools.linux_11.2.0.202001021529/tools/bin/../lib/gcc/arm-none-eabi/9.2.1/../../../../arm-none-eabi/lib/thumb/v6-m/nofp/libcr_c.a(ftell.o)
 .ARM.attributes
                0x00000000000006bf       0x2c /usr/local/mcuxpressoide-11.2.0_4120/ide/plugins/com.nxp.mcuxpresso.tools.linux_11.2.0.202001021529/tools/bin/../lib/gcc/arm-none-eabi/9.2.1/../../../../arm-none-eabi/lib/thumb/v6-m/nofp/libcr_c.a(remove.o)
 .ARM.attributes
                0x00000000000006eb       0x2c /usr/local/mcuxpressoide-11.2.0_4120/ide/plugins/com.nxp.mcuxpresso.tools.linux_11.2.0.202001021529/tools/bin/../lib/gcc/arm-none-eabi/9.2.1/../../../../arm-none-eabi/lib/thumb/v6-m/nofp/libcr_c.a(_do_fflush.o)
 .ARM.attributes
                0x0000000000000717       0x2c /usr/local/mcuxpressoide-11.2.0_4120/ide/plugins/com.nxp.mcuxpresso.tools.linux_11.2.0.202001021529/tools/bin/../lib/gcc/arm-none-eabi/9.2.1/../../../../arm-none-eabi/lib/thumb/v6-m/nofp/libcr_c.a(_fflush.o)
 .ARM.attributes
                0x0000000000000743       0x2c /usr/local/mcuxpressoide-11.2.0_4120/ide/plugins/com.nxp.mcuxpresso.tools.linux_11.2.0.202001021529/tools/bin/../lib/gcc/arm-none-eabi/9.2.1/../../../../arm-none-eabi/lib/thumb/v6-m/nofp/libcr_c.a(_writebuf.o)
 .ARM.attributes
                0x000000000000076f       0x2c /usr/local/mcuxpressoide-11.2.0_4120/ide/plugins/com.nxp.mcuxpresso.tools.linux_11.2.0.202001021529/tools/bin/../lib/gcc/arm-none-eabi/9.2.1/../../../../arm-none-eabi/lib/thumb/v6-m/nofp/libcr_c.a(alloc.o)
 .ARM.attributes
                0x000000000000079b       0x2c /usr/local/mcuxpressoide-11.2.0_4120/ide/plugins/com.nxp.mcuxpresso.tools.linux_11.2.0.202001021529/tools/bin/../lib/gcc/arm-none-eabi/9.2.1/../../../../arm-none-eabi/lib/thumb/v6-m/nofp/libcr_c.a(_deferredlazyseek.o)
 .ARM.attributes
                0x00000000000007c7       0x1c /usr/local/mcuxpressoide-11.2.0_4120/ide/plugins/com.nxp.mcuxpresso.tools.linux_11.2.0.202001021529/tools/bin/../lib/gcc/arm-none-eabi/9.2.1/thumb/v6-m/nofp/libcr_eabihelpers.a(division_32.o)
 .ARM.attributes
                0x00000000000007e3       0x1c /usr/local/mcuxpressoide-11.2.0_4120/ide/plugins/com.nxp.mcuxpresso.tools.linux_11.2.0.202001021529/tools/bin/../lib/gcc/arm-none-eabi/9.2.1/thumb/v6-m/nofp/libcr_eabihelpers.a(division_idiv0.o)
 .ARM.attributes
                0x00000000000007ff       0x2c /usr/local/mcuxpressoide-11.2.0_4120/ide/plugins/com.nxp.mcuxpresso.tools.linux_11.2.0.202001021529/tools/bin/../lib/gcc/arm-none-eabi/9.2.1/thumb/v6-m/nofp/libcr_eabihelpers.a(double.o)
 .ARM.attributes
                0x000000000000082b       0x2c /usr/local/mcuxpressoide-11.2.0_4120/ide/plugins/com.nxp.mcuxpresso.tools.linux_11.2.0.202001021529/tools/bin/../lib/gcc/arm-none-eabi/9.2.1/thumb/v6-m/nofp/libcr_eabihelpers.a(float.o)
 .ARM.attributes
                0x0000000000000857       0x1c /usr/local/mcuxpressoide-11.2.0_4120/ide/plugins/com.nxp.mcuxpresso.tools.linux_11.2.0.202001021529/tools/bin/../lib/gcc/arm-none-eabi/9.2.1/thumb/v6-m/nofp/libcr_eabihelpers.a(llong.o)
 .ARM.attributes
                0x0000000000000873       0x1c /usr/local/mcuxpressoide-11.2.0_4120/ide/plugins/com.nxp.mcuxpresso.tools.linux_11.2.0.202001021529/tools/bin/../lib/gcc/arm-none-eabi/9.2.1/thumb/v6-m/nofp/libcr_eabihelpers.a(memcpy.o)
 .ARM.attributes
                0x000000000000088f       0x31 /usr/local/mcuxpressoide-11.2.0_4120/ide/plugins/com.nxp.mcuxpresso.tools.linux_11.2.0.202001021529/tools/bin/../lib/gcc/arm-none-eabi/9.2.1/../../../../arm-none-eabi/lib/thumb/v6-m/nofp/libcr_nohost_nf.a(__ciob.o)
 .ARM.attributes
                0x00000000000008c0       0x2c /usr/local/mcuxpressoide-11.2.0_4120/ide/plugins/com.nxp.mcuxpresso.tools.linux_11.2.0.202001021529/tools/bin/../lib/gcc/arm-none-eabi/9.2.1/../../../../arm-none-eabi/lib/thumb/v6-m/nofp/libcr_nohost_nf.a(__sys_close.o)
 .ARM.attributes
                0x00000000000008ec       0x2c /usr/local/mcuxpressoide-11.2.0_4120/ide/plugins/com.nxp.mcuxpresso.tools.linux_11.2.0.202001021529/tools/bin/../lib/gcc/arm-none-eabi/9.2.1/../../../../arm-none-eabi/lib/thumb/v6-m/nofp/libcr_nohost_nf.a(__sys_flen.o)
 .ARM.attributes
                0x0000000000000918       0x2c /usr/local/mcuxpressoide-11.2.0_4120/ide/plugins/com.nxp.mcuxpresso.tools.linux_11.2.0.202001021529/tools/bin/../lib/gcc/arm-none-eabi/9.2.1/../../../../arm-none-eabi/lib/thumb/v6-m/nofp/libcr_nohost_nf.a(__sys_istty.o)
 .ARM.attributes
                0x0000000000000944       0x2c /usr/local/mcuxpressoide-11.2.0_4120/ide/plugins/com.nxp.mcuxpresso.tools.linux_11.2.0.202001021529/tools/bin/../lib/gcc/arm-none-eabi/9.2.1/../../../../arm-none-eabi/lib/thumb/v6-m/nofp/libcr_nohost_nf.a(__sys_remove.o)
 .ARM.attributes
                0x0000000000000970       0x2c /usr/local/mcuxpressoide-11.2.0_4120/ide/plugins/com.nxp.mcuxpresso.tools.linux_11.2.0.202001021529/tools/bin/../lib/gcc/arm-none-eabi/9.2.1/../../../../arm-none-eabi/lib/thumb/v6-m/nofp/libcr_nohost_nf.a(__sys_seek.o)
 .ARM.attributes