Archive member included to satisfy reference by file (symbol)

/usr/local/mcuxpressoide-11.2.0_4120/ide/plugins/com.nxp.mcuxpresso.tools.linux_11.2.0.202001021529/tools/bin/../lib/gcc/arm-none-eabi/9.2.1/../../../../arm-none-eabi/lib/thumb/v6-m/nofp/libcr_nohost_nf.a(_cr__main.o)
                              ./startup/startup_mkl25z4.o (__main)
/usr/local/mcuxpressoide-11.2.0_4120/ide/plugins/com.nxp.mcuxpresso.tools.linux_11.2.0.202001021529/tools/bin/../lib/gcc/arm-none-eabi/9.2.1/../../../../arm-none-eabi/lib/thumb/v6-m/nofp/libcr_c.a(memcpy.o)
                              ./drivers/fsl_flash.o (memcpy)
/usr/local/mcuxpressoide-11.2.0_4120/ide/plugins/com.nxp.mcuxpresso.tools.linux_11.2.0.202001021529/tools/bin/../lib/gcc/arm-none-eabi/9.2.1/../../../../arm-none-eabi/lib/thumb/v6-m/nofp/libcr_c.a(memset.o)
                              ./drivers/fsl_dma.o (memset)
/usr/local/mcuxpressoide-11.2.0_4120/ide/plugins/com.nxp.mcuxpresso.tools.linux_11.2.0.202001021529/tools/bin/../lib/gcc/arm-none-eabi/9.2.1/../../../../arm-none-eabi/lib/thumb/v6-m/nofp/libcr_c.a(atan2.o)
                              ./source/mma8451q.o (atan2)
/usr/local/mcuxpressoide-11.2.0_4120/ide/plugins/com.nxp.mcuxpresso.tools.linux_11.2.0.202001021529/tools/bin/../lib/gcc/arm-none-eabi/9.2.1/../../../../arm-none-eabi/lib/thumb/v6-m/nofp/libcr_c.a(errno.o)
                              /usr/local/mcuxpressoide-11.2.0_4120/ide/plugins/com.nxp.mcuxpresso.tools.linux_11.2.0.202001021529/tools/bin/../lib/gcc/arm-none-eabi/9.2.1/../../../../arm-none-eabi/lib/thumb/v6-m/nofp/libcr_c.a(atan2.o) (errno)
/usr/local/mcuxpressoide-11.2.0_4120/ide/plugins/com.nxp.mcuxpresso.tools.linux_11.2.0.202001021529/tools/bin/../lib/gcc/arm-none-eabi/9.2.1/../../../../arm-none-eabi/lib/thumb/v6-m/nofp/libcr_c.a(fabs.o)
                              /usr/local/mcuxpressoide-11.2.0_4120/ide/plugins/com.nxp.mcuxpresso.tools.linux_11.2.0.202001021529/tools/bin/../lib/gcc/arm-none-eabi/9.2.1/../../../../arm-none-eabi/lib/thumb/v6-m/nofp/libcr_c.a(atan2.o) (fabs)
/usr/local/mcuxpressoide-11.2.0_4120/ide/plugins/com.nxp.mcuxpresso.tools.linux_11.2.0.202001021529/tools/bin/../lib/gcc/arm-none-eabi/9.2.1/../../../../arm-none-eabi/lib/thumb/v6-m/nofp/libcr_c.a(initio.o)
                              /usr/local/mcuxpressoide-11.2.0_4120/ide/plugins/com.nxp.mcuxpresso.tools.linux_11.2.0.202001021529/tools/bin/../lib/gcc/arm-none-eabi/9.2.1/../../../../arm-none-eabi/lib/thumb/v6-m/nofp/libcr_nohost_nf.a(_cr__main.o) (_initio)
/usr/local/mcuxpressoide-11.2.0_4120/ide/plugins/com.nxp.mcuxpresso.tools.linux_11.2.0.202001021529/tools/bin/../lib/gcc/arm-none-eabi/9.2.1/../../../../arm-none-eabi/lib/thumb/v6-m/nofp/libcr_c.a(setvbuf.o)
                              /usr/local/mcuxpressoide-11.2.0_4120/ide/plugins/com.nxp.mcuxpresso.tools.linux_11.2.0.202001021529/tools/bin/../lib/gcc/arm-none-eabi/9.2.1/../../../../arm-none-eabi/lib/thumb/v6-m/nofp/libcr_c.a(initio.o) (setvbuf)
/usr/local/mcuxpressoide-11.2.0_4120/ide/plugins/com.nxp.mcuxpresso.tools.linux_11.2.0.202001021529/tools/bin/../lib/gcc/arm-none-eabi/9.2.1/../../../../arm-none-eabi/lib/thumb/v6-m/nofp/libcr_c.a(sqrt.o)
                              ./source/mma8451q.o (sqrt)
/usr/local/mcuxpressoide-11.2.0_4120/ide/plugins/com.nxp.mcuxpresso.tools.linux_11.2.0.202001021529/tools/bin/../lib/gcc/arm-none-eabi/9.2.1/../../../../arm-none-eabi/lib/thumb/v6-m/nofp/libcr_c.a(strlen.o)
                              ./utilities/fsl_debug_console.o (strlen)
/usr/local/mcuxpressoide-11.2.0_4120/ide/plugins/com.nxp.mcuxpresso.tools.linux_11.2.0.202001021529/tools/bin/../lib/gcc/arm-none-eabi/9.2.1/../../../../arm-none-eabi/lib/thumb/v6-m/nofp/libcr_c.a(_fdopen.o)
                              /usr/local/mcuxpressoide-11.2.0_4120/ide/plugins/com.nxp.mcuxpresso.tools.linux_11.2.0.202001021529/tools/bin/../lib/gcc/arm-none-eabi/9.2.1/../../../../arm-none-eabi/lib/thumb/v6-m/nofp/libcr_c.a(initio.o) (_fdopen)
/usr/local/mcuxpressoide-11.2.0_4120/ide/plugins/com.nxp.mcuxpresso.tools.linux_11.2.0.202001021529/tools/bin/../lib/gcc/arm-none-eabi/9.2.1/../../../../arm-none-eabi/lib/thumb/v6-m/nofp/libcr_c.a(atan.o)
                              /usr/local/mcuxpressoide-11.2.0_4120/ide/plugins/com.nxp.mcuxpresso.tools.linux_11.2.0.202001021529/tools/bin/../lib/gcc/arm-none-eabi/9.2.1/../../../../arm-none-eabi/lib/thumb/v6-m/nofp/libcr_c.a(atan2.o) (atan)
/usr/local/mcuxpressoide-11.2.0_4120/ide/plugins/com.nxp.mcuxpresso.tools.linux_11.2.0.202001021529/tools/bin/../lib/gcc/arm-none-eabi/9.2.1/../../../../arm-none-eabi/lib/thumb/v6-m/nofp/libcr_c.a(fclose.o)
                              /usr/local/mcuxpressoide-11.2.0_4120/ide/plugins/com.nxp.mcuxpresso.tools.linux_11.2.0.202001021529/tools/bin/../lib/gcc/arm-none-eabi/9.2.1/../../../../arm-none-eabi/lib/thumb/v6-m/nofp/libcr_c.a(initio.o) (fclose)
[...]
Memory Configuration

Name             Origin             Length             Attributes
PROGRAM_FLASH    0x0000000000000000 0x0000000000020000 xr
SRAM             0x000000001ffff000 0x0000000000004000 xrw
*default*        0x0000000000000000 0xffffffffffffffff

Linker script and memory map

LOAD ./utilities/fsl_debug_console.o
LOAD ./startup/startup_mkl25z4.o
LOAD ./source/buffer.o
LOAD ./source/clock.o
LOAD ./source/i2c.o
LOAD ./source/i2carbiter.o
LOAD ./source/init_sensors.o
LOAD ./source/led.o
LOAD ./source/main.o
LOAD ./source/mma8451q.o
LOAD ./source/mtb.o
LOAD ./source/semihost_hardfault.o
LOAD ./source/statemachine.o
LOAD ./source/sysclock.o
LOAD ./source/systick.o
LOAD ./drivers/fsl_clock.o
LOAD ./drivers/fsl_common.o
LOAD ./drivers/fsl_dma.o
LOAD ./drivers/fsl_dmamux.o
LOAD ./drivers/fsl_flash.o
LOAD ./drivers/fsl_gpio.o
LOAD ./drivers/fsl_i2c.o
LOAD ./drivers/fsl_i2c_dma.o
LOAD ./drivers/fsl_lpsci.o
LOAD ./drivers/fsl_lpsci_dma.o
LOAD ./drivers/fsl_smc.o
LOAD ./drivers/fsl_tpm.o
LOAD ./drivers/fsl_uart.o
LOAD ./drivers/fsl_uart_dma.o
LOAD ./board/board.o
LOAD ./board/clock_config.o
LOAD ./board/peripherals.o
LOAD ./board/pin_mux.o
LOAD ./CMSIS/system_MKL25Z4.o
START GROUP
LOAD /usr/local/mcuxpressoide-11.2.0_4120/ide/plugins/com.nxp.mcuxpresso.tools.linux_11.2.0.202001021529/tools/bin/../lib/gcc/arm-none-eabi/9.2.1/../../../../arm-none-eabi/lib/thumb/v6-m/nofp/libcr_nohost_nf.a
LOAD /usr/local/mcuxpressoide-11.2.0_4120/ide/plugins/com.nxp.mcuxpresso.tools.linux_11.2.0.202001021529/tools/bin/../lib/gcc/arm-none-eabi/9.2.1/../../../../arm-none-eabi/lib/thumb/v6-m/nofp/libcr_c.a
LOAD /usr/local/mcuxpressoide-11.2.0_4120/ide/plugins/com.nxp.mcuxpresso.tools.linux_11.2.0.202001021529/tools/bin/../lib/gcc/arm-none-eabi/9.2.1/thumb/v6-m/nofp/libcr_eabihelpers.a
LOAD /usr/local/mcuxpressoide-11.2.0_4120/ide/plugins/com.nxp.mcuxpresso.tools.linux_11.2.0.202001021529/tools/bin/../lib/gcc/arm-none-eabi/9.2.1/thumb/v6-m/nofp/libgcc.a
END GROUP
                0x0000000000000000                __base_PROGRAM_FLASH = 0x0
                0x0000000000000000                __base_Flash = 0x0
                0x0000000000020000                __top_PROGRAM_FLASH = 0x20000
                0x0000000000020000                __top_Flash = 0x20000
                0x000000001ffff000                __base_SRAM = 0x1ffff000
                0x000000001ffff000                __base_RAM = 0x1ffff000
                0x0000000020003000                __top_SRAM = 0x20003000
                0x0000000020003000                __top_RAM = 0x20003000

.text           0x0000000000000000     0x446c
 FILL mask 0xff
                0x0000000000000000                __vectors_start__ = ABSOLUTE (.)
 *(SORT_BY_ALIGNMENT(.isr_vector))
 .isr_vector    0x0000000000000000       0xc0 ./startup/startup_mkl25z4.o
                0x0000000000000000                __Vectors
                0x0000000000000000                g_pfnVectors
                0x00000000000000c0                . = ALIGN (0x4)
                0x00000000000000c0                __section_table_start = .
                0x00000000000000c0                __data_section_table = .
                0x00000000000000c0        0x4 LONG 0x446c LOADADDR (.data)
                0x00000000000000c4        0x4 LONG 0x1ffff080 ADDR (.data)
                0x00000000000000c8        0x4 LONG 0x8 SIZEOF (.data)
                0x00000000000000cc                __data_section_table_end = .
                0x00000000000000cc                __bss_section_table = .
                0x00000000000000cc        0x4 LONG 0x1ffff088 ADDR (.bss)
                0x00000000000000d0        0x4 LONG 0x174 SIZEOF (.bss)
                0x00000000000000d4                __bss_section_table_end = .
                0x00000000000000d4                __section_table_end = .
 *(SORT_BY_ALIGNMENT(.after_vectors*))
 .after_vectors
                0x00000000000000d4      0x118 ./startup/startup_mkl25z4.o
                0x00000000000000d4                NMI_Handler
                0x00000000000000dc                SVC_Handler
                0x00000000000000e0                PendSV_Handler
                0x00000000000000e8                PIT_DriverIRQHandler
                0x00000000000000e8                Reserved39_DriverIRQHandler
                0x00000000000000e8                SPI1_DriverIRQHandler
                0x00000000000000e8                LPTMR0_DriverIRQHandler
                0x00000000000000e8                TPM2_DriverIRQHandler
                0x00000000000000e8                TSI0_DriverIRQHandler
                0x00000000000000e8                RTC_Seconds_DriverIRQHandler
                0x00000000000000e8                LLWU_DriverIRQHandler
                0x00000000000000e8                MCG_DriverIRQHandler
                0x00000000000000e8                FTFA_DriverIRQHandler
                0x00000000000000e8                IntDefaultHandler
                0x00000000000000e8                USB0_DriverIRQHandler
                0x00000000000000e8                DAC0_DriverIRQHandler
                0x00000000000000e8                LVD_LVW_DriverIRQHandler
                0x00000000000000e8                TPM0_DriverIRQHandler
                0x00000000000000e8                Reserved20_DriverIRQHandler
                0x00000000000000e8                Reserved45_DriverIRQHandler
                0x00000000000000e8                PORTA_DriverIRQHandler
                0x00000000000000e8                TPM1_DriverIRQHandler
                0x00000000000000e8                RTC_DriverIRQHandler
                0x00000000000000e8                SPI0_DriverIRQHandler
                0x00000000000000e8                ADC0_DriverIRQHandler
                0x00000000000000e8                CMP0_DriverIRQHandler
                0x00000000000000e8                PORTD_DriverIRQHandler
                0x00000000000000ec                DMA0_IRQHandler
                0x00000000000000f4                DMA1_IRQHandler
                0x00000000000000fc                DMA2_IRQHandler
                0x0000000000000104                DMA3_IRQHandler
                0x000000000000010c                Reserved20_IRQHandler
                0x0000000000000114                FTFA_IRQHandler
                0x000000000000011c                LVD_LVW_IRQHandler
                0x0000000000000124                LLWU_IRQHandler
                0x000000000000012c                I2C0_IRQHandler
                0x0000000000000134                I2C1_IRQHandler
                0x000000000000013c                SPI0_IRQHandler
                0x0000000000000144                SPI1_IRQHandler
                0x000000000000014c                UART0_IRQHandler
                0x0000000000000154                UART1_IRQHandler
                0x000000000000015c                UART2_IRQHandler
                0x0000000000000164                ADC0_IRQHandler
                0x000000000000016c                CMP0_IRQHandler
                0x0000000000000174                TPM0_IRQHandler
                0x000000000000017c                TPM1_IRQHandler
                0x0000000000000184                TPM2_IRQHandler
                0x000000000000018c                RTC_IRQHandler
                0x0000000000000194                RTC_Seconds_IRQHandler
                0x000000000000019c                PIT_IRQHandler
                0x00000000000001a4                Reserved39_IRQHandler
                0x00000000000001ac                USB0_IRQHandler
                0x00000000000001b4                DAC0_IRQHandler
                0x00000000000001bc                TSI0_IRQHandler
                0x00000000000001c4                MCG_IRQHandler
                0x00000000000001cc                LPTMR0_IRQHandler
                0x00000000000001d4                Reserved45_IRQHandler
                0x00000000000001e4                PORTD_IRQHandler
 .after_vectors.init_data
                0x00000000000001ec       0x14 ./startup/startup_mkl25z4.o
                0x00000000000001ec                data_init
 .after_vectors.init_bss
                0x0000000000000200       0x10 ./startup/startup_mkl25z4.o
                0x0000000000000200                bss_init
 .after_vectors.reset
                0x0000000000000210       0x50 ./startup/startup_mkl25z4.o
                0x0000000000000210                ResetISR
                0x0000000000000400                . = 0x400
 *fill*         0x0000000000000260      0x1a0 ff
                0x0000000000000400                PROVIDE (__FLASH_CONFIG_START__ = .)
 *(SORT_BY_ALIGNMENT(.FlashConfig))
 .FlashConfig   0x0000000000000400       0x10 ./startup/startup_mkl25z4.o
                0x0000000000000400                Flash_Config
                0x0000000000000410                PROVIDE (__FLASH_CONFIG_END__ = .)
                0x0000000000000001                ASSERT (! ((__FLASH_CONFIG_START__ == __FLASH_CONFIG_END__)), Linker Flash Config Support Enabled, but no .FlashConfig section provided within application)
 *(SORT_BY_ALIGNMENT(.text*))
 .text.DbgConsole_Init
                0x0000000000000410       0xa4 ./utilities/fsl_debug_console.o
                0x0000000000000410                DbgConsole_Init
 .text.DbgConsole_Printf
                0x00000000000004b4      0x3f4 ./utilities/fsl_debug_console.o
                0x00000000000004b4                DbgConsole_Printf
 .text.InitTPM  0x00000000000008a8       0x6c ./source/clock.o
                0x00000000000008a8                InitTPM
 .text.I2C_Init
                0x0000000000000914       0x48 ./source/i2c.o
                0x0000000000000914                I2C_Init
 .text.I2C_ReadRegister
                0x000000000000095c       0x9c ./source/i2c.o
                0x000000000000095c                I2C_ReadRegister
 .text.I2C_WriteRegister
                0x00000000000009f8       0x64 ./source/i2c.o
                0x00000000000009f8                I2C_WriteRegister
 .text.I2C_ModifyRegister
                0x0000000000000a5c       0xe8 ./source/i2c.o
                0x0000000000000a5c                I2C_ModifyRegister
 .text.i2c_busy
                0x0000000000000b44       0xd0 ./source/i2c.o
                0x0000000000000b44                i2c_busy
 .text.i2c_start
                0x0000000000000c14       0x18 ./source/i2c.o
                0x0000000000000c14                i2c_start
 .text.i2c_read_setup
                0x0000000000000c2c      0x124 ./source/i2c.o
                0x0000000000000c2c                i2c_read_setup
 .text.i2c_repeated_read
                0x0000000000000d50       0x98 ./source/i2c.o
                0x0000000000000d50                i2c_repeated_read
 .text.I2CArbiter_PrepareEntry
                0x0000000000000de8       0x28 ./source/i2carbiter.o
                0x0000000000000de8                I2CArbiter_PrepareEntry
 .text.I2CArbiter_Select
                0x0000000000000e10       0xd8 ./source/i2carbiter.o
                0x0000000000000e10                I2CArbiter_Select
 .text.I2CArbiter_Configure
                0x0000000000000ee8       0x1c ./source/i2carbiter.o
                0x0000000000000ee8                I2CArbiter_Configure
 .text.InitMMA8451Q
                0x0000000000000f04      0x138 ./source/init_sensors.o
                0x0000000000000f04                InitMMA8451Q
 .text.LED_Init
                0x000000000000103c       0x94 ./source/led.o
                0x000000000000103c                LED_Init
 .text.Led_Down
                0x00000000000010d0       0x30 ./source/led.o
                0x00000000000010d0                Led_Down
 .text.DoubleFlash
                0x0000000000001100       0xd0 ./source/led.o
                0x0000000000001100                DoubleFlash
 .text.Control_RGB_LEDs
                0x00000000000011d0       0x6c ./source/led.o
                0x00000000000011d0                Control_RGB_LEDs
 .text.InitI2CArbiter
                0x000000000000123c       0x40 ./source/main.o
                0x000000000000123c                InitI2CArbiter
 .text.startup.main
                0x000000000000127c       0x3c ./source/main.o
                0x000000000000127c                main
 .text.MMA8451Q_SetDataRate
                0x00000000000012b8       0x3c ./source/mma8451q.o
                0x00000000000012b8                MMA8451Q_SetDataRate
 .text.MMA8451Q_SetMotion
                0x00000000000012f4       0x38 ./source/mma8451q.o
                0x00000000000012f4                MMA8451Q_SetMotion
 .text.MMA8451Q_SetInterruptMode
                0x000000000000132c       0x38 ./source/mma8451q.o
                0x000000000000132c                MMA8451Q_SetInterruptMode
 .text.MMA8451Q_ConfigureInterrupt
                0x0000000000001364       0x48 ./source/mma8451q.o
                0x0000000000001364                MMA8451Q_ConfigureInterrupt
 .text.MMA8451Q_ClearInterruptConfiguration
                0x00000000000013ac       0x24 ./source/mma8451q.o
                0x00000000000013ac                MMA8451Q_ClearInterruptConfiguration
 .text.MMA8451Q_FetchConfiguration
                0x00000000000013d0      0x430 ./source/mma8451q.o
                0x00000000000013d0                MMA8451Q_FetchConfiguration
 .text.MMA8451Q_StoreConfiguration
                0x0000000000001800      0x4cc ./source/mma8451q.o
                0x0000000000001800                MMA8451Q_StoreConfiguration
 .text.convert_xyz_to_roll_pitch
                0x0000000000001ccc      0x100 ./source/mma8451q.o
                0x0000000000001ccc                convert_xyz_to_roll_pitch
 .text.read_full_xyz
                0x0000000000001dcc       0x80 ./source/mma8451q.o
                0x0000000000001dcc                read_full_xyz
 .text.HardFault_Handler
                0x0000000000001e4c       0x2c ./source/semihost_hardfault.o
                0x0000000000001e4c                HardFault_Handler
 .text.PORTA_IRQHandler
                0x0000000000001e78       0x4c ./source/statemachine.o
                0x0000000000001e78                PORTA_IRQHandler
 .text.state_machine
                0x0000000000001ec4       0xd4 ./source/statemachine.o
                0x0000000000001ec4                state_machine
 .text.InitSysTick
                0x0000000000001f98       0x64 ./source/systick.o
                0x0000000000001f98                InitSysTick
 .text.reset_timer
                0x0000000000001ffc       0x14 ./source/systick.o
                0x0000000000001ffc                reset_timer
 .text.get_timer
                0x0000000000002010       0x14 ./source/systick.o
                0x0000000000002010                get_timer
 .text.SysTick_Handler
                0x0000000000002024       0x30 ./source/systick.o
                0x0000000000002024                SysTick_Handler
 .text.CLOCK_GetPllFllSelClkFreq
                0x0000000000002054       0xc8 ./drivers/fsl_clock.o
                0x0000000000002054                CLOCK_GetPllFllSelClkFreq
 .text.CLOCK_SetSimConfig
                0x000000000000211c       0x4c ./drivers/fsl_clock.o
                0x000000000000211c                CLOCK_SetSimConfig
 .text.CLOCK_SetInternalRefClkConfig
                0x0000000000002168       0x80 ./drivers/fsl_clock.o
                0x0000000000002168                CLOCK_SetInternalRefClkConfig
 .text.CLOCK_InitOsc0
                0x00000000000021e8       0x70 ./drivers/fsl_clock.o
                0x00000000000021e8                CLOCK_InitOsc0
 .text.CLOCK_BootToPeeMode
                0x0000000000002258       0xa0 ./drivers/fsl_clock.o
                0x0000000000002258                CLOCK_BootToPeeMode
 .text.__assertion_failed
                0x00000000000022f8       0x14 ./drivers/fsl_common.o
                0x00000000000022f8                __assertion_failed
 .text.DMA0_DriverIRQHandler
                0x000000000000230c       0x48 ./drivers/fsl_dma.o
                0x000000000000230c                DMA0_DriverIRQHandler
 .text.DMA1_DriverIRQHandler
                0x0000000000002354       0x48 ./drivers/fsl_dma.o
                0x0000000000002354                DMA1_DriverIRQHandler
 .text.DMA2_DriverIRQHandler
                0x000000000000239c       0x48 ./drivers/fsl_dma.o
                0x000000000000239c                DMA2_DriverIRQHandler
 .text.DMA3_DriverIRQHandler
                0x00000000000023e4       0x48 ./drivers/fsl_dma.o
                0x00000000000023e4                DMA3_DriverIRQHandler
 .text.I2C0_DriverIRQHandler
                0x000000000000242c       0x3c ./drivers/fsl_i2c.o
                0x000000000000242c                I2C0_DriverIRQHandler
 .text.I2C1_DriverIRQHandler
                0x0000000000002468       0x3c ./drivers/fsl_i2c.o
                0x0000000000002468                I2C1_DriverIRQHandler
 .text.LPSCI_Init
                0x00000000000024a4      0x16c ./drivers/fsl_lpsci.o
                0x00000000000024a4                LPSCI_Init
 .text.LPSCI_GetDefaultConfig
                0x0000000000002610       0x1c ./drivers/fsl_lpsci.o
                0x0000000000002610                LPSCI_GetDefaultConfig
 .text.LPSCI_WriteBlocking
                0x000000000000262c       0x2c ./drivers/fsl_lpsci.o
                0x000000000000262c                LPSCI_WriteBlocking
 .text.LPSCI_ReadBlocking
                0x0000000000002658       0xec ./drivers/fsl_lpsci.o
                0x0000000000002658                LPSCI_ReadBlocking
 .text.UART0_DriverIRQHandler
                0x0000000000002744       0x1c ./drivers/fsl_lpsci.o
                0x0000000000002744                UART0_DriverIRQHandler
 .text.UART_Init
                0x0000000000002760      0x13c ./drivers/fsl_uart.o
                0x0000000000002760                UART_Init
 .text.UART_GetDefaultConfig
                0x000000000000289c       0x1c ./drivers/fsl_uart.o
                0x000000000000289c                UART_GetDefaultConfig
 .text.UART_WriteBlocking
                0x00000000000028b8       0x1c ./drivers/fsl_uart.o
                0x00000000000028b8                UART_WriteBlocking
 .text.UART_ReadBlocking
                0x00000000000028d4       0x84 ./drivers/fsl_uart.o
                0x00000000000028d4                UART_ReadBlocking
 .text.UART1_DriverIRQHandler
                0x0000000000002958       0x1c ./drivers/fsl_uart.o
                0x0000000000002958                UART1_DriverIRQHandler
 .text.UART2_DriverIRQHandler
                0x0000000000002974       0x1c ./drivers/fsl_uart.o
                0x0000000000002974                UART2_DriverIRQHandler
 .text.BOARD_InitDebugConsole
                0x0000000000002990       0x38 ./board/board.o
                0x0000000000002990                BOARD_InitDebugConsole
 .text.BOARD_InitBootClocks
                0x00000000000029c8       0x70 ./board/clock_config.o
                0x00000000000029c8                BOARD_InitBootClocks
 .text.BOARD_InitBootPeripherals
                0x0000000000002a38        0x4 ./board/peripherals.o
                0x0000000000002a38                BOARD_InitBootPeripherals
 .text.BOARD_InitBootPins
                0x0000000000002a3c       0x44 ./board/pin_mux.o
                0x0000000000002a3c                BOARD_InitBootPins
 .text.SystemInit
                0x0000000000002a80       0x10 ./CMSIS/system_MKL25Z4.o
                0x0000000000002a80                SystemInit
 .text.atan2    0x0000000000002a90      0x108 /usr/local/mcuxpressoide-11.2.0_4120/ide/plugins/com.nxp.mcuxpresso.tools.linux_11.2.0.202001021529/tools/bin/../lib/gcc/arm-none-eabi/9.2.1/../../../../arm-none-eabi/lib/thumb/v6-m/nofp/libcr_c.a(atan2.o)
                0x0000000000002a90                atan2
 .text._initio  0x0000000000002b98       0x7c /usr/local/mcuxpressoide-11.2.0_4120/ide/plugins/com.nxp.mcuxpresso.tools.linux_11.2.0.202001021529/tools/bin/../lib/gcc/arm-none-eabi/9.2.1/../../../../arm-none-eabi/lib/thumb/v6-m/nofp/libcr_c.a(initio.o)
                0x0000000000002b98                _initio
 .text.setvbuf  0x0000000000002c14       0x4c /usr/local/mcuxpressoide-11.2.0_4120/ide/plugins/com.nxp.mcuxpresso.tools.linux_11.2.0.202001021529/tools/bin/../lib/gcc/arm-none-eabi/9.2.1/../../../../arm-none-eabi/lib/thumb/v6-m/nofp/libcr_c.a(setvbuf.o)
                0x0000000000002c14                setvbuf
 .text.sqrt     0x0000000000002c60      0x130 /usr/local/mcuxpressoide-11.2.0_4120/ide/plugins/com.nxp.mcuxpresso.tools.linux_11.2.0.202001021529/tools/bin/../lib/gcc/arm-none-eabi/9.2.1/../../../../arm-none-eabi/lib/thumb/v6-m/nofp/libcr_c.a(sqrt.o)
                0x0000000000002c60                sqrt
 .text.strlen   0x0000000000002d90       0x58 /usr/local/mcuxpressoide-11.2.0_4120/ide/plugins/com.nxp.mcuxpresso.tools.linux_11.2.0.202001021529/tools/bin/../lib/gcc/arm-none-eabi/9.2.1/../../../../arm-none-eabi/lib/thumb/v6-m/nofp/libcr_c.a(strlen.o)
                0x0000000000002d90                strlen
 .text._fdopen  0x0000000000002de8       0x74 /usr/local/mcuxpressoide-11.2.0_4120/ide/plugins/com.nxp.mcuxpresso.tools.linux_11.2.0.202001021529/tools/bin/../lib/gcc/arm-none-eabi/9.2.1/../../../../arm-none-eabi/lib/thumb/v6-m/nofp/libcr_c.a(_fdopen.o)
                0x0000000000002de8                _fdopen
 .text.atan     0x0000000000002e5c      0x204 /usr/local/mcuxpressoide-11.2.0_4120/ide/plugins/com.nxp.mcuxpresso.tools.linux_11.2.0.202001021529/tools/bin/../lib/gcc/arm-none-eabi/9.2.1/../../../../arm-none-eabi/lib/thumb/v6-m/nofp/libcr_c.a(atan.o)
                0x0000000000002e5c                atan
 .text.fclose   0x0000000000003060       0x5c /usr/local/mcuxpressoide-11.2.0_4120/ide/plugins/com.nxp.mcuxpresso.tools.linux_11.2.0.202001021529/tools/bin/../lib/gcc/arm-none-eabi/9.2.1/../../../../arm-none-eabi/lib/thumb/v6-m/nofp/libcr_c.a(fclose.o)
                0x0000000000003060                fclose
 .text.fflush   0x00000000000030bc       0x44 /usr/local/mcuxpressoide-11.2.0_4120/ide/plugins/com.nxp.mcuxpresso.tools.linux_11.2.0.202001021529/tools/bin/../lib/gcc/arm-none-eabi/9.2.1/../../../../arm-none-eabi/lib/thumb/v6-m/nofp/libcr_c.a(fflush.o)
                0x00000000000030bc                fflush
 .text.fseek    0x0000000000003100       0xf4 /usr/local/mcuxpressoide-11.2.0_4120/ide/plugins/com.nxp.mcuxpresso.tools.linux_11.2.0.202001021529/tools/bin/../lib/gcc/arm-none-eabi/9.2.1/../../../../arm-none-eabi/lib/thumb/v6-m/nofp/libcr_c.a(fseek.o)
                0x0000000000003100                fseek
 .text.ftell    0x00000000000031f4       0x48 /usr/local/mcuxpressoide-11.2.0_4120/ide/plugins/com.nxp.mcuxpresso.tools.linux_11.2.0.202001021529/tools/bin/../lib/gcc/arm-none-eabi/9.2.1/../../../../arm-none-eabi/lib/thumb/v6-m/nofp/libcr_c.a(ftell.o)
                0x00000000000031f4                ftell
 .text._do_fflush
                0x000000000000323c       0x48 /usr/local/mcuxpressoide-11.2.0_4120/ide/plugins/com.nxp.mcuxpresso.tools.linux_11.2.0.202001021529/tools/bin/../lib/gcc/arm-none-eabi/9.2.1/../../../../arm-none-eabi/lib/thumb/v6-m/nofp/libcr_c.a(_do_fflush.o)
                0x000000000000323c                _do_fflush
 .text._fflush  0x0000000000003284       0x60 /usr/local/mcuxpressoide-11.2.0_4120/ide/plugins/com.nxp.mcuxpresso.tools.linux_11.2.0.202001021529/tools/bin/../lib/gcc/arm-none-eabi/9.2.1/../../../../arm-none-eabi/lib/thumb/v6-m/nofp/libcr_c.a(_fflush.o)
                0x0000000000003284                _fflush
 .text._Cwritebuf
                0x00000000000032e4       0x68 /usr/local/mcuxpressoide-11.2.0_4120/ide/plugins/com.nxp.mcuxpresso.tools.linux_11.2.0.202001021529/tools/bin/../lib/gcc/arm-none-eabi/9.2.1/../../../../arm-none-eabi/lib/thumb/v6-m/nofp/libcr_c.a(_writebuf.o)
                0x00000000000032e4                _Cwritebuf
 .text._deferredlazyseek
                0x000000000000334c       0x40 /usr/local/mcuxpressoide-11.2.0_4120/ide/plugins/com.nxp.mcuxpresso.tools.linux_11.2.0.202001021529/tools/bin/../lib/gcc/arm-none-eabi/9.2.1/../../../../arm-none-eabi/lib/thumb/v6-m/nofp/libcr_c.a(_deferredlazyseek.o)
                0x000000000000334c                _deferredlazyseek
 .text.__aeabi_dmul
                0x000000000000338c      0x184 /usr/local/mcuxpressoide-11.2.0_4120/ide/plugins/com.nxp.mcuxpresso.tools.linux_11.2.0.202001021529/tools/bin/../lib/gcc/arm-none-eabi/9.2.1/thumb/v6-m/nofp/libcr_eabihelpers.a(double.o)
                0x000000000000338c                __aeabi_dmul
 .text.__aeabi_ddiv
                0x0000000000003510      0x150 /usr/local/mcuxpressoide-11.2.0_4120/ide/plugins/com.nxp.mcuxpresso.tools.linux_11.2.0.202001021529/tools/bin/../lib/gcc/arm-none-eabi/9.2.1/thumb/v6-m/nofp/libcr_eabihelpers.a(double.o)
                0x0000000000003510                __aeabi_ddiv
 .text.__aeabi_dsub
                0x0000000000003660      0x1e4 /usr/local/mcuxpressoide-11.2.0_4120/ide/plugins/com.nxp.mcuxpresso.tools.linux_11.2.0.202001021529/tools/bin/../lib/gcc/arm-none-eabi/9.2.1/thumb/v6-m/nofp/libcr_eabihelpers.a(double.o)
                0x0000000000003660                __aeabi_dsub
 .text.__aeabi_dadd
                0x0000000000003844      0x134 /usr/local/mcuxpressoide-11.2.0_4120/ide/plugins/com.nxp.mcuxpresso.tools.linux_11.2.0.202001021529/tools/bin/../lib/gcc/arm-none-eabi/9.2.1/thumb/v6-m/nofp/libcr_eabihelpers.a(double.o)
                0x0000000000003844                __aeabi_dadd
 .text.__aeabi_d2f
                0x0000000000003978       0x60 /usr/local/mcuxpressoide-11.2.0_4120/ide/plugins/com.nxp.mcuxpresso.tools.linux_11.2.0.202001021529/tools/bin/../lib/gcc/arm-none-eabi/9.2.1/thumb/v6-m/nofp/libcr_eabihelpers.a(double.o)
                0x0000000000003978                __aeabi_d2f
 .text.__aeabi_dcmpeq
                0x00000000000039d8       0x30 /usr/local/mcuxpressoide-11.2.0_4120/ide/plugins/com.nxp.mcuxpresso.tools.linux_11.2.0.202001021529/tools/bin/../lib/gcc/arm-none-eabi/9.2.1/thumb/v6-m/nofp/libcr_eabihelpers.a(double.o)
                0x00000000000039d8                __aeabi_dcmpeq
 .text.__aeabi_dcmplt
                0x0000000000003a08       0x60 /usr/local/mcuxpressoide-11.2.0_4120/ide/plugins/com.nxp.mcuxpresso.tools.linux_11.2.0.202001021529/tools/bin/../lib/gcc/arm-none-eabi/9.2.1/thumb/v6-m/nofp/libcr_eabihelpers.a(double.o)
                0x0000000000003a08                __aeabi_dcmplt
 .text.__aeabi_dcmpgt
                0x0000000000003a68       0x5c /usr/local/mcuxpressoide-11.2.0_4120/ide/plugins/com.nxp.mcuxpresso.tools.linux_11.2.0.202001021529/tools/bin/../lib/gcc/arm-none-eabi/9.2.1/thumb/v6-m/nofp/libcr_eabihelpers.a(double.o)
                0x0000000000003a68                __aeabi_dcmpgt
 .text.__aeabi_dcmple
                0x0000000000003ac4       0x60 /usr/local/mcuxpressoide-11.2.0_4120/ide/plugins/com.nxp.mcuxpresso.tools.linux_11.2.0.202001021529/tools/bin/../lib/gcc/arm-none-eabi/9.2.1/thumb/v6-m/nofp/libcr_eabihelpers.a(double.o)
                0x0000000000003ac4                __aeabi_dcmple
 .text.__aeabi_fmul
                0x0000000000003b24       0xc0 /usr/local/mcuxpressoide-11.2.0_4120/ide/plugins/com.nxp.mcuxpresso.tools.linux_11.2.0.202001021529/tools/bin/../lib/gcc/arm-none-eabi/9.2.1/thumb/v6-m/nofp/libcr_eabihelpers.a(float.o)
                0x0000000000003b24                __aeabi_fmul
 .text.__aeabi_fsub
                0x0000000000003be4      0x124 /usr/local/mcuxpressoide-11.2.0_4120/ide/plugins/com.nxp.mcuxpresso.tools.linux_11.2.0.202001021529/tools/bin/../lib/gcc/arm-none-eabi/9.2.1/thumb/v6-m/nofp/libcr_eabihelpers.a(float.o)
                0x0000000000003be4                __aeabi_fsub
 .text.__aeabi_fadd
                0x0000000000003d08       0xac /usr/local/mcuxpressoide-11.2.0_4120/ide/plugins/com.nxp.mcuxpresso.tools.linux_11.2.0.202001021529/tools/bin/../lib/gcc/arm-none-eabi/9.2.1/thumb/v6-m/nofp/libcr_eabihelpers.a(float.o)
                0x0000000000003d08                __aeabi_fadd
 .text.__aeabi_f2iz
                0x0000000000003db4       0x3c /usr/local/mcuxpressoide-11.2.0_4120/ide/plugins/com.nxp.mcuxpresso.tools.linux_11.2.0.202001021529/tools/bin/../lib/gcc/arm-none-eabi/9.2.1/thumb/v6-m/nofp/libcr_eabihelpers.a(float.o)
                0x0000000000003db4                __aeabi_f2iz
 .text.__aeabi_f2d
                0x0000000000003df0       0x40 /usr/local/mcuxpressoide-11.2.0_4120/ide/plugins/com.nxp.mcuxpresso.tools.linux_11.2.0.202001021529/tools/bin/../lib/gcc/arm-none-eabi/9.2.1/thumb/v6-m/nofp/libcr_eabihelpers.a(float.o)
                0x0000000000003df0                __aeabi_f2d
 .text.__main   0x0000000000003e30        0xc /usr/local/mcuxpressoide-11.2.0_4120/ide/plugins/com.nxp.mcuxpresso.tools.linux_11.2.0.202001021529/tools/bin/../lib/gcc/arm-none-eabi/9.2.1/../../../../arm-none-eabi/lib/thumb/v6-m/nofp/libcr_nohost_nf.a(_cr__main.o)
                0x0000000000003e30                __main
 .text.memset   0x0000000000003e3c        0x8 /usr/local/mcuxpressoide-11.2.0_4120/ide/plugins/com.nxp.mcuxpresso.tools.linux_11.2.0.202001021529/tools/bin/../lib/gcc/arm-none-eabi/9.2.1/../../../../arm-none-eabi/lib/thumb/v6-m/nofp/libcr_c.a(memset.o)
                0x0000000000003e3c                memset
 .text.fabs     0x0000000000003e44       0x22 /usr/local/mcuxpressoide-11.2.0_4120/ide/plugins/com.nxp.mcuxpresso.tools.linux_11.2.0.202001021529/tools/bin/../lib/gcc/arm-none-eabi/9.2.1/../../../../arm-none-eabi/lib/thumb/v6-m/nofp/libcr_c.a(fabs.o)
                0x0000000000003e44                fabs
 .text.remove   0x0000000000003e66       0x12 /usr/local/mcuxpressoide-11.2.0_4120/ide/plugins/com.nxp.mcuxpresso.tools.linux_11.2.0.202001021529/tools/bin/../lib/gcc/arm-none-eabi/9.2.1/../../../../arm-none-eabi/lib/thumb/v6-m/nofp/libcr_c.a(remove.o)
                0x0000000000003e66                remove
 .text.free     0x0000000000003e78       0x2c /usr/local/mcuxpressoide-11.2.0_4120/ide/plugins/com.nxp.mcuxpresso.tools.linux_11.2.0.202001021529/tools/bin/../lib/gcc/arm-none-eabi/9.2.1/../../../../arm-none-eabi/lib/thumb/v6-m/nofp/libcr_c.a(alloc.o)
                0x0000000000003e78                free
 .text.__aeabi_division_idivmod
                0x0000000000003ea4       0x78 /usr/local/mcuxpressoide-11.2.0_4120/ide/plugins/com.nxp.mcuxpresso.tools.linux_11.2.0.202001021529/tools/bin/../lib/gcc/arm-none-eabi/9.2.1/thumb/v6-m/nofp/libcr_eabihelpers.a(division_32.o)
                0x0000000000003ea4                __aeabi_idiv
                0x0000000000003ea4                __aeabi_idivmod
                0x0000000000003eaa                __aeabi_uidiv
                0x0000000000003eaa                __aeabi_uidivmod
 .text.__aeabi_division_idiv0
                0x0000000000003f1c        0x2 /usr/local/mcuxpressoide-11.2.0_4120/ide/plugins/com.nxp.mcuxpresso.tools.linux_11.2.0.202001021529/tools/bin/../lib/gcc/arm-none-eabi/9.2.1/thumb/v6-m/nofp/libcr_eabihelpers.a(division_idiv0.o)
                0x0000000000003f1c                __aeabi_idiv0
 .text.__bhs_ui2d
                0x0000000000003f1e       0x5e /usr/local/mcuxpressoide-11.2.0_4120/ide/plugins/com.nxp.mcuxpresso.tools.linux_11.2.0.202001021529/tools/bin/../lib/gcc/arm-none-eabi/9.2.1/thumb/v6-m/nofp/libcr_eabihelpers.a(double.o)
                0x0000000000003f1e                __bhs_ui2d
 .text.__aeabi_i2d
                0x0000000000003f7c       0x18 /usr/local/mcuxpressoide-11.2.0_4120/ide/plugins/com.nxp.mcuxpresso.tools.linux_11.2.0.202001021529/tools/bin/../lib/gcc/arm-none-eabi/9.2.1/thumb/v6-m/nofp/libcr_eabihelpers.a(double.o)
                0x0000000000003f7c                __aeabi_i2d
 .text.__aeabi_llong_lmul
                0x0000000000003f94       0x2e /usr/local/mcuxpressoide-11.2.0_4120/ide/plugins/com.nxp.mcuxpresso.tools.linux_11.2.0.202001021529/tools/bin/../lib/gcc/arm-none-eabi/9.2.1/thumb/v6-m/nofp/libcr_eabihelpers.a(llong.o)
                0x0000000000003f94                __aeabi_lmul
 .text.__aeabi_memset_lowlevel
                0x0000000000003fc2       0x2a /usr/local/mcuxpressoide-11.2.0_4120/ide/plugins/com.nxp.mcuxpresso.tools.linux_11.2.0.202001021529/tools/bin/../lib/gcc/arm-none-eabi/9.2.1/thumb/v6-m/nofp/libcr_eabihelpers.a(memcpy.o)
                0x0000000000003fc2                __aeabi_lowlevel_memset
 .text.__sys_close
                0x0000000000003fec        0x6 /usr/local/mcuxpressoide-11.2.0_4120/ide/plugins/com.nxp.mcuxpresso.tools.linux_11.2.0.202001021529/tools/bin/../lib/gcc/arm-none-eabi/9.2.1/../../../../arm-none-eabi/lib/thumb/v6-m/nofp/libcr_nohost_nf.a(__sys_close.o)
                0x0000000000003fec                __sys_close
 .text.__sys_flen
                0x0000000000003ff2        0x6 /usr/local/mcuxpressoide-11.2.0_4120/ide/plugins/com.nxp.mcuxpresso.tools.linux_11.2.0.202001021529/tools/bin/../lib/gcc/arm-none-eabi/9.2.1/../../../../arm-none-eabi/lib/thumb/v6-m/nofp/libcr_nohost_nf.a(__sys_flen.o)
                0x0000000000003ff2                __sys_flen
 .text.__sys_istty
                0x0000000000003ff8        0x6 /usr/local/mcuxpressoide-11.2.0_4120/ide/plugins/com.nxp.mcuxpresso.tools.linux_11.2.0.202001021529/tools/bin/../lib/gcc/arm-none-eabi/9.2.1/../../../../arm-none-eabi/lib/thumb/v6-m/nofp/libcr_nohost_nf.a(__sys_istty.o)
                0x0000000000003ff8                __sys_istty
 .text.__sys_remove
                0x0000000000003ffe        0x6 /usr/local/mcuxpressoide-11.2.0_4120/ide/plugins/com.nxp.mcuxpresso.tools.linux_11.2.0.202001021529/tools/bin/../lib/gcc/arm-none-eabi/9.2.1/../../../../arm-none-eabi/lib/thumb/v6-m/nofp/libcr_nohost_nf.a(__sys_remove.o)
                0x0000000000003ffe                __sys_remove
 .text.__sys_seek
                0x0000000000004004        0x6 /usr/local/mcuxpressoide-11.2.0_4120/ide/plugins/com.nxp.mcuxpresso.tools.linux_11.2.0.202001021529/tools/bin/../lib/gcc/arm-none-eabi/9.2.1/../../../../arm-none-eabi/lib/thumb/v6-m/nofp/libcr_nohost_nf.a(__sys_seek.o)
                0x0000000000004004                __sys_seek
 .text.__sys_tmpnam
                0x000000000000400a        0x6 /usr/local/mcuxpressoide-11.2.0_4120/ide/plugins/com.nxp.mcuxpresso.tools.linux_11.2.0.202001021529/tools/bin/../lib/gcc/arm-none-eabi/9.2.1/../../../../arm-none-eabi/lib/thumb/v6-m/nofp/libcr_nohost_nf.a(__sys_tmpnam.o)
                0x000000000000400a                __sys_tmpnam
 .text.__sys_write
                0x0000000000004010        0x4 /usr/local/mcuxpressoide-11.2.0_4120/ide/plugins/com.nxp.mcuxpresso.tools.linux_11.2.0.202001021529/tools/bin/../lib/gcc/arm-none-eabi/9.2.1/../../../../arm-none-eabi/lib/thumb/v6-m/nofp/libcr_nohost_nf.a(__sys_write.o)
                0x0000000000004010                __sys_write
 *(SORT_BY_ALIGNMENT(.rodata) SORT_BY_ALIGNMENT(.rodata.*) SORT_BY_ALIGNMENT(.constdata) SORT_BY_ALIGNMENT(.constdata.*))
 *fill*         0x0000000000004014        0x4 ff
 .rodata.a.3949
                0x0000000000004018       0x20 /usr/local/mcuxpressoide-11.2.0_4120/ide/plugins/com.nxp.mcuxpresso.tools.linux_11.2.0.202001021529/tools/bin/../lib/gcc/arm-none-eabi/9.2.1/../../../../arm-none-eabi/lib/thumb/v6-m/nofp/libcr_c.a(atan.o)
 .rodata.I2C_Init.str1.4
                0x0000000000004038       0x34 ./source/i2c.o
 .rodata.InitMMA8451Q.str1.4
                0x000000000000406c       0x75 ./source/init_sensors.o
 *fill*         0x00000000000040e1        0x3 ff
 .rodata.LED_Init.str1.4
                0x00000000000040e4       0x33 ./source/led.o
 *fill*         0x0000000000004117        0x1 ff
 .rodata.MMA8451Q_FetchConfiguration.str1.4
                0x0000000000004118       0x27 ./source/mma8451q.o
 *fill*         0x000000000000413f        0x1 ff
 .rodata.MMA8451Q_StoreConfiguration.str1.4
                0x0000000000004140       0x27 ./source/mma8451q.o
 *fill*         0x0000000000004167        0x1 ff
 .rodata.state_machine.str1.4
                0x0000000000004168       0x8a ./source/statemachine.o
 *fill*         0x00000000000041f2        0x2 ff
 .rodata.InitSysTick.str1.4
                0x00000000000041f4       0x38 ./source/systick.o
 .rodata.CLOCK_GetPllFllSelClkFreq.str1.4
                0x000000000000422c       0x1f ./drivers/fsl_clock.o
 *fill*         0x000000000000424b        0x1 ff
 .rodata.CLOCK_BootToPeeMode.str1.4
                0x000000000000424c       0x1b ./drivers/fsl_clock.o
 *fill*         0x0000000000004267        0x1 ff
 .rodata.fllFactorTable.5210
                0x0000000000004268       0x10 ./drivers/fsl_clock.o
 .rodata.__assertion_failed.str1.4
                0x0000000000004278        0x4 ./drivers/fsl_common.o
 .rodata.DMA_HandleIRQ.str1.4
                0x000000000000427c       0x5d ./drivers/fsl_dma.o
 *fill*         0x00000000000042d9        0x3 ff
 .rodata.LPSCI_GetInstance.str1.4
                0x00000000000042dc       0x37 ./drivers/fsl_lpsci.o
 *fill*         0x0000000000004313        0x1 ff
 .rodata.LPSCI_Init.str1.4
                0x0000000000004314       0x44 ./drivers/fsl_lpsci.o
 .rodata.LPSCI_GetDefaultConfig.str1.4
                0x0000000000004358       0x1a ./drivers/fsl_lpsci.o
 *fill*         0x0000000000004372        0x2 ff
 .rodata.LPSCI_WriteBlocking.str1.4
                0x0000000000004374       0x18 ./drivers/fsl_lpsci.o
 .rodata.LPSCI_ReadBlocking.str1.4
                0x000000000000438c       0x18 ./drivers/fsl_lpsci.o
 .rodata.UART_GetInstance.str1.4
                0x00000000000043a4       0x2c ./drivers/fsl_uart.o
 .rodata.UART_Init.str1.4
                0x00000000000043d0       0x43 ./drivers/fsl_uart.o
 *fill*         0x0000000000004413        0x1 ff
 .rodata.UART_GetDefaultConfig.str1.4
                0x0000000000004414       0x19 ./drivers/fsl_uart.o
 *fill*         0x000000000000442d        0x3 ff
 .rodata.UART_ReadBlocking.str1.4
                0x0000000000004430       0x17 ./drivers/fsl_uart.o
 *fill*         0x0000000000004447        0x1 ff
 .rodata.mcgConfig_BOARD_BootClockRUN
                0x0000000000004448        0xa ./board/clock_config.o
                0x0000000000004448                mcgConfig_BOARD_BootClockRUN
 *fill*         0x0000000000004452        0x2 ff
 .rodata.oscConfig_BOARD_BootClockRUN
                0x0000000000004454        0x8 ./board/clock_config.o
                0x0000000000004454                oscConfig_BOARD_BootClockRUN
 .rodata.simConfig_BOARD_BootClockRUN
                0x000000000000445c        0x8 ./board/clock_config.o
                0x000000000000445c                simConfig_BOARD_BootClockRUN
 .rodata.__num_Ciob_streams
                0x0000000000004464        0x4 /usr/local/mcuxpressoide-11.2.0_4120/ide/plugins/com.nxp.mcuxpresso.tools.linux_11.2.0.202001021529/tools/bin/../lib/gcc/arm-none-eabi/9.2.1/../../../../arm-none-eabi/lib/thumb/v6-m/nofp/libcr_nohost_nf.a(__ciob.o)
                0x0000000000004464                __num_Ciob_streams
 .rodata._initio.str1.1
                0x0000000000004468        0x4 /usr/local/mcuxpressoide-11.2.0_4120/ide/plugins/com.nxp.mcuxpresso.tools.linux_11.2.0.202001021529/tools/bin/../lib/gcc/arm-none-eabi/9.2.1/../../../../arm-none-eabi/lib/thumb/v6-m/nofp/libcr_c.a(initio.o)
                0x000000000000446c                . = ALIGN (0x4)

.glue_7         0x000000000000446c        0x0
 .glue_7        0x000000000000446c        0x0 linker stubs

.glue_7t        0x000000000000446c        0x0
 .glue_7t       0x000000000000446c        0x0 linker stubs

.vfp11_veneer   0x000000000000446c        0x0
 .vfp11_veneer  0x000000000000446c        0x0 linker stubs

.v4_bx          0x000000000000446c        0x0
 .v4_bx         0x000000000000446c        0x0 linker stubs

.iplt           0x000000000000446c        0x0
 .iplt          0x000000000000446c        0x0 ./utilities/fsl_debug_console.o

.rel.dyn        0x000000000000446c        0x0
 .rel.iplt      0x000000000000446c        0x0 ./utilities/fsl_debug_console.o

.ARM.extab
 *(SORT_BY_ALIGNMENT(.ARM.extab*) SORT_BY_ALIGNMENT(.gnu.linkonce.armextab.*))

.ARM.exidx      0x000000000000446c        0x0
                0x000000000000446c                __exidx_start = .
 *(SORT_BY_ALIGNMENT(.ARM.exidx*) SORT_BY_ALIGNMENT(.gnu.linkonce.armexidx.*))
                0x000000000000446c                __exidx_end = .
                0x000000000000446c                _etext = .

.m_usb_data
 *(SORT_BY_ALIGNMENT(m_usb_bdt))

.mtb_buffer_default
                0x000000001ffff000       0x80
 *(SORT_BY_ALIGNMENT(.mtb*))
 .mtb.$RAM1     0x000000001ffff000       0x80 ./source/mtb.o
                0x000000001ffff000                __mtb_buffer__

.uninit_RESERVED
                0x000000001ffff080        0x0
                0x000000001ffff080                _start_uninit_RESERVED = .
 *(SORT_BY_ALIGNMENT(.bss.$RESERVED*))
                0x000000001ffff080                . = ALIGN (0x4)
                0x000000001ffff080                _end_uninit_RESERVED = .

.data           0x000000001ffff080        0x8 load address 0x000000000000446c
 FILL mask 0xff
                0x000000001ffff080                _data = .
                [!provide]                        PROVIDE (__start_data_RAM = .)
                [!provide]                        PROVIDE (__start_data_SRAM = .)
 *(SORT_BY_ALIGNMENT(vtable))
 *(SORT_BY_ALIGNMENT(.ramfunc*))
 *(SORT_BY_ALIGNMENT(CodeQuickAccess))
 *(SORT_BY_ALIGNMENT(DataQuickAccess))
 *(SORT_BY_ALIGNMENT(RamFunction))
 *(SORT_BY_ALIGNMENT(.data*))
 .data.s_slowIrcFreq
                0x000000001ffff080        0x4 ./drivers/fsl_clock.o
 .data.SystemCoreClock
                0x000000001ffff084        0x4 ./CMSIS/system_MKL25Z4.o
                0x000000001ffff084                SystemCoreClock
                0x000000001ffff088                . = ALIGN (0x4)
                0x000000001ffff088                _edata = .
                [!provide]                        PROVIDE (__end_data_RAM = .)
                [!provide]                        PROVIDE (__end_data_SRAM = .)

.igot.plt       0x000000001ffff088        0x0 load address 0x0000000000004474
 .igot.plt      0x000000001ffff088        0x0 ./utilities/fsl_debug_console.o

.bss            0x000000001ffff088      0x174
                0x000000001ffff088                _bss = .
                [!provide]                        PROVIDE (__start_bss_RAM = .)
                [!provide]                        PROVIDE (__start_bss_SRAM = .)
 *(SORT_BY_ALIGNMENT(.bss*))
 .bss.s_debugConsole
                0x000000001ffff088       0x10 ./utilities/fsl_debug_console.o
 .bss.i2c_lock  0x000000001ffff098        0x4 ./source/i2c.o
                0x000000001ffff098                i2c_lock
 .bss.lock_detect
                0x000000001ffff09c        0x4 ./source/i2c.o
                0x000000001ffff09c                lock_detect
 .bss.configuration
                0x000000001ffff0a0       0x10 ./source/i2carbiter.o
 .bss.config_buffer
                0x000000001ffff0b0       0x21 ./source/init_sensors.o
 *fill*         0x000000001ffff0d1        0x3 
 .bss.i2carbiter_entries
                0x000000001ffff0d4       0x18 ./source/main.o
                0x000000001ffff0d4                i2carbiter_entries
 .bss.mma_t     0x000000001ffff0ec        0x1 ./source/statemachine.o
                0x000000001ffff0ec                mma_t
 *fill*         0x000000001ffff0ed        0x3 
 .bss.SystemMilliseconds
                0x000000001ffff0f0        0x4 ./source/systick.o
                0x000000001ffff0f0                SystemMilliseconds
 .bss.Timer_U32
                0x000000001ffff0f4        0x4 ./source/systick.o
                0x000000001ffff0f4                Timer_U32
 .bss.freeRunner
                0x000000001ffff0f8        0x4 ./source/systick.o
 .bss.g_program_start
                0x000000001ffff0fc        0x4 ./source/systick.o
                0x000000001ffff0fc                g_program_start
 .bss.g_timer_start
                0x000000001ffff100        0x4 ./source/systick.o
                0x000000001ffff100                g_timer_start
 .bss.g_xtal0Freq
                0x000000001ffff104        0x4 ./drivers/fsl_clock.o
                0x000000001ffff104                g_xtal0Freq
 .bss.s_DMAHandle
                0x000000001ffff108       0x10 ./drivers/fsl_dma.o
 .bss.s_i2cHandle
                0x000000001ffff118        0x8 ./drivers/fsl_i2c.o
 .bss.s_i2cMasterIsr
                0x000000001ffff120        0x4 ./drivers/fsl_i2c.o
 .bss.s_i2cSlaveIsr
                0x000000001ffff124        0x4 ./drivers/fsl_i2c.o
 .bss.s_lpsciHandle
                0x000000001ffff128        0x4 ./drivers/fsl_lpsci.o
 .bss.s_lpsciIsr
                0x000000001ffff12c        0x4 ./drivers/fsl_lpsci.o
 .bss.s_uartHandle
                0x000000001ffff130        0xc ./drivers/fsl_uart.o
 .bss.s_uartIsr
                0x000000001ffff13c        0x4 ./drivers/fsl_uart.o
 .bss.errno     0x000000001ffff140        0x4 /usr/local/mcuxpressoide-11.2.0_4120/ide/plugins/com.nxp.mcuxpresso.tools.linux_11.2.0.202001021529/tools/bin/../lib/gcc/arm-none-eabi/9.2.1/../../../../arm-none-eabi/lib/thumb/v6-m/nofp/libcr_c.a(errno.o)
                0x000000001ffff140                errno
 .bss.__Ciob    0x000000001ffff144       0xb4 /usr/local/mcuxpressoide-11.2.0_4120/ide/plugins/com.nxp.mcuxpresso.tools.linux_11.2.0.202001021529/tools/bin/../lib/gcc/arm-none-eabi/9.2.1/../../../../arm-none-eabi/lib/thumb/v6-m/nofp/libcr_nohost_nf.a(__ciob.o)
                0x000000001ffff144                __Ciob
 .bss.flag      0x000000001ffff1f8        0x1 ./source/statemachine.o
                0x000000001ffff1f8                flag
 *(SORT_BY_ALIGNMENT(COMMON))
                0x000000001ffff1fc                . = ALIGN (0x4)
 *fill*         0x000000001ffff1f9        0x3 
                0x000000001ffff1fc                _ebss = .
                [!provide]                        PROVIDE (__end_bss_RAM = .)
                [!provide]                        PROVIDE (__end_bss_SRAM = .)
                [!provide]                        PROVIDE (end = .)

.noinit         0x000000001ffff1fc        0x0
                0x000000001ffff1fc                _noinit = .
                [!provide]                        PROVIDE (__start_noinit_RAM = .)
                [!provide]                        PROVIDE (__start_noinit_SRAM = .)
 *(SORT_BY_ALIGNMENT(.noinit*))
                0x000000001ffff1fc                . = ALIGN (0x4)
                0x000000001ffff1fc                _end_noinit = .
                [!provide]                        PROVIDE (__end_noinit_RAM = .)
                [!provide]                        PROVIDE (__end_noinit_SRAM = .)
                0x0000000000000400                _HeapSize = 0x400

.heap           0x000000001ffff1fc      0x400
                0x000000001ffff1fc                _pvHeapStart = .
                0x000000001ffff5fc                . = (. + _HeapSize)
 *fill*         0x000000001ffff1fc      0x400 
                0x000000001ffff5fc                . = ALIGN (0x4)
                0x000000001ffff5fc                _pvHeapLimit = .
                0x0000000000000400                _StackSize = 0x400

.heap2stackfill
                0x000000001ffff5fc      0x400
                0x000000001ffff9fc                . = (. + _StackSize)
 *fill*         0x000000001ffff5fc      0x400 

.stack          0x0000000020002c00        0x0
                0x0000000020002c00                _vStackBase = .
                0x0000000020002c00                . = ALIGN (0x4)
                0x0000000020003000                _vStackTop = (. + _StackSize)
                0x0000000000000000                _image_start = LOADADDR (.text)
                0x0000000000004474                _image_end = (LOADADDR (.data) + SIZEOF (.data))
                0x0000000000004474                _image_size = (_image_end - _image_start)
OUTPUT(Final_Project.axf elf32-littlearm)

.debug_info     0x0000000000000000    0x1950c
 .debug_info    0x0000000000000000     0x1674 ./utilities/fsl_debug_console.o
 .debug_info    0x0000000000001674      0x6b3 ./startup/startup_mkl25z4.o
 .debug_info    0x0000000000001d27      0x4ff ./source/clock.o
 .debug_info    0x0000000000002226     0x1e1b ./source/i2c.o
 .debug_info    0x0000000000004041      0x3e0 ./source/i2carbiter.o
 .debug_info    0x0000000000004421     0x10cf ./source/init_sensors.o
 .debug_info    0x00000000000054f0      0xb8a ./source/led.o
 .debug_info    0x000000000000607a      0xb51 ./source/main.o
 .debug_info    0x0000000000006bcb     0x3e0b ./source/mma8451q.o
 .debug_info    0x000000000000a9d6       0x53 ./source/mtb.o
 .debug_info    0x000000000000aa29       0x3c ./source/semihost_hardfault.o
 .debug_info    0x000000000000aa65      0x8ba ./source/statemachine.o
 .debug_info    0x000000000000b31f      0x837 ./source/systick.o
 .debug_info    0x000000000000bb56     0x2cf7 ./drivers/fsl_clock.o
 .debug_info    0x000000000000e84d      0x4d0 ./drivers/fsl_common.o
 .debug_info    0x000000000000ed1d     0x14d7 ./drivers/fsl_dma.o
 .debug_info    0x00000000000101f4     0x3120 ./drivers/fsl_i2c.o
 .debug_info    0x0000000000013314     0x228c ./drivers/fsl_lpsci.o
 .debug_info    0x00000000000155a0     0x1ffc ./drivers/fsl_uart.o
 .debug_info    0x000000000001759c      0x75c ./board/board.o
 .debug_info    0x0000000000017cf8      0xd66 ./board/clock_config.o
 .debug_info    0x0000000000018a5e       0x3c ./board/peripherals.o
 .debug_info    0x0000000000018a9a      0x62f ./board/pin_mux.o
 .debug_info    0x00000000000190c9      0x443 ./CMSIS/system_MKL25Z4.o

.debug_abbrev   0x0000000000000000     0x4336
 .debug_abbrev  0x0000000000000000      0x410 ./utilities/fsl_debug_console.o
 .debug_abbrev  0x0000000000000410      0x15b ./startup/startup_mkl25z4.o
 .debug_abbrev  0x000000000000056b      0x172 ./source/clock.o
 .debug_abbrev  0x00000000000006dd      0x4ef ./source/i2c.o
 .debug_abbrev  0x0000000000000bcc      0x1c4 ./source/i2carbiter.o
 .debug_abbrev  0x0000000000000d90      0x2f8 ./source/init_sensors.o
 .debug_abbrev  0x0000000000001088      0x37c ./source/led.o
 .debug_abbrev  0x0000000000001404      0x202 ./source/main.o
 .debug_abbrev  0x0000000000001606      0x46d ./source/mma8451q.o
 .debug_abbrev  0x0000000000001a73       0x46 ./source/mtb.o
 .debug_abbrev  0x0000000000001ab9       0x31 ./source/semihost_hardfault.o
 .debug_abbrev  0x0000000000001aea      0x307 ./source/statemachine.o
 .debug_abbrev  0x0000000000001df1      0x261 ./source/systick.o
 .debug_abbrev  0x0000000000002052      0x53a ./drivers/fsl_clock.o
 .debug_abbrev  0x000000000000258c      0x2dd ./drivers/fsl_common.o
 .debug_abbrev  0x0000000000002869      0x44c ./drivers/fsl_dma.o
 .debug_abbrev  0x0000000000002cb5      0x4c8 ./drivers/fsl_i2c.o
 .debug_abbrev  0x000000000000317d      0x49b ./drivers/fsl_lpsci.o
 .debug_abbrev  0x0000000000003618      0x4c4 ./drivers/fsl_uart.o
 .debug_abbrev  0x0000000000003adc      0x1eb ./board/board.o
 .debug_abbrev  0x0000000000003cc7      0x2ec ./board/clock_config.o
 .debug_abbrev  0x0000000000003fb3       0x31 ./board/peripherals.o
 .debug_abbrev  0x0000000000003fe4      0x1f9 ./board/pin_mux.o
 .debug_abbrev  0x00000000000041dd      0x159 ./CMSIS/system_MKL25Z4.o

.debug_loc      0x0000000000000000    0x111d5
 .debug_loc     0x0000000000000000     0x1ee6 ./utilities/fsl_debug_console.o
 .debug_loc     0x0000000000001ee6      0x217 ./startup/startup_mkl25z4.o
 .debug_loc     0x00000000000020fd     0x1184 ./source/i2c.o
 .debug_loc     0x0000000000003281      0x338 ./source/i2carbiter.o
 .debug_loc     0x00000000000035b9       0xa5 ./source/init_sensors.o
 .debug_loc     0x000000000000365e      0x167 ./source/led.o
 .debug_loc     0x00000000000037c5     0x26f0 ./source/mma8451q.o
 .debug_loc     0x0000000000005eb5       0xf4 ./source/statemachine.o
 .debug_loc     0x0000000000005fa9       0x5b ./source/systick.o
 .debug_loc     0x0000000000006004     0x1cf4 ./drivers/fsl_clock.o
 .debug_loc     0x0000000000007cf8      0x173 ./drivers/fsl_common.o
 .debug_loc     0x0000000000007e6b     0x121e ./drivers/fsl_dma.o
 .debug_loc     0x0000000000009089     0x3ceb ./drivers/fsl_i2c.o
 .debug_loc     0x000000000000cd74     0x21ae ./drivers/fsl_lpsci.o
 .debug_loc     0x000000000000ef22     0x1ff9 ./drivers/fsl_uart.o
 .debug_loc     0x0000000000010f1b       0x38 ./board/board.o
 .debug_loc     0x0000000000010f53       0xab ./board/clock_config.o
 .debug_loc     0x0000000000010ffe       0xaa ./board/pin_mux.o
 .debug_loc     0x00000000000110a8      0x12d ./CMSIS/system_MKL25Z4.o

.debug_aranges  0x0000000000000000      0xa10
 .debug_aranges
                0x0000000000000000       0x48 ./utilities/fsl_debug_console.o
 .debug_aranges
                0x0000000000000048      0x160 ./startup/startup_mkl25z4.o
 .debug_aranges
                0x00000000000001a8       0x28 ./source/clock.o
 .debug_aranges
                0x00000000000001d0       0x90 ./source/i2c.o
 .debug_aranges
                0x0000000000000260       0x30 ./source/i2carbiter.o
 .debug_aranges
                0x0000000000000290       0x20 ./source/init_sensors.o
 .debug_aranges
                0x00000000000002b0       0x58 ./source/led.o
 .debug_aranges
                0x0000000000000308       0x28 ./source/main.o
 .debug_aranges
                0x0000000000000330       0xa0 ./source/mma8451q.o
 .debug_aranges
                0x00000000000003d0       0x18 ./source/mtb.o
 .debug_aranges
                0x00000000000003e8       0x20 ./source/semihost_hardfault.o
 .debug_aranges
                0x0000000000000408       0x28 ./source/statemachine.o
 .debug_aranges
                0x0000000000000430       0x40 ./source/systick.o
 .debug_aranges
                0x0000000000000470      0x168 ./drivers/fsl_clock.o
 .debug_aranges
                0x00000000000005d8       0x28 ./drivers/fsl_common.o
 .debug_aranges
                0x0000000000000600       0x98 ./drivers/fsl_dma.o
 .debug_aranges
                0x0000000000000698      0x108 ./drivers/fsl_i2c.o
 .debug_aranges
                0x00000000000007a0       0xd8 ./drivers/fsl_lpsci.o
 .debug_aranges
                0x0000000000000878       0xe0 ./drivers/fsl_uart.o
 .debug_aranges
                0x0000000000000958       0x20 ./board/board.o
 .debug_aranges
                0x0000000000000978       0x30 ./board/clock_config.o
 .debug_aranges
                0x00000000000009a8       0x20 ./board/peripherals.o
 .debug_aranges
                0x00000000000009c8       0x20 ./board/pin_mux.o
 .debug_aranges
                0x00000000000009e8       0x28 ./CMSIS/system_MKL25Z4.o

.debug_ranges   0x0000000000000000     0x33a0
 .debug_ranges  0x0000000000000000      0x238 ./utilities/fsl_debug_console.o
 .debug_ranges  0x0000000000000238      0x150 ./startup/startup_mkl25z4.o
 .debug_ranges  0x0000000000000388       0x18 ./source/clock.o
 .debug_ranges  0x00000000000003a0      0x7e0 ./source/i2c.o
 .debug_ranges  0x0000000000000b80       0x60 ./source/i2carbiter.o
 .debug_ranges  0x0000000000000be0       0x10 ./source/init_sensors.o
 .debug_ranges  0x0000000000000bf0      0x1a8 ./source/led.o
 .debug_ranges  0x0000000000000d98       0x18 ./source/main.o
 .debug_ranges  0x0000000000000db0      0xbb0 ./source/mma8451q.o
 .debug_ranges  0x0000000000001960       0x10 ./source/semihost_hardfault.o
 .debug_ranges  0x0000000000001970       0x38 ./source/statemachine.o
 .debug_ranges  0x00000000000019a8       0x50 ./source/systick.o
 .debug_ranges  0x00000000000019f8      0x890 ./drivers/fsl_clock.o
 .debug_ranges  0x0000000000002288       0x60 ./drivers/fsl_common.o
 .debug_ranges  0x00000000000022e8      0x208 ./drivers/fsl_dma.o
 .debug_ranges  0x00000000000024f0      0x818 ./drivers/fsl_i2c.o
 .debug_ranges  0x0000000000002d08      0x230 ./drivers/fsl_lpsci.o
 .debug_ranges  0x0000000000002f38      0x298 ./drivers/fsl_uart.o
 .debug_ranges  0x00000000000031d0       0x28 ./board/board.o
 .debug_ranges  0x00000000000031f8      0x120 ./board/clock_config.o
 .debug_ranges  0x0000000000003318       0x10 ./board/peripherals.o
 .debug_ranges  0x0000000000003328       0x60 ./board/pin_mux.o
 .debug_ranges  0x0000000000003388       0x18 ./CMSIS/system_MKL25Z4.o

.debug_macro    0x0000000000000000     0x9d9b
 .debug_macro   0x0000000000000000      0x127 ./utilities/fsl_debug_console.o
 .debug_macro   0x0000000000000127      0xab4 ./utilities/fsl_debug_console.o
 .debug_macro   0x0000000000000bdb       0x10 ./utilities/fsl_debug_console.o
 .debug_macro   0x0000000000000beb       0x16 ./utilities/fsl_debug_console.o
 .debug_macro   0x0000000000000c01       0x10 ./utilities/fsl_debug_console.o
 .debug_macro   0x0000000000000c11      0x12e ./utilities/fsl_debug_console.o
 .debug_macro   0x0000000000000d3f       0x28 ./utilities/fsl_debug_console.o
 .debug_macro   0x0000000000000d67       0xc4 ./utilities/fsl_debug_console.o
 .debug_macro   0x0000000000000e2b       0x16 ./utilities/fsl_debug_console.o
 .debug_macro   0x0000000000000e41       0x22 ./utilities/fsl_debug_console.o
 .debug_macro   0x0000000000000e63      0x5b3 ./utilities/fsl_debug_console.o
 .debug_macro   0x0000000000001416       0x10 ./utilities/fsl_debug_console.o
 .debug_macro   0x0000000000001426       0x3f ./utilities/fsl_debug_console.o
 .debug_macro   0x0000000000001465       0x3a ./utilities/fsl_debug_console.o
 .debug_macro   0x000000000000149f       0x26 ./utilities/fsl_debug_console.o
 .debug_macro   0x00000000000014c5      0x329 ./utilities/fsl_debug_console.o
 .debug_macro   0x00000000000017ee       0x30 ./utilities/fsl_debug_console.o
 .debug_macro   0x000000000000181e     0x51e2 ./utilities/fsl_debug_console.o
 .debug_macro   0x0000000000006a00     0x1352 ./utilities/fsl_debug_console.o
 .debug_macro   0x0000000000007d52       0x3a ./utilities/fsl_debug_console.o
 .debug_macro   0x0000000000007d8c       0xf4 ./utilities/fsl_debug_console.o
 .debug_macro   0x0000000000007e80       0x35 ./utilities/fsl_debug_console.o
 .debug_macro   0x0000000000007eb5       0x2e ./utilities/fsl_debug_console.o
 .debug_macro   0x0000000000007ee3       0x10 ./utilities/fsl_debug_console.o
 .debug_macro   0x0000000000007ef3       0x10 ./utilities/fsl_debug_console.o
 .debug_macro   0x0000000000007f03       0x23 ./startup/startup_mkl25z4.o
 .debug_macro   0x0000000000007f26       0xb0 ./source/clock.o
 .debug_macro   0x0000000000007fd6       0x34 ./source/clock.o
 .debug_macro   0x000000000000800a       0x10 ./source/clock.o
 .debug_macro   0x000000000000801a       0xd8 ./source/clock.o
 .debug_macro   0x00000000000080f2      0x15c ./source/i2c.o
 .debug_macro   0x000000000000824e       0x16 ./source/i2c.o
 .debug_macro   0x0000000000008264       0x34 ./source/i2c.o
 .debug_macro   0x0000000000008298       0x76 ./source/i2c.o
 .debug_macro   0x000000000000830e       0xd2 ./source/i2c.o
 .debug_macro   0x00000000000083e0       0xb4 ./source/i2carbiter.o
 .debug_macro   0x0000000000008494      0x19c ./source/init_sensors.o
 .debug_macro   0x0000000000008630       0xb9 ./source/init_sensors.o
 .debug_macro   0x00000000000086e9       0x2e ./source/init_sensors.o
 .debug_macro   0x0000000000008717       0x76 ./source/init_sensors.o
 .debug_macro   0x000000000000878d      0x17a ./source/led.o
 .debug_macro   0x0000000000008907       0xb3 ./source/led.o
 .debug_macro   0x00000000000089ba      0x1ee ./source/main.o
 .debug_macro   0x0000000000008ba8       0x16 ./source/main.o
 .debug_macro   0x0000000000008bbe       0x10 ./source/main.o
 .debug_macro   0x0000000000008bce      0x112 ./source/main.o
 .debug_macro   0x0000000000008ce0       0x10 ./source/main.o
 .debug_macro   0x0000000000008cf0       0x22 ./source/main.o
 .debug_macro   0x0000000000008d12       0x7c ./source/main.o
 .debug_macro   0x0000000000008d8e       0x34 ./source/main.o
 .debug_macro   0x0000000000008dc2      0x19b ./source/mma8451q.o
 .debug_macro   0x0000000000008f5d       0x10 ./source/mma8451q.o
 .debug_macro   0x0000000000008f6d       0x2f ./source/mtb.o
 .debug_macro   0x0000000000008f9c       0x82 ./source/mtb.o
 .debug_macro   0x000000000000901e       0x10 ./source/mtb.o
 .debug_macro   0x000000000000902e       0x11 ./source/semihost_hardfault.o
 .debug_macro   0x000000000000903f      0x1cb ./source/statemachine.o
 .debug_macro   0x000000000000920a      0x130 ./source/systick.o
 .debug_macro   0x000000000000933a      0x196 ./drivers/fsl_clock.o
 .debug_macro   0x00000000000094d0       0x1c ./drivers/fsl_clock.o
 .debug_macro   0x00000000000094ec       0xef ./drivers/fsl_common.o
 .debug_macro   0x00000000000095db       0xec ./drivers/fsl_dma.o
 .debug_macro   0x00000000000096c7       0xeb ./drivers/fsl_i2c.o
 .debug_macro   0x00000000000097b2       0x10 ./drivers/fsl_i2c.o
 .debug_macro   0x00000000000097c2       0xec ./drivers/fsl_lpsci.o
 .debug_macro   0x00000000000098ae       0xf2 ./drivers/fsl_uart.o
 .debug_macro   0x00000000000099a0      0x112 ./board/board.o
 .debug_macro   0x0000000000009ab2      0x123 ./board/clock_config.o
 .debug_macro   0x0000000000009bd5       0x1b ./board/peripherals.o
 .debug_macro   0x0000000000009bf0      0x107 ./board/pin_mux.o
 .debug_macro   0x0000000000009cf7       0x10 ./board/pin_mux.o
 .debug_macro   0x0000000000009d07       0x94 ./CMSIS/system_MKL25Z4.o

.debug_line     0x0000000000000000    0x11917
 .debug_line    0x0000000000000000     0x11d0 ./utilities/fsl_debug_console.o
 .debug_line    0x00000000000011d0      0x349 ./startup/startup_mkl25z4.o
 .debug_line    0x0000000000001519      0x2f0 ./source/clock.o
 .debug_line    0x0000000000001809     0x1936 ./source/i2c.o
 .debug_line    0x000000000000313f      0x3e7 ./source/i2carbiter.o
 .debug_line    0x0000000000003526      0x504 ./source/init_sensors.o
 .debug_line    0x0000000000003a2a      0x8f8 ./source/led.o
 .debug_line    0x0000000000004322      0x499 ./source/main.o
 .debug_line    0x00000000000047bb     0x2c6c ./source/mma8451q.o
 .debug_line    0x0000000000007427       0xd5 ./source/mtb.o
 .debug_line    0x00000000000074fc       0x5a ./source/semihost_hardfault.o
 .debug_line    0x0000000000007556      0x5c8 ./source/statemachine.o
 .debug_line    0x0000000000007b1e      0x4b1 ./source/systick.o
 .debug_line    0x0000000000007fcf     0x24ea ./drivers/fsl_clock.o
 .debug_line    0x000000000000a4b9      0x46b ./drivers/fsl_common.o
 .debug_line    0x000000000000a924      0xade ./drivers/fsl_dma.o
 .debug_line    0x000000000000b402     0x277a ./drivers/fsl_i2c.o
 .debug_line    0x000000000000db7c     0x173f ./drivers/fsl_lpsci.o
 .debug_line    0x000000000000f2bb     0x1661 ./drivers/fsl_uart.o
 .debug_line    0x000000000001091c      0x383 ./board/board.o
 .debug_line    0x0000000000010c9f      0x4d5 ./board/clock_config.o
 .debug_line    0x0000000000011174       0x5c ./board/peripherals.o
 .debug_line    0x00000000000111d0      0x376 ./board/pin_mux.o
 .debug_line    0x0000000000011546      0x3d1 ./CMSIS/system_MKL25Z4.o

.debug_str      0x0000000000000000    0x39175
 .debug_str     0x0000000000000000    0x31543 ./utilities/fsl_debug_console.o
                                      0x317f3 (size before relaxing)
 .debug_str     0x0000000000031543      0x3e4 ./startup/startup_mkl25z4.o
                                       0x31e7 (size before relaxing)
 .debug_str     0x0000000000031927      0x54f ./source/clock.o
                                      0x2930f (size before relaxing)
 .debug_str     0x0000000000031e76      0x724 ./source/i2c.o
                                      0x315e0 (size before relaxing)
 .debug_str     0x000000000003259a      0x104 ./source/i2carbiter.o
                                      0x29077 (size before relaxing)
 .debug_str     0x000000000003269e      0xe28 ./source/init_sensors.o
                                      0x322bd (size before relaxing)
 .debug_str     0x00000000000334c6       0xb2 ./source/led.o
                                      0x316c8 (size before relaxing)
 .debug_str     0x0000000000033578      0xee6 ./source/main.o
                                      0x32f33 (size before relaxing)
 .debug_str     0x000000000003445e      0x6cd ./source/mma8451q.o
                                      0x2a89a (size before relaxing)
 .debug_str     0x0000000000034b2b      0x532 ./source/mtb.o
                                       0x32f0 (size before relaxing)
 .debug_str     0x000000000003505d       0x1f ./source/semihost_hardfault.o
                                       0x2ddd (size before relaxing)
 .debug_str     0x000000000003507c       0xe5 ./source/statemachine.o
                                      0x3217b (size before relaxing)
 .debug_str     0x0000000000035161       0x75 ./source/systick.o
                                      0x311d5 (size before relaxing)
 .debug_str     0x00000000000351d6     0x14d2 ./drivers/fsl_clock.o
                                      0x322fe (size before relaxing)
 .debug_str     0x00000000000366a8      0x100 ./drivers/fsl_common.o
                                      0x308e4 (size before relaxing)
 .debug_str     0x00000000000367a8      0x78e ./drivers/fsl_dma.o
                                      0x3115f (size before relaxing)
 .debug_str     0x0000000000036f36      0xbe9 ./drivers/fsl_i2c.o
                                      0x31adf (size before relaxing)
 .debug_str     0x0000000000037b1f      0x8f2 ./drivers/fsl_lpsci.o
                                      0x3190d (size before relaxing)
 .debug_str     0x0000000000038411      0x806 ./drivers/fsl_uart.o
                                      0x31930 (size before relaxing)
 .debug_str     0x0000000000038c17       0x35 ./board/board.o
                                      0x3145a (size before relaxing)
 .debug_str     0x0000000000038c4c      0x300 ./board/clock_config.o
                                      0x31297 (size before relaxing)
 .debug_str     0x0000000000038f4c       0x17 ./board/peripherals.o
                                       0x2dee (size before relaxing)
 .debug_str     0x0000000000038f63      0x1ce ./board/pin_mux.o
                                      0x3097c (size before relaxing)
 .debug_str     0x0000000000039131       0x44 ./CMSIS/system_MKL25Z4.o
                                      0x2fc55 (size before relaxing)

.comment        0x0000000000000000       0x79
 .comment       0x0000000000000000       0x79 ./utilities/fsl_debug_console.o
                                         0x7a (size before relaxing)
 .comment       0x0000000000000079       0x7a ./startup/startup_mkl25z4.o
 .comment       0x0000000000000079       0x7a ./source/clock.o
 .comment       0x0000000000000079       0x7a ./source/i2c.o
 .comment       0x0000000000000079       0x7a ./source/i2carbiter.o
 .comment       0x0000000000000079       0x7a ./source/init_sensors.o
 .comment       0x0000000000000079       0x7a ./source/led.o
 .comment       0x0000000000000079       0x7a ./source/main.o
 .comment       0x0000000000000079       0x7a ./source/mma8451q.o
 .comment       0x0000000000000079       0x7a ./source/mtb.o
 .comment       0x0000000000000079       0x7a ./source/semihost_hardfault.o
 .comment       0x0000000000000079       0x7a ./source/statemachine.o
 .comment       0x0000000000000079       0x7a ./source/systick.o
 .comment       0x0000000000000079       0x7a ./drivers/fsl_clock.o
 .comment       0x0000000000000079       0x7a ./drivers/fsl_common.o
 .comment       0x0000000000000079       0x7a ./drivers/fsl_dma.o
 .comment       0x0000000000000079       0x7a ./drivers/fsl_i2c.o
 .comment       0x0000000000000079       0x7a ./drivers/fsl_lpsci.o
 .comment       0x0000000000000079       0x7a ./drivers/fsl_uart.o
 .comment       0x0000000000000079       0x7a ./board/board.o
 .comment       0x0000000000000079       0x7a ./board/clock_config.o
 .comment       0x0000000000000079       0x7a ./board/peripherals.o
 .comment       0x0000000000000079       0x7a ./board/pin_mux.o
 .comment       0x0000000000000079       0x7a ./CMSIS/system_MKL25Z4.o
 .comment       0x0000000000000079       0x7a /usr/local/mcuxpressoide-11.2.0_4120/ide/plugins/com.nxp.mcuxpresso.tools.linux_11.2.0.202001021529/tools/bin/../lib/gcc/arm-none-eabi/9.2.1/../../../../arm-none-eabi/lib/thumb/v6-m/nofp/libcr_nohost_nf.a(_cr__main.o)
 .comment       0x0000000000000079       0x7a /usr/local/mcuxpressoide-11.2.0_4120/ide/plugins/com.nxp.mcuxpresso.tools.linux_11.2.0.202001021529/tools/bin/../lib/gcc/arm-none-eabi/9.2.1/../../../../arm-none-eabi/lib/thumb/v6-m/nofp/libcr_c.a(memset.o)
 .comment       0x0000000000000079       0x7a /usr/local/mcuxpressoide-11.2.0_4120/ide/plugins/com.nxp.mcuxpresso.tools.linux_11.2.0.202001021529/tools/bin/../lib/gcc/arm-none-eabi/9.2.1/../../../../arm-none-eabi/lib/thumb/v6-m/nofp/libcr_c.a(atan2.o)
 .comment       0x0000000000000079       0x7a /usr/local/mcuxpressoide-11.2.0_4120/ide/plugins/com.nxp.mcuxpresso.tools.linux_11.2.0.202001021529/tools/bin/../lib/gcc/arm-none-eabi/9.2.1/../../../../arm-none-eabi/lib/thumb/v6-m/nofp/libcr_c.a(errno.o)
 .comment       0x0000000000000079       0x7a /usr/local/mcuxpressoide-11.2.0_4120/ide/plugins/com.nxp.mcuxpresso.tools.linux_11.2.0.202001021529/tools/bin/../lib/gcc/arm-none-eabi/9.2.1/../../../../arm-none-eabi/lib/thumb/v6-m/nofp/libcr_c.a(fabs.o)
 .comment       0x0000000000000079       0x7a /usr/local/mcuxpressoide-11.2.0_4120/ide/plugins/com.nxp.mcuxpresso.tools.linux_11.2.0.202001021529/tools/bin/../lib/gcc/arm-none-eabi/9.2.1/../../../../arm-none-eabi/lib/thumb/v6-m/nofp/libcr_c.a(initio.o)
 .comment       0x0000000000000079       0x7a /usr/local/mcuxpressoide-11.2.0_4120/ide/plugins/com.nxp.mcuxpresso.tools.linux_11.2.0.202001021529/tools/bin/../lib/gcc/arm-none-eabi/9.2.1/../../../../arm-none-eabi/lib/thumb/v6-m/nofp/libcr_c.a(setvbuf.o)
 .comment       0x0000000000000079       0x7a /usr/local/mcuxpressoide-11.2.0_4120/ide/plugins/com.nxp.mcuxpresso.tools.linux_11.2.0.202001021529/tools/bin/../lib/gcc/arm-none-eabi/9.2.1/../../../../arm-none-eabi/lib/thumb/v6-m/nofp/libcr_c.a(sqrt.o)
 .comment       0x0000000000000079       0x7a /usr/local/mcuxpressoide-11.2.0_4120/ide/plugins/com.nxp.mcuxpresso.tools.linux_11.2.0.202001021529/tools/bin/../lib/gcc/arm-none-eabi/9.2.1/../../../../arm-none-eabi/lib/thumb/v6-m/nofp/libcr_c.a(strlen.o)
 .comment       0x0000000000000079       0x7a /usr/local/mcuxpressoide-11.2.0_4120/ide/plugins/com.nxp.mcuxpresso.tools.linux_11.2.0.202001021529/tools/bin/../lib/gcc/arm-none-eabi/9.2.1/../../../../arm-none-eabi/lib/thumb/v6-m/nofp/libcr_c.a(_fdopen.o)
 .comment       0x0000000000000079       0x7a /usr/local/mcuxpressoide-11.2.0_4120/ide/plugins/com.nxp.mcuxpresso.tools.linux_11.2.0.202001021529/tools/bin/../lib/gcc/arm-none-eabi/9.2.1/../../../../arm-none-eabi/lib/thumb/v6-m/nofp/libcr_c.a(atan.o)
 .comment       0x0000000000000079       0x7a /usr/local/mcuxpressoide-11.2.0_4120/ide/plugins/com.nxp.mcuxpresso.tools.linux_11.2.0.202001021529/tools/bin/../lib/gcc/arm-none-eabi/9.2.1/../../../../arm-none-eabi/lib/thumb/v6-m/nofp/libcr_c.a(fclose.o)
 .comment       0x0000000000000079       0x7a /usr/local/mcuxpressoide-11.2.0_4120/ide/plugins/com.nxp.mcuxpresso.tools.linux_11.2.0.202001021529/tools/bin/../lib/gcc/arm-none-eabi/9.2.1/../../../../arm-none-eabi/lib/thumb/v6-m/nofp/libcr_c.a(fflush.o)
 .comment       0x0000000000000079       0x7a /usr/local/mcuxpressoide-11.2.0_4120/ide/plugins/com.nxp.mcuxpresso.tools.linux_11.2.0.202001021529/tools/bin/../lib/gcc/arm-none-eabi/9.2.1/../../../../arm-none-eabi/lib/thumb/v6-m/nofp/libcr_c.a(fseek.o)
 .comment       0x0000000000000079       0x7a /usr/local/mcuxpressoide-11.2.0_4120/ide/plugins/com.nxp.mcuxpresso.tools.linux_11.2.0.202001021529/tools/bin/../lib/gcc/arm-none-eabi/9.2.1/../../../../arm-none-eabi/lib/thumb/v6-m/nofp/libcr_c.a(ftell.o)
 .comment       0x0000000000000079       0x7a /usr/local/mcuxpressoide-11.2.0_4120/ide/plugins/com.nxp.mcuxpresso.tools.linux_11.2.0.202001021529/tools/bin/../lib/gcc/arm-none-eabi/9.2.1/../../../../arm-none-eabi/lib/thumb/v6-m/nofp/libcr_c.a(remove.o)
 .comment       0x0000000000000079       0x7a /usr/local/mcuxpressoide-11.2.0_4120/ide/plugins/com.nxp.mcuxpresso.tools.linux_11.2.0.202001021529/tools/bin/../lib/gcc/arm-none-eabi/9.2.1/../../../../arm-none-eabi/lib/thumb/v6-m/nofp/libcr_c.a(_do_fflush.o)
 .comment       0x0000000000000079       0x7a /usr/local/mcuxpressoide-11.2.0_4120/ide/plugins/com.nxp.mcuxpresso.tools.linux_11.2.0.202001021529/tools/bin/../lib/gcc/arm-none-eabi/9.2.1/../../../../arm-none-eabi/lib/thumb/v6-m/nofp/libcr_c.a(_fflush.o)
 .comment       0x0000000000000079       0x7a /usr/local/mcuxpressoide-11.2.0_4120/ide/plugins/com.nxp.mcuxpresso.tools.linux_11.2.0.202001021529/tools/bin/../lib/gcc/arm-none-eabi/9.2.1/../../../../arm-none-eabi/lib/thumb/v6-m/nofp/libcr_c.a(_writebuf.o)
 .comment       0x0000000000000079       0x7a /usr/local/mcuxpressoide-11.2.0_4120/ide/plugins/com.nxp.mcuxpresso.tools.linux_11.2.0.202001021529/tools/bin/../lib/gcc/arm-none-eabi/9.2.1/../../../../arm-none-eabi/lib/thumb/v6-m/nofp/libcr_c.a(alloc.o)
 .comment       0x0000000000000079       0x7a /usr/local/mcuxpressoide-11.2.0_4120/ide/plugins/com.nxp.mcuxpresso.tools.linux_11.2.0.202001021529/tools/bin/../lib/gcc/arm-none-eabi/9.2.1/../../../../arm-none-eabi/lib/thumb/v6-m/nofp/libcr_c.a(_deferredlazyseek.o)
 .comment       0x0000000000000079       0x7a /usr/local/mcuxpressoide-11.2.0_4120/ide/plugins/com.nxp.mcuxpresso.tools.linux_11.2.0.202001021529/tools/bin/../lib/gcc/arm-none-eabi/9.2.1/thumb/v6-m/nofp/libcr_eabihelpers.a(double.o)
 .comment       0x0000000000000079       0x7a /usr/local/mcuxpressoide-11.2.0_4120/ide/plugins/com.nxp.mcuxpresso.tools.linux_11.2.0.202001021529/tools/bin/../lib/gcc/arm-none-eabi/9.2.1/thumb/v6-m/nofp/libcr_eabihelpers.a(float.o)
 .comment       0x0000000000000079       0x7a /usr/local/mcuxpressoide-11.2.0_4120/ide/plugins/com.nxp.mcuxpresso.tools.linux_11.2.0.202001021529/tools/bin/../lib/gcc/arm-none-eabi/9.2.1/../../../../arm-none-eabi/lib/thumb/v6-m/nofp/libcr_nohost_nf.a(__ciob.o)
 .comment       0x0000000000000079       0x7a /usr/local/mcuxpressoide-11.2.0_4120/ide/plugins/com.nxp.mcuxpresso.tools.linux_11.2.0.202001021529/tools/bin/../lib/gcc/arm-none-eabi/9.2.1/../../../../arm-none-eabi/lib/thumb/v6-m/nofp/libcr_nohost_nf.a(__sys_close.o)
 .comment       0x0000000000000079       0x7a /usr/local/mcuxpressoide-11.2.0_4120/ide/plugins/com.nxp.mcuxpresso.tools.linux_11.2.0.202001021529/tools/bin/../lib/gcc/arm-none-eabi/9.2.1/../../../../arm-none-eabi/lib/thumb/v6-m/nofp/libcr_nohost_nf.a(__sys_flen.o)
 .comment       0x0000000000000079       0x7a /usr/local/mcuxpressoide-11.2.0_4120/ide/plugins/com.nxp.mcuxpresso.tools.linux_11.2.0.202001021529/tools/bin/../lib/gcc/arm-none-eabi/9.2.1/../../../../arm-none-eabi/lib/thumb/v6-m/nofp/libcr_nohost_nf.a(__sys_istty.o)
 .comment       0x0000000000000079       0x7a /usr/local/mcuxpressoide-11.2.0_4120/ide/plugins/com.nxp.mcuxpresso.tools.linux_11.2.0.202001021529/tools/bin/../lib/gcc/arm-none-eabi/9.2.1/../../../../arm-none-eabi/lib/thumb/v6-m/nofp/libcr_nohost_nf.a(__sys_remove.o)
 .comment       0x0000000000000079       0x7a /usr/local/mcuxpressoide-11.2.0_4120/ide/plugins/com.nxp.mcuxpresso.tools.linux_11.2.0.202001021529/tools/bin/../lib/gcc/arm-none-eabi/9.2.1/../../../../arm-none-eabi/lib/thumb/v6-m/nofp/libcr_nohost_nf.a(__sys_seek.o)
 .comment       0x0000000000000079       0x7a /usr/local/mcuxpressoide-11.2.0_4120/ide/plugins/com.nxp.mcuxpresso.tools.linux_11.2.0.202001021529/tools/bin/../lib/gcc/arm-none-eabi/9.2.1/../../../../arm-none-eabi/lib/thumb/v6-m/nofp/libcr_nohost_nf.a(__sys_tmpnam.o)
 .comment       0x0000000000000079       0x7a /usr/local/mcuxpressoide-11.2.0_4120/ide/plugins/com.nxp.mcuxpresso.tools.linux_11.2.0.202001021529/tools/bin/../lib/gcc/arm-none-eabi/9.2.1/../../../../arm-none-eabi/lib/thumb/v6-m/nofp/libcr_nohost_nf.a(__sys_write.o)

.ARM.attributes
                0x0000000000000000       0x2a
 .ARM.attributes
                0x0000000000000000       0x2c ./utilities/fsl_debug_console.o
 .ARM.attributes
                0x000000000000002c       0x2c ./startup/startup_mkl25z4.o
 .ARM.attributes
                0x0000000000000058       0x2c ./source/clock.o
 .ARM.attributes
                0x0000000000000084       0x2c ./source/i2c.o
 .ARM.attributes
                0x00000000000000b0       0x2c ./source/i2carbiter.o
 .ARM.attributes
                0x00000000000000dc       0x2c ./source/init_sensors.o
 .ARM.attributes
                0x0000000000000108       0x2c ./source/led.o
 .ARM.attributes
                0x0000000000000134       0x2c ./source/main.o
 .ARM.attributes
                0x0000000000000160       0x2c ./source/mma8451q.o
 .ARM.attributes
                0x000000000000018c       0x32 ./source/mtb.o
 .ARM.attributes
                0x00000000000001be       0x2c ./source/semihost_hardfault.o
 .ARM.attributes
                0x00000000000001ea       0x2c ./source/statemachine.o
 .ARM.attributes
                0x0000000000000216       0x2c ./source/systick.o
 .ARM.attributes
                0x0000000000000242       0x2c ./drivers/fsl_clock.o
 .ARM.attributes
                0x000000000000026e       0x2c ./drivers/fsl_common.o
 .ARM.attributes
                0x000000000000029a       0x2c ./drivers/fsl_dma.o
 .ARM.attributes
                0x00000000000002c6       0x2c ./drivers/fsl_i2c.o
 .ARM.attributes
                0x00000000000002f2       0x2c ./drivers/fsl_lpsci.o
 .ARM.attributes
                0x000000000000031e       0x2c ./drivers/fsl_uart.o
 .ARM.attributes
                0x000000000000034a       0x2c ./board/board.o
 .ARM.attributes
                0x0000000000000376       0x2c ./board/clock_config.o
 .ARM.attributes
                0x00000000000003a2       0x2c ./board/peripherals.o
 .ARM.attributes
                0x00000000000003ce       0x2c ./board/pin_mux.o
 .ARM.attributes
                0x00000000000003fa       0x2c ./CMSIS/system_MKL25Z4.o
 .ARM.attributes
                0x0000000000000426       0x2c /usr/local/mcuxpressoide-11.2.0_4120/ide/plugins/com.nxp.mcuxpresso.tools.linux_11.2.0.202001021529/tools/bin/../lib/gcc/arm-none-eabi/9.2.1/../../../../arm-none-eabi/lib/thumb/v6-m/nofp/libcr_nohost_nf.a(_cr__main.o)
 .ARM.attributes
                0x0000000000000452       0x2c /usr/local/mcuxpressoide-11.2.0_4120/ide/plugins/com.nxp.mcuxpresso.tools.linux_11.2.0.202001021529/tools/bin/../lib/gcc/arm-none-eabi/9.2.1/../../../../arm-none-eabi/lib/thumb/v6-m/nofp/libcr_c.a(memset.o)
 .ARM.attributes
                0x000000000000047e       0x2c /usr/local/mcuxpressoide-11.2.0_4120/ide/plugins/com.nxp.mcuxpresso.tools.linux_11.2.0.202001021529/tools/bin/../lib/gcc/arm-none-eabi/9.2.1/../../../../arm-none-eabi/lib/thumb/v6-m/nofp/libcr_c.a(atan2.o)
 .ARM.attributes
                0x00000000000004aa       0x31 /usr/local/mcuxpressoide-11.2.0_4120/ide/plugins/com.nxp.mcuxpresso.tools.linux_11.2.0.202001021529/tools/bin/../lib/gcc/arm-none-eabi/9.2.1/../../../../arm-none-eabi/lib/thumb/v6-m/nofp/libcr_c.a(errno.o)
 .ARM.attributes
                0x00000000000004db       0x2c /usr/local/mcuxpressoide-11.2.0_4120/ide/plugins/com.nxp.mcuxpresso.tools.linux_11.2.0.202001021529/tools/bin/../lib/gcc/arm-none-eabi/9.2.1/../../../../arm-none-eabi/lib/thumb/v6-m/nofp/libcr_c.a(fabs.o)
 .ARM.attributes
                0x0000000000000507       0x2c /usr/local/mcuxpressoide-11.2.0_4120/ide/plugins/com.nxp.mcuxpresso.tools.linux_11.2.0.202001021529/tools/bin/../lib/gcc/arm-none-eabi/9.2.1/../../../../arm-none-eabi/lib/thumb/v6-m/nofp/libcr_c.a(initio.o)
 .ARM.attributes
                0x0000000000000533       0x2c /usr/local/mcuxpressoide-11.2.0_4120/ide/plugins/com.nxp.mcuxpresso.tools.linux_11.2.0.202001021529/tools/bin/../lib/gcc/arm-none-eabi/9.2.1/../../../../arm-none-eabi/lib/thumb/v6-m/nofp/libcr_c.a(setvbuf.o)
 .ARM.attributes
                0x000000000000055f       0x2c /usr/local/mcuxpressoide-11.2.0_4120/ide/plugins/com.nxp.mcuxpresso.tools.linux_11.2.0.202001021529/tools/bin/../lib/gcc/arm-none-eabi/9.2.1/../../../../arm-none-eabi/lib/thumb/v6-m/nofp/libcr_c.a(sqrt.o)
 .ARM.attributes
                0x000000000000058b       0x2c /usr/local/mcuxpressoide-11.2.0_4120/ide/plugins/com.nxp.mcuxpresso.tools.linux_11.2.0.202001021529/tools/bin/../lib/gcc/arm-none-eabi/9.2.1/../../../../arm-none-eabi/lib/thumb/v6-m/nofp/libcr_c.a(strlen.o)
 .ARM.attributes
                0x00000000000005b7       0x2c /usr/local/mcuxpressoide-11.2.0_4120/ide/plugins/com.nxp.mcuxpresso.tools.linux_11.2.0.202001021529/tools/bin/../lib/gcc/arm-none-eabi/9.2.1/../../../../arm-none-eabi/lib/thumb/v6-m/nofp/libcr_c.a(_fdopen.o)
 .ARM.attributes
                0x00000000000005e3       0x2c /usr/local/mcuxpressoide-11.2.0_4120/ide/plugins/com.nxp.mcuxpresso.tools.linux_11.2.0.202001021529/tools/bin/../lib/gcc/arm-none-eabi/9.2.1/../../../../arm-none-eabi/lib/thumb/v6-m/nofp/libcr_c.a(atan.o)
 .ARM.attributes
                0x000000000000060f       0x2c /usr/local/mcuxpressoide-11.2.0_4120/ide/plugins/com.nxp.mcuxpresso.tools.linux_11.2.0.202001021529/tools/bin/../lib/gcc/arm-none-eabi/9.2.1/../../../../arm-none-eabi/lib/thumb/v6-m/nofp/libcr_c.a(fclose.o)
 .ARM.attributes
                0x000000000000063b       0x2c /usr/local/mcuxpressoide-11.2.0_4120/ide/plugins/com.nxp.mcuxpresso.tools.linux_11.2.0.202001021529/tools/bin/../lib/gcc/arm-none-eabi/9.2.1/../../../../arm-none-eabi/lib/thumb/v6-m/nofp/libcr_c.a(fflush.o)
 .ARM.attributes
                0x0000000000000667       0x2c /usr/local/mcuxpressoide-11.2.0_4120/ide/plugins/com.nxp.mcuxpresso.tools.linux_11.2.0.202001021529/tools/bin/../lib/gcc/arm-none-eabi/9.2.1/../../../../arm-none-eabi/lib/thumb/v6-m/nofp/libcr_c.a(fseek.o)
 .ARM.attributes
                0x0000000000000693       0x2c /usr/local/mcuxpressoide-11.2.0_4120/ide/plugins/com.nxp.mcuxpresso.tools.linux_11.2.0.202001021529/tools/bin/../lib/gcc/arm-none-eabi/9.2.1/../../../../arm-none-eabi/lib/thumb/v6-m/nofp/libcr_c.a(ftell.o)
 .ARM.attributes
                0x00000000000006bf       0x2c /usr/local/mcuxpressoide-11.2.0_4120/ide/plugins/com.nxp.mcuxpresso.tools.linux_11.2.0.202001021529/tools/bin/../lib/gcc/arm-none-eabi/9.2.1/../../../../arm-none-eabi/lib/thumb/v6-m/nofp/libcr_c.a(remove.o)
 .ARM.attributes
                0x00000000000006eb       0x2c /usr/local/mcuxpressoide-11.2.0_4120/ide/plugins/com.nxp.mcuxpresso.tools.linux_11.2.0.202001021529/tools/bin/../lib/gcc/arm-none-eabi/9.2.1/../../../../arm-none-eabi/lib/thumb/v6-m/nofp/libcr_c.a(_do_fflush.o)
 .ARM.attributes
                0x0000000000000717       0x2c /usr/local/mcuxpressoide-11.2.0_4120/ide/plugins/com.nxp.mcuxpresso.tools.linux_11.2.0.202001021529/tools/bin/../lib/gcc/arm-none-eabi/9.2.1/../../../../arm-none-eabi/lib/thumb/v6-m/nofp/libcr_c.a(_fflush.o)
 .ARM.attributes
                0x0000000000000743       0x2c /usr/local/mcuxpressoide-11.2.0_4120/ide/plugins/com.nxp.mcuxpresso.tools.linux_11.2.0.202001021529/tools/bin/../lib/gcc/arm-none-eabi/9.2.1/../../../../arm-none-eabi/lib/thumb/v6-m/nofp/libcr_c.a(_writebuf.o)
 .ARM.attributes
                0x000000000000076f       0x2c /usr/local/mcuxpressoide-11.2.0_4120/ide/plugins/com.nxp.mcuxpresso.tools.linux_11.2.0.202001021529/tools/bin/../lib/gcc/arm-none-eabi/9.2.1/../../../../arm-none-eabi/lib/thumb/v6-m/nofp/libcr_c.a(alloc.o)
 .ARM.attributes
                0x000000000000079b       0x2c /usr/local/mcuxpressoide-11.2.0_4120/ide/plugins/com.nxp.mcuxpresso.tools.linux_11.2.0.202001021529/tools/bin/../lib/gcc/arm-none-eabi/9.2.1/../../../../arm-none-eabi/lib/thumb/v6-m/nofp/libcr_c.a(_deferredlazyseek.o)
 .ARM.attributes
                0x00000000000007c7       0x1c /usr/local/mcuxpressoide-11.2.0_4120/ide/plugins/com.nxp.mcuxpresso.tools.linux_11.2.0.202001021529/tools/bin/../lib/gcc/arm-none-eabi/9.2.1/thumb/v6-m/nofp/libcr_eabihelpers.a(division_32.o)
 .ARM.attributes
                0x00000000000007e3       0x1c /usr/local/mcuxpressoide-11.2.0_4120/ide/plugins/com.nxp.mcuxpresso.tools.linux_11.2.0.202001021529/tools/bin/../lib/gcc/arm-none-eabi/9.2.1/thumb/v6-m/nofp/libcr_eabihelpers.a(division_idiv0.o)
 .ARM.attributes
                0x00000000000007ff       0x2c /usr/local/mcuxpressoide-11.2.0_4120/ide/plugins/com.nxp.mcuxpresso.tools.linux_11.2.0.202001021529/tools/bin/../lib/gcc/arm-none-eabi/9.2.1/thumb/v6-m/nofp/libcr_eabihelpers.a(double.o)
 .ARM.attributes
                0x000000000000082b       0x2c /usr/local/mcuxpressoide-11.2.0_4120/ide/plugins/com.nxp.mcuxpresso.tools.linux_11.2.0.202001021529/tools/bin/../lib/gcc/arm-none-eabi/9.2.1/thumb/v6-m/nofp/libcr_eabihelpers.a(float.o)
 .ARM.attributes
                0x0000000000000857       0x1c /usr/local/mcuxpressoide-11.2.0_4120/ide/plugins/com.nxp.mcuxpresso.tools.linux_11.2.0.202001021529/tools/bin/../lib/gcc/arm-none-eabi/9.2.1/thumb/v6-m/nofp/libcr_eabihelpers.a(llong.o)
 .ARM.attributes
                0x0000000000000873       0x1c /usr/local/mcuxpressoide-11.2.0_4120/ide/plugins/com.nxp.mcuxpresso.tools.linux_11.2.0.202001021529/tools/bin/../lib/gcc/arm-none-eabi/9.2.1/thumb/v6-m/nofp/libcr_eabihelpers.a(memcpy.o)
 .ARM.attributes
                0x000000000000088f       0x31 /usr/local/mcuxpressoide-11.2.0_4120/ide/plugins/com.nxp.mcuxpresso.tools.linux_11.2.0.202001021529/tools/bin/../lib/gcc/arm-none-eabi/9.2.1/../../../../arm-none-eabi/lib/thumb/v6-m/nofp/libcr_nohost_nf.a(__ciob.o)
 .ARM.attributes
                0x00000000000008c0       0x2c /usr/local/mcuxpressoide-11.2.0_4120/ide/plugins/com.nxp.mcuxpresso.tools.linux_11.2.0.202001021529/tools/bin/../lib/gcc/arm-none-eabi/9.2.1/../../../../arm-none-eabi/lib/thumb/v6-m/nofp/libcr_nohost_nf.a(__sys_close.o)
 .ARM.attributes
                0x00000000000008ec       0x2c /usr/local/mcuxpressoide-11.2.0_4120/ide/plugins/com.nxp.mcuxpresso.tools.linux_11.2.0.202001021529/tools/bin/../lib/gcc/arm-none-eabi/9.2.1/../../../../arm-none-eabi/lib/thumb/v6-m/nofp/libcr_nohost_nf.a(__sys_flen.o)
 .ARM.attributes
                0x0000000000000918       0x2c /usr/local/mcuxpressoide-11.2.0_4120/ide/plugins/com.nxp.mcuxpresso.tools.linux_11.2.0.202001021529/tools/bin/../lib/gcc/arm-none-eabi/9.2.1/../../../../arm-none-eabi/lib/thumb/v6-m/nofp/libcr_nohost_nf.a(__sys_istty.o)
 .ARM.attributes
                0x0000000000000944       0x2c /usr/local/mcuxpressoide-11.2.0_4120/ide/plugins/com.nxp.mcuxpresso.tools.linux_11.2.0.202001021529/tools/bin/../lib/gcc/arm-none-eabi/9.2.1/../../../../arm-none-eabi/lib/thumb/v6-m/nofp/libcr_nohost_nf.a(__sys_remove.o)
 .ARM.attributes
                0x0000000000000970       0x2c /usr/local/mcuxpressoide-11.2.0_4120/ide/plugins/com.nxp.mcuxpresso.tools.linux_11.2.0.202001021529/tools/bin/../lib/gcc/arm-none-eabi/9.2.1/../../../../arm-none-eabi/lib/thumb/v6-m/nofp/libcr_nohost_nf.a(__sys_seek.o)
 .ARM.attributes
                0x000000000000099c       0x2c /usr/local/mcuxpressoide-11.2.0_4120/ide/plugins/com.nxp.mcuxpresso.tools.linux_11.2.0.202001021529/tools/bin/../lib/gcc/arm-none-eabi/9.2.1/../../../../arm-none-eabi/lib/thumb/v6-m/nofp/libcr_nohost_nf.a(__sys_tmpnam.o)
 .ARM.attributes
                0x00000000000009c8       0x2c /usr/local/mcuxpressoide-11.2.0_4120/ide/plugins/com.nxp.mcuxpresso.tools.linux_11.2.0.202001021529/tools/bin/../lib/gcc/arm-none-eabi/9.2.1/../../../../arm-none-eabi/lib/thumb/v6-m/nofp/libcr_nohost_nf.a(__sys_write.o)

.debug_frame    0x0000000000000000     0x1b04
 .debug_frame   0x0000000000000000       0xd8 ./utilities/fsl_debug_console.o
 .debug_frame   0x00000000000000d8      0x3b0 ./startup/startup_mkl25z4.o
 .debug_frame   0x0000000000000488       0x40 ./source/clock.o
 .debug_frame   0x00000000000004c8      0x1cc ./source/i2c.o
 .debug_frame   0x0000000000000694       0x68 ./source/i2carbiter.o
 .debug_frame   0x00000000000006fc       0x28 ./source/init_sensors.o
 .debug_frame   0x0000000000000724       0xcc ./source/led.o
 .debug_frame   0x00000000000007f0       0x44 ./source/main.o
 .debug_frame   0x0000000000000834      0x1bc ./source/mma8451q.o
 .debug_frame   0x00000000000009f0       0x20 ./source/semihost_hardfault.o
 .debug_frame   0x0000000000000a10       0x54 ./source/statemachine.o
 .debug_frame   0x0000000000000a64       0x70 ./source/systick.o
 .debug_frame   0x0000000000000ad4      0x474 ./drivers/fsl_clock.o
 .debug_frame   0x0000000000000f48       0x50 ./drivers/fsl_common.o
 .debug_frame   0x0000000000000f98      0x1a0 ./drivers/fsl_dma.o
 .debug_frame   0x0000000000001138      0x37c ./drivers/fsl_i2c.o
 .debug_frame   0x00000000000014b4      0x288 ./drivers/fsl_lpsci.o
 .debug_frame   0x000000000000173c      0x2bc ./drivers/fsl_uart.o
 .debug_frame   0x00000000000019f8       0x28 ./board/board.o
 .debug_frame   0x0000000000001a20       0x58 ./board/clock_config.o
 .debug_frame   0x0000000000001a78       0x20 ./board/peripherals.o
 .debug_frame   0x0000000000001a98       0x30 ./board/pin_mux.o
 .debug_frame   0x0000000000001ac8       0x3c ./CMSIS/system_MKL25Z4.o

Cross Reference Table

Symbol                                            File
ADC0_DriverIRQHandler                             ./startup/startup_mkl25z4.o
ADC0_IRQHandler                                   ./startup/startup_mkl25z4.o
BOARD_BootClockRUN                                ./board/clock_config.o
BOARD_BootClockVLPR                               ./board/clock_config.o
BOARD_InitBootClocks                              ./board/clock_config.o
                                                  ./source/main.o
BOARD_InitBootPeripherals                         ./board/peripherals.o
                                                  ./source/main.o
BOARD_InitBootPins                                ./board/pin_mux.o
                                                  ./source/main.o
BOARD_InitDebugConsole                            ./board/board.o
                                                  ./source/main.o
BOARD_InitPins                                    ./board/pin_mux.o
CLOCK_BootToBlpeMode                              ./drivers/fsl_clock.o
CLOCK_BootToBlpiMode                              ./drivers/fsl_clock.o
                                                  ./board/clock_config.o
CLOCK_BootToFeeMode                               ./drivers/fsl_clock.o
CLOCK_BootToFeiMode                               ./drivers/fsl_clock.o
CLOCK_BootToPeeMode                               ./drivers/fsl_clock.o
                                                  ./board/clock_config.o
CLOCK_CalcPllDiv                                  ./drivers/fsl_clock.o
CLOCK_ClearStatusFlags                            ./drivers/fsl_clock.o
CLOCK_DeinitOsc0                                  ./drivers/fsl_clock.o
CLOCK_EnablePll0                                  ./drivers/fsl_clock.o
CLOCK_EnableUsbfs0Clock                           ./drivers/fsl_clock.o
CLOCK_ExternalModeToFbeModeQuick                  ./drivers/fsl_clock.o
CLOCK_FllStableDelay                              ./drivers/fsl_clock.o
CLOCK_GetBusClkFreq                               ./drivers/fsl_clock.o
CLOCK_GetCoreSysClkFreq                           ./drivers/fsl_clock.o
CLOCK_GetEr32kClkFreq                             ./drivers/fsl_clock.o
CLOCK_GetFixedFreqClkFreq                         ./drivers/fsl_clock.o
CLOCK_GetFlashClkFreq                             ./drivers/fsl_clock.o
CLOCK_GetFllFreq                                  ./drivers/fsl_clock.o
CLOCK_GetFreq                                     ./drivers/fsl_clock.o
CLOCK_GetInternalRefClkFreq                       ./drivers/fsl_clock.o
CLOCK_GetMode                                     ./drivers/fsl_clock.o
CLOCK_GetOsc0ErClkFreq                            ./drivers/fsl_clock.o
CLOCK_GetOutClkFreq                               ./drivers/fsl_clock.o
CLOCK_GetPlatClkFreq                              ./drivers/fsl_clock.o
CLOCK_GetPll0Freq                                 ./drivers/fsl_clock.o
CLOCK_GetPllFllSelClkFreq                         ./drivers/fsl_clock.o
                                                  ./board/board.o
CLOCK_GetStatusFlags                              ./drivers/fsl_clock.o
CLOCK_InitOsc0                                    ./drivers/fsl_clock.o
                                                  ./board/clock_config.o
CLOCK_InternalModeToFbiModeQuick                  ./drivers/fsl_clock.o
CLOCK_SetBlpeMode                                 ./drivers/fsl_clock.o
CLOCK_SetBlpiMode                                 ./drivers/fsl_clock.o
CLOCK_SetExternalRefClkConfig                     ./drivers/fsl_clock.o
CLOCK_SetFbeMode                                  ./drivers/fsl_clock.o
CLOCK_SetFbiMode                                  ./drivers/fsl_clock.o
CLOCK_SetFeeMode                                  ./drivers/fsl_clock.o
CLOCK_SetFeiMode                                  ./drivers/fsl_clock.o
CLOCK_SetInternalRefClkConfig                     ./drivers/fsl_clock.o
                                                  ./board/clock_config.o
CLOCK_SetMcgConfig                                ./drivers/fsl_clock.o
CLOCK_SetOsc0MonitorMode                          ./drivers/fsl_clock.o
CLOCK_SetPbeMode                                  ./drivers/fsl_clock.o
CLOCK_SetPeeMode                                  ./drivers/fsl_clock.o
CLOCK_SetPll0MonitorMode                          ./drivers/fsl_clock.o
CLOCK_SetSimConfig                                ./drivers/fsl_clock.o
                                                  ./board/clock_config.o
CLOCK_TrimInternalRefClk                          ./drivers/fsl_clock.o
CMP0_DriverIRQHandler                             ./startup/startup_mkl25z4.o
CMP0_IRQHandler                                   ./startup/startup_mkl25z4.o
Control_RGB_LEDs                                  ./source/led.o
                                                  ./source/statemachine.o
DAC0_DriverIRQHandler                             ./startup/startup_mkl25z4.o
DAC0_IRQHandler                                   ./startup/startup_mkl25z4.o
DMA0_DriverIRQHandler                             ./drivers/fsl_dma.o
                                                  ./startup/startup_mkl25z4.o
DMA0_IRQHandler                                   ./startup/startup_mkl25z4.o
DMA1_DriverIRQHandler                             ./drivers/fsl_dma.o
                                                  ./startup/startup_mkl25z4.o
DMA1_IRQHandler                                   ./startup/startup_mkl25z4.o
DMA2_DriverIRQHandler                             ./drivers/fsl_dma.o
                                                  ./startup/startup_mkl25z4.o
DMA2_IRQHandler                                   ./startup/startup_mkl25z4.o
DMA3_DriverIRQHandler                             ./drivers/fsl_dma.o
                                                  ./startup/startup_mkl25z4.o