endian.h:32:21:test_endian	24	static
endian.h:85:24:endianCorrect32	16	static
i2c.h:99:22:I2C_Wait	16	static
i2c.h:113:22:I2C_WaitWhileBusy	8	static
i2c.h:122:22:I2C_SendStart	16	static
i2c.h:249:22:I2C_SendStop	16	static
i2c.h:286:22:I2C_DisableAck	16	static
i2c.h:301:22:I2C_SendBlocking	16	static
i2c.h:311:25:I2C_ReceiveDriving	16	static
i2c.h:322:25:I2C_ReceiveDrivingWithNack	8	static
i2c.h:332:25:I2C_ReceiveAndStop	8	static
hmc5883l.c:31:10:HMC5883L_Identification	16	static
hmc5883l.c:43:6:HMC5883L_ReadData	24	static
hmc5883l.c:91:6:HMC5883L_FetchConfiguration	16	static
hmc5883l.c:110:6:HMC5883L_StoreConfiguration	16	static
hmc5883l.c:132:6:HMC5883L_SetAveraging	16	static
hmc5883l.c:143:6:HMC5883L_SetOutputRate	16	static
hmc5883l.c:154:6:HMC5883L_SetMeasurementMode	16	static
hmc5883l.c:165:6:HMC5883L_SetGain	16	static
hmc5883l.c:175:6:HMC5883L_SetOperatingMode	16	static
