i2c.h:132:22:I2C_Wait	16	static
i2c.h:149:22:I2C_WaitWhileBusy	8	static
i2c.h:161:22:I2C_SendStart	16	static
i2c.h:217:22:I2C_EnterReceiveModeWithAck	16	static
i2c.h:240:22:I2C_EnterReceiveModeWithoutAck	16	static
i2c.h:278:22:I2C_SendRepeatedStart	24	static
i2c.h:306:22:I2C_SendStop	16	static
i2c.h:349:22:I2C_DisableAck	16	static
i2c.h:367:22:I2C_SendBlocking	16	static
i2c.h:423:22:I2C_ReceiverModeDriveClock	16	static
i2c.c:25:6:I2C_Init	24	static
i2c.c:74:6:i2c_init	8	static
i2c.c:101:9:I2C_ReadRegister	16	static
i2c.c:142:13:I2C_ReadRegistersInternal	40	static
i2c.c:206:6:I2C_ReadRegisters	16	static
i2c.c:225:6:I2C_WriteRegister	24	static
i2c.c:254:9:I2C_ModifyRegister	32	static
i2c.c:299:6:I2C_ResetBus	24	static
i2c.c:310:6:I2C_InitiateRegisterReadAt	16	static
i2c.c:329:6:i2c_busy	8	static
i2c.c:379:6:i2c_wait	16	static
i2c.c:390:6:i2c_start	8	static
i2c.c:397:6:i2c_read_setup	16	static
i2c.c:414:9:i2c_repeated_read	24	static
i2c.c:439:9:i2c_read_byte	32	static
i2c.c:469:6:i2c_write_byte	24	static
