i2c.h:135:22:I2C_Wait	16	static
i2c.h:152:22:I2C_WaitWhileBusy	8	static
i2c.h:198:22:I2C_SendStart	16	static
i2c.h:254:22:I2C_EnterReceiveModeWithAck	16	static
i2c.h:277:22:I2C_EnterReceiveModeWithoutAck	16	static
i2c.h:315:22:I2C_SendRepeatedStart	24	static
i2c.h:343:22:I2C_SendStop	16	static
i2c.h:386:22:I2C_DisableAck	16	static
i2c.h:404:22:I2C_SendBlocking	16	static
i2c.h:460:22:I2C_ReceiverModeDriveClock	16	static
i2c.c:26:6:I2C_Init	24	static
i2c.c:77:6:i2c_init	8	static
i2c.c:104:9:I2C_ReadRegister	16	static
i2c.c:145:13:I2C_ReadRegistersInternal	40	static
i2c.c:209:6:I2C_ReadRegisters	16	static
i2c.c:228:6:I2C_WriteRegister	24	static
i2c.c:257:9:I2C_ModifyRegister	32	static
i2c.c:302:6:I2C_ResetBus	24	static
i2c.c:313:6:I2C_InitiateRegisterReadAt	16	static
i2c.c:332:6:i2c_busy	8	static
i2c.c:382:6:i2c_wait	16	static
i2c.c:393:6:i2c_start	8	static
i2c.c:400:6:i2c_read_setup	16	static
i2c.c:417:9:i2c_repeated_read	24	static
i2c.c:442:9:i2c_read_byte	32	static
i2c.c:472:6:i2c_write_byte	24	static
