i2c.c:26:6:I2C_Init	8	static
i2c.c:77:6:i2c_init	0	static
i2c.c:104:9:I2C_ReadRegister	8	static
i2c.c:209:6:I2C_ReadRegisters	32	static
i2c.c:228:6:I2C_WriteRegister	12	static
i2c.c:257:9:I2C_ModifyRegister	20	static
i2c.c:302:6:I2C_ResetBus	0	static
i2c.c:313:6:I2C_InitiateRegisterReadAt	8	static
i2c.c:332:6:i2c_busy	20	static
i2c.c:382:6:i2c_wait	24	static
i2c.c:393:6:i2c_start	0	static
i2c.c:400:6:i2c_read_setup	32	static
i2c.c:417:9:i2c_repeated_read	32	static
i2c.c:442:9:i2c_read_byte	32	static
i2c.c:472:6:i2c_write_byte	32	static
