endian.h:62:23:endianCorrectionRequired	0	static
mma8451q.c:65:6:MMA8451Q_ReadAcceleration14bitNoFifo	16	static
mma8451q.c:96:6:MMA8451Q_SetDataRate	8	static
mma8451q.c:116:9:MMA8451Q_SystemMode	8	static
mma8451q.c:126:9:MMA8451Q_LandscapePortraitConfig	8	static
mma8451q.c:136:6:MMA8451Q_SetOversampling	8	static
mma8451q.c:156:6:MMA8451Q_SetSleepOversampling	8	static
mma8451q.c:177:6:MMA8451Q_SetTransient	8	static
mma8451q.c:204:6:MMA8451Q_SetMotion	8	static
mma8451q.c:235:6:MMA8451Q_SetSensitivity	8	static
mma8451q.c:255:6:MMA8451Q_SetInterruptMode	8	static
mma8451q.c:279:6:MMA8451Q_ConfigureInterrupt	8	static
mma8451q.c:312:6:MMA8451Q_ClearInterruptConfiguration	8	static
mma8451q.c:332:6:MMA8451Q_FetchConfiguration	24	static
mma8451q.c:430:6:MMA8451Q_StoreConfiguration	24	static
mma8451q.c:525:6:convert_xyz_to_roll_pitch	32	static
mma8451q.c:540:6:read_full_xyz	24	static
