endian.h:47:21:test_endian	24	static
endian.h:62:23:endianCorrectionRequired	16	static
i2c.h:135:22:I2C_Wait	16	static
i2c.h:152:22:I2C_WaitWhileBusy	8	static
i2c.h:198:22:I2C_SendStart	16	static
i2c.h:254:22:I2C_EnterReceiveModeWithAck	16	static
i2c.h:315:22:I2C_SendRepeatedStart	24	static
i2c.h:343:22:I2C_SendStop	16	static
i2c.h:386:22:I2C_DisableAck	16	static
i2c.h:404:22:I2C_SendBlocking	16	static
i2c.h:415:25:I2C_ReceiveDriving	16	static
i2c.h:426:25:I2C_ReceiveDrivingWithNack	8	static
i2c.h:436:25:I2C_ReceiveAndStop	8	static
i2c.h:448:25:I2C_ReceiveAndRestart	8	static
i2c.h:460:22:I2C_ReceiverModeDriveClock	16	static
mma8451q.c:65:6:MMA8451Q_ReadAcceleration14bitNoFifo	32	static
mma8451q.c:96:6:MMA8451Q_SetDataRate	24	static
mma8451q.c:116:9:MMA8451Q_SystemMode	8	static
mma8451q.c:126:9:MMA8451Q_LandscapePortraitConfig	8	static
mma8451q.c:136:6:MMA8451Q_SetOversampling	24	static
mma8451q.c:156:6:MMA8451Q_SetSleepOversampling	24	static
mma8451q.c:177:6:MMA8451Q_SetTransient	8	static
mma8451q.c:204:6:MMA8451Q_SetMotion	8	static
mma8451q.c:235:6:MMA8451Q_SetSensitivity	16	static
mma8451q.c:255:6:MMA8451Q_SetInterruptMode	32	static
mma8451q.c:279:6:MMA8451Q_ConfigureInterrupt	24	static
mma8451q.c:312:6:MMA8451Q_ClearInterruptConfiguration	16	static
mma8451q.c:332:6:MMA8451Q_FetchConfiguration	24	static
mma8451q.c:429:6:MMA8451Q_StoreConfiguration	16	static
mma8451q.c:524:6:convert_xyz_to_roll_pitch	56	static
mma8451q.c:539:6:read_full_xyz	48	static
